Starting a Gradle Daemon (subsequent builds will be faster)

> Task :build-conventions:compileJava

> Task :build-conventions:pluginDescriptors
> Task :build-conventions:processResources
> Task :build-conventions:classes
> Task :build-conventions:jar
> Task :build-tools:reaper:compileJava
> Task :build-tools:reaper:processResources NO-SOURCE
> Task :build-tools:reaper:classes
> Task :build-tools:reaper:jar
> Task :build-tools-internal:extractPluginRequests
> Task :build-tools-internal:generatePluginAdapters
> Task :build-tools-internal:pluginDescriptors
> Task :build-tools-internal:processResources

> Task :build-tools:compileJava

> Task :build-tools:compileGroovy NO-SOURCE
> Task :build-tools:generateVersionProperties
> Task :build-tools:pluginDescriptors
> Task :build-tools:processResources
> Task :build-tools:classes
> Task :build-tools:jar

> Task :build-tools-internal:compileJava

> Task :build-tools-internal:compileGroovy NO-SOURCE
> Task :build-tools-internal:compileGroovyPlugins
> Task :build-tools-internal:classes
> Task :build-tools-internal:jar

> Configure project :docs
Gradle is running in offline mode; using local branches.json at [/home/tonyredondo/repos/github/tonyredondo/buildopt/.tools/state/buildopt-product-viability-v1/bo-06-qualified-measurement-2026-09-15/profiles/control/run/r1/N/repo/branches.json] instead of downloading from [https://raw.githubusercontent.com/elastic/elasticsearch/main/branches.json].
=======================================
Elasticsearch Build Hamster says Hello!
  Gradle Version        : 9.7.1
  OS Info               : Linux 7.2.3-arch1-3 (amd64)
  Runtime JDK Version   : 21.0.12+8-LTS (Eclipse Temurin, 21.0.12+8-LTS)
  Runtime java.home     : /home/tonyredondo/repos/github/tonyredondo/buildopt/.tools/toolchains/temurin-jdk-21-e4446ff06a276155
  Gradle JDK Version    : 21.0.12+8-LTS (Eclipse Temurin)
  Gradle java.home      : /home/tonyredondo/repos/github/tonyredondo/buildopt/.tools/toolchains/temurin-jdk-21-e4446ff06a276155
  Random Testing Seed   : 9BAC8D7DE38C9B8A
  In FIPS 140 mode      : false
=======================================

> Task :libs:foreign-library:extractForeignApiJar
> Task :libs:native:extractForeignApiJar
> Task :libs:columnar:extractForeignApiJar
> Task :libs:lucene-store:extractForeignApiJar
> Task :libs:core:extractForeignApiJar
> Task :libs:simdvec:extractForeignApiJar FROM-CACHE
> Task :server:extractForeignApiJar
> Task :libs:cli:processResources NO-SOURCE
> Task :libs:core:processResources NO-SOURCE
> Task :libs:columnar:processResources
> Task :libs:entitlement:asm-provider:processResources
> Task :libs:entitlement:processResources NO-SOURCE
> Task :libs:entitlement:processMain25Resources NO-SOURCE
> Task :libs:exponential-histogram:processResources NO-SOURCE
> Task :libs:entitlement:processMain26Resources NO-SOURCE
> Task :libs:entitlement:processMain27Resources NO-SOURCE
> Task :libs:foreign-adapter:processResources NO-SOURCE
> Task :libs:foreign-library:processResources NO-SOURCE
> Task :libs:foreign-adapter:processMain22Resources NO-SOURCE
> Task :libs:ip-location-api:processResources NO-SOURCE
> Task :libs:lucene-store:processResources NO-SOURCE
> Task :libs:lz4:processResources NO-SOURCE
> Task :libs:native:processResources NO-SOURCE
> Task :libs:plugin-analysis-api:processResources NO-SOURCE
> Task :libs:simdvec:processResources NO-SOURCE
> Task :libs:tdigest:processResources NO-SOURCE
> Task :libs:foreign-library:processor:processResources
> Task :libs:user-agent-api:processResources NO-SOURCE
> Task :libs:x-content:processResources NO-SOURCE
> Task :libs:x-content:impl:processResources
> Task :libs:logging:compileJava
> Task :libs:plugin-api:compileJava
> Task :libs:entitlement:bridge:compileJava
> Task :libs:logging:processResources NO-SOURCE
> Task :libs:logging:classes
> Task :libs:logging:jar
> Task :libs:cli-terminal:compileJava
> Task :libs:plugin-api:processResources NO-SOURCE
> Task :libs:plugin-api:classes
> Task :libs:cli-terminal:processResources NO-SOURCE
> Task :libs:cli-terminal:classes
> Task :server:generateTransportVersionManifest
> Task :libs:plugin-api:jar
> Task :test:framework:extractForeignApiJar FROM-CACHE
> Task :server:generateModulesList
> Task :server:generatePluginsList
> Task :server:processTestResources
> Task :server:processInternalClusterTestResources
> Task :server:copyCheckstyleConf
> Task :libs:grok:compileJava
> Task :libs:grok:processResources
> Task :libs:grok:classes
> Task :libs:grok:jar
> Task :libs:exponential-histogram:processTestResources NO-SOURCE
> Task :libs:ssl-config:processResources NO-SOURCE
> Task :test:framework:processResources
> Task :libs:entitlement:bridge:processResources NO-SOURCE
> Task :libs:entitlement:bridge:classes
> Task :libs:entitlement:bridge:jar
> Task :libs:geo:compileJava
> Task :libs:geo:processResources NO-SOURCE
> Task :libs:geo:classes
> Task :libs:geo:jar
> Task :spotlessInternalRegisterDependencies

> Task :libs:core:compileJava

> Task :libs:dissect:compileJava
> Task :test:logger-usage:compileJava
> Task :libs:cli:compileJava

> Task :libs:foreign-adapter:compileJava

> Task :libs:ip-location-api:compileJava
> Task :libs:foreign-library:compileJava
> Task :client:rest:compileJava

> Task :libs:native:compileJava

> Task :libs:user-agent-api:compileJava
> Task :libs:cli:classes
> Task :libs:x-content:compileJava
> Task :libs:cli:jar
> Task :libs:lz4:compileJava

> Task :test:test-clusters:compileJava

> Task :libs:core:classes
> Task :libs:core:jar
> Task :libs:foreign-adapter:classes

> Task :libs:cli-terminal:compileMain22Java

> Task :libs:cli-terminal:processMain22Resources NO-SOURCE
> Task :libs:cli-terminal:main22Classes
> Task :libs:cli-terminal:jar
> Task :libs:foreign-library:classes
> Task :libs:foreign-library:jar
> Task :libs:ip-location-api:classes
> Task :libs:ip-location-api:jar
> Task :libs:lz4:classes
> Task :libs:lz4:jar
> Task :libs:lucene-store:compileJava
> Task :libs:plugin-analysis-api:compileJava
> Task :libs:lucene-store:classes
> Task :libs:tdigest:compileJava
> Task :libs:plugin-analysis-api:classes
> Task :libs:exponential-histogram:compileJava
> Task :libs:exponential-histogram:classes
> Task :libs:lucene-store:jar
> Task :libs:tdigest:classes
> Task :libs:plugin-analysis-api:jar
> Task :libs:user-agent-api:classes
> Task :libs:exponential-histogram:jar
> Task :libs:tdigest:jar
> Task :libs:user-agent-api:jar
> Task :client:rest:processResources
> Task :client:rest:classes
> Task :client:rest:jar
> Task :test:logger-usage:processResources NO-SOURCE
> Task :test:logger-usage:classes
> Task :test:logger-usage:jar
> Task :libs:foreign-adapter:compileMain22Java
> Task :libs:foreign-adapter:main22Classes
> Task :libs:foreign-adapter:jar
> Task :libs:dissect:processResources NO-SOURCE
> Task :libs:dissect:classes
> Task :libs:dissect:jar
> Task :modules:workload-identity:spi:processResources NO-SOURCE
> Task :x-pack:plugin:core:template-resources:compileJava
> Task :x-pack:plugin:blob-cache:extractForeignApiJar FROM-CACHE
> Task :x-pack:plugin:core:template-resources:processResources
> Task :x-pack:plugin:core:template-resources:classes
> Task :x-pack:plugin:core:template-resources:jar
> Task :x-pack:plugin:encryption:spi:processResources NO-SOURCE

> Task :libs:web-utils:compileJava

> Task :libs:simdvec:compileJava

> Task :libs:arrow:compileJava
> Task :libs:web-utils:processResources NO-SOURCE
> Task :libs:web-utils:classes
> Task :libs:web-utils:jar

> Task :libs:x-content:impl:compileJava

> Task :libs:x-content:impl:classes
> Task :libs:x-content:impl:jar

> Task :libs:entitlement:compileJava

> Task :libs:x-content:generateImplProviderManifest
> Task :libs:h3:compileJava
> Task :libs:entitlement:asm-provider:compileJava
> Task :libs:entitlement:asm-provider:classes
> Task :libs:entitlement:asm-provider:jar
> Task :libs:entitlement:generateAsm-providerProviderManifest

> Task :libs:foreign-library:processor:compileJava

> Task :libs:columnar:compileJava
> Task :libs:entitlement:generateAsm-providerProviderImpl
> Task :libs:ssl-config:compileJava
> Task :libs:entitlement:classes
> Task :libs:columnar:classes
> Task :libs:columnar:jar
> Task :libs:ssl-config:classes
> Task :libs:ssl-config:jar
> Task :libs:x-content:generateImplProviderImpl
> Task :libs:x-content:classes

> Task :x-pack:plugin:esql:stringTemplates

> Task :libs:x-content:jar
> Task :x-pack:plugin:esql:compute:ann:compileJava
> Task :x-pack:plugin:esql:compute:ann:processResources NO-SOURCE
> Task :x-pack:plugin:esql:compute:ann:classes
> Task :x-pack:plugin:esql:compute:ann:jar
> Task :libs:foreign-library:processor:classes
> Task :libs:foreign-library:processor:jar
> Task :x-pack:plugin:esql:compute:stringTemplates
> Task :x-pack:plugin:esql:compute:gen:compileJava
> Task :x-pack:plugin:esql:compute:gen:processResources
> Task :x-pack:plugin:esql:compute:gen:classes
> Task :x-pack:plugin:esql:compute:gen:jar
> Task :libs:arrow:processResources NO-SOURCE
> Task :libs:arrow:classes
> Task :libs:arrow:jar
> Task :libs:h3:processResources NO-SOURCE
> Task :libs:h3:classes
> Task :libs:h3:jar
> Task :libs:swisshash:processResources NO-SOURCE
> Task :x-pack:plugin:esql:compute:processResources NO-SOURCE

> Task :libs:entitlement:compileMain25Java

> Task :libs:workload-identity-aws:processResources NO-SOURCE
> Task :libs:gpu-codec:processResources
> Task :libs:native:processForeignAnnotations

> Task :libs:entitlement:compileMain25Java

> Task :libs:entitlement:main25Classes

> Task :libs:native:augmentForeignModuleInfo

> Task :libs:native:classes
> Task :libs:native:jar

> Task :client:sniffer:compileJava

> Task :client:sniffer:processResources NO-SOURCE
> Task :client:sniffer:classes
> Task :client:sniffer:jar
> Task :x-pack:plugin:otel-data:protobufDummy UP-TO-DATE
> Task :x-pack:plugin:otel-data:extractOtelProtos
> Task :x-pack:plugin:otel-data:extractProto
> Task :x-pack:plugin:prometheus:protobufDummy UP-TO-DATE
> Task :x-pack:plugin:prometheus:extractProto
> Task :x-pack:plugin:searchable-snapshots:extractForeignApiJar FROM-CACHE

> Task :libs:simdvec:processForeignAnnotations

> Task :x-pack:plugin:sql:sql-proto:compileJava

> Task :x-pack:plugin:sql:sql-action:processResources NO-SOURCE
> Task :x-pack:plugin:sql:sql-proto:processResources NO-SOURCE
> Task :x-pack:plugin:sql:sql-proto:classes
> Task :x-pack:plugin:sql:sql-proto:jar
> Task :x-pack:plugin:stateless:extractForeignApiJar FROM-CACHE
> Task :x-pack:extras:plugins:microsoft-graph-authz:kiota-merged:compileJava NO-SOURCE
> Task :x-pack:extras:plugins:microsoft-graph-authz:kiota-merged:processResources NO-SOURCE
> Task :x-pack:extras:plugins:microsoft-graph-authz:kiota-merged:classes UP-TO-DATE
> Task :x-pack:extras:plugins:microsoft-graph-authz:kiota-merged:shadowJar

> Transform kiota-merged-9.6.0-SNAPSHOT.jar (project ':x-pack:extras:plugins:microsoft-graph-authz:kiota-merged') with AzureCoreClassPatcher
Skipping kiota-merged-9.6.0-SNAPSHOT.jar

> Task :x-pack:plugin:deprecation:qa:common:processResources NO-SOURCE

> Task :libs:entitlement:compileMain26Java

> Task :libs:entitlement:main26Classes
> Task :x-pack:libs:es-opensaml-security-api:compileJava
> Task :x-pack:libs:es-opensaml-security-api:processResources
> Task :x-pack:libs:es-opensaml-security-api:classes

> Task :libs:simdvec:augmentForeignModuleInfo

> Task :libs:simdvec:classes
> Task :libs:simdvec:jar
> Task :x-pack:libs:es-opensaml-security-api:shadowJar

> Task :libs:entitlement:compileMain27Java

> Task :libs:entitlement:main27Classes
> Task :libs:entitlement:jar

> Task :server:compileJava

> Task :server:checkstyleInternalClusterTest
> Task :server:checkstyleMain
> Task :server:checkstyleTest

> Task :server:compileJava

> Task :server:generateTestBuildInfo
> Task :server:processResources
> Task :server:classes
> Task :server:dependencyLicenses
> Task :server:filepermissions
> Task :server:forbiddenApisResources
> Task :test:external-modules:test-multi-project:compileJava
> Task :test:external-modules:test-multi-project:generateTestBuildInfo
> Task :modules:mapper-extras:compileJava

> Task :modules:transport-netty4:compileJava

> Task :modules:mapper-extras:generateTestBuildInfo
> Task :modules:mapper-extras:pluginProperties
> Task :test:external-modules:test-multi-project:pluginProperties
> Task :modules:mapper-extras:processResources
> Task :modules:mapper-extras:classes
> Task :test:external-modules:test-multi-project:processResources
> Task :test:external-modules:test-multi-project:classes

> Task :modules:data-streams:compileJava

> Task :test:external-modules:test-multi-project:jar
> Task :modules:mapper-extras:jar

> Task :modules:reindex:compileJava

> Task :modules:data-streams:generateTestBuildInfo
> Task :modules:data-streams:pluginProperties
> Task :modules:data-streams:processResources
> Task :modules:data-streams:classes
> Task :modules:data-streams:jar
> Task :modules:reindex:generateTestBuildInfo
> Task :client:client-benchmark-noop-api-plugin:compileJava
> Task :client:client-benchmark-noop-api-plugin:generateTestBuildInfo
> Task :modules:reindex:pluginProperties
> Task :modules:reindex:processResources
> Task :modules:reindex:classes
> Task :client:client-benchmark-noop-api-plugin:pluginProperties
> Task :client:client-benchmark-noop-api-plugin:processResources
> Task :client:client-benchmark-noop-api-plugin:classes
> Task :modules:reindex:jar
> Task :client:client-benchmark-noop-api-plugin:collectTransportVersionReferences
> Task :modules:lang-painless:spi:compileJava

> Task :modules:bitmap:compileJava

> Task :modules:transport-netty4:generateTestBuildInfo
> Task :modules:transport-netty4:pluginProperties
> Task :modules:transport-netty4:processResources
> Task :modules:transport-netty4:classes

> Task :modules:aggregations:compileJava

> Task :modules:transport-netty4:jar
> Task :modules:aggregations:generateTestBuildInfo
> Task :modules:aggregations:pluginProperties
> Task :modules:aggregations:processResources
> Task :modules:aggregations:classes
> Task :modules:aggregations:collectTransportVersionReferences
> Task :modules:bitmap:generateTestBuildInfo
> Task :modules:bitmap:pluginProperties
> Task :modules:bitmap:processResources
> Task :modules:bitmap:classes
> Task :modules:bitmap:collectTransportVersionReferences
> Task :modules:data-streams:collectTransportVersionReferences
> Task :modules:dot-prefix-validation:compileJava
> Task :modules:dot-prefix-validation:generateTestBuildInfo
> Task :modules:dot-prefix-validation:pluginProperties
> Task :modules:dot-prefix-validation:processResources
> Task :modules:dot-prefix-validation:classes
> Task :modules:dot-prefix-validation:collectTransportVersionReferences

> Task :modules:analysis-common:compileJava

> Task :modules:analysis-common:generateTestBuildInfo
> Task :modules:analysis-common:pluginProperties
> Task :modules:analysis-common:processResources
> Task :modules:analysis-common:classes
> Task :modules:analysis-common:collectTransportVersionReferences
> Task :modules:health-shards-availability:compileJava
> Task :modules:health-shards-availability:generateTestBuildInfo
> Task :modules:health-shards-availability:pluginProperties
> Task :modules:health-shards-availability:processResources
> Task :modules:health-shards-availability:classes
> Task :modules:health-shards-availability:collectTransportVersionReferences
> Task :modules:ingest-common:compileJava
> Task :modules:ingest-common:generateTestBuildInfo
> Task :modules:ingest-common:pluginProperties
> Task :modules:ingest-common:processResources
> Task :modules:ingest-common:classes
> Task :modules:ingest-common:collectTransportVersionReferences

> Task :test:framework:compileJava

> Task :modules:ingest-ip-location:compileJava
> Task :modules:ingest-ip-location:generateTestBuildInfo
> Task :modules:ingest-ip-location:pluginProperties
> Task :modules:ingest-ip-location:processResources
> Task :modules:ingest-ip-location:classes
> Task :modules:ingest-ip-location:collectTransportVersionReferences

> Task :modules:apm:compileJava

> Task :modules:ingest-otel:compileJava
> Task :modules:ingest-otel:generateTestBuildInfo
> Task :modules:ingest-otel:pluginProperties
> Task :modules:ingest-otel:processResources
> Task :modules:ingest-otel:classes
> Task :modules:ingest-otel:collectTransportVersionReferences

> Task :modules:ip-location:compileJava

> Task :modules:ip-location:generateTestBuildInfo
> Task :modules:ip-location:pluginProperties
> Task :modules:ip-location:processResources
> Task :modules:ip-location:classes
> Task :modules:ip-location:collectTransportVersionReferences
> Task :modules:kibana:compileJava
> Task :modules:kibana:generateTestBuildInfo
> Task :modules:kibana:pluginProperties
> Task :modules:kibana:processResources
> Task :modules:kibana:classes
> Task :modules:kibana:collectTransportVersionReferences
> Task :server:forbiddenApisMain

> Task :modules:lang-expression:compileJava

> Task :modules:lang-expression:generateTestBuildInfo
> Task :modules:lang-expression:pluginProperties
> Task :modules:lang-expression:processResources
> Task :modules:lang-expression:classes

> Task :modules:lang-mustache:compileJava

> Task :modules:lang-expression:collectTransportVersionReferences
> Task :modules:lang-mustache:generateTestBuildInfo
> Task :modules:apm:generateTestBuildInfo
> Task :modules:lang-mustache:pluginProperties
> Task :modules:lang-mustache:processResources
> Task :modules:lang-mustache:classes
> Task :modules:apm:pluginProperties
> Task :modules:lang-mustache:collectTransportVersionReferences
> Task :modules:apm:processResources
> Task :modules:apm:classes
> Task :modules:apm:collectTransportVersionReferences
> Task :modules:mapper-extras:collectTransportVersionReferences

> Task :modules:parent-join:compileJava

> Task :modules:parent-join:generateTestBuildInfo
> Task :modules:parent-join:pluginProperties
> Task :modules:parent-join:processResources
> Task :modules:parent-join:classes
> Task :modules:parent-join:collectTransportVersionReferences
> Task :server:forbiddenPatterns

> Task :modules:percolator:compileJava

> Task :modules:percolator:generateTestBuildInfo
> Task :modules:percolator:pluginProperties
> Task :modules:percolator:processResources
> Task :modules:percolator:classes
> Task :modules:percolator:collectTransportVersionReferences

> Task :modules:legacy-geo:compileJava

> Task :modules:legacy-geo:generateTestBuildInfo
> Task :modules:legacy-geo:pluginProperties
> Task :modules:legacy-geo:processResources
> Task :modules:legacy-geo:classes
> Task :modules:legacy-geo:collectTransportVersionReferences
> Task :modules:reindex:collectTransportVersionReferences

> Task :modules:rank-eval:compileJava

> Task :modules:rank-eval:generateTestBuildInfo
> Task :modules:rank-eval:pluginProperties
> Task :modules:rank-eval:processResources
> Task :modules:rank-eval:classes
> Task :modules:rank-eval:collectTransportVersionReferences
> Task :modules:reindex-management:compileJava
> Task :modules:reindex-management:generateTestBuildInfo
> Task :modules:reindex-management:pluginProperties
> Task :modules:reindex-management:processResources
> Task :modules:reindex-management:classes
> Task :modules:reindex-management:collectTransportVersionReferences

> Task :modules:lang-painless:compileJava

> Task :modules:lang-painless:generateTestBuildInfo
> Task :modules:lang-painless:pluginProperties
> Task :modules:lang-painless:processResources
> Task :modules:lang-painless:classes
> Task :modules:lang-painless:collectTransportVersionReferences
> Task :modules:ingest-attachment:compileJava
> Task :modules:ingest-attachment:generateTestBuildInfo
> Task :modules:ingest-attachment:pluginProperties
> Task :modules:ingest-attachment:processResources
> Task :modules:ingest-attachment:classes
> Task :modules:ingest-attachment:collectTransportVersionReferences

> Task :test:framework:compileJava

> Task :server:licenseHeaders
> Task :server:splitPackagesAudit

> Task :modules:repository-gcs:compileJava

> Task :modules:repository-url:compileJava

> Task :modules:repository-url:generateTestBuildInfo
> Task :modules:repository-url:pluginProperties
> Task :modules:repository-url:processResources
> Task :modules:repository-url:classes
> Task :modules:repository-url:collectTransportVersionReferences

> Task :modules:repository-azure:compileJava

> Task :modules:repository-gcs:generateTestBuildInfo
> Task :modules:repository-gcs:pluginProperties
> Task :modules:rest-root:compileJava
> Task :modules:repository-gcs:processResources
> Task :modules:repository-gcs:classes
> Task :modules:rest-root:generateTestBuildInfo
> Task :modules:repository-gcs:collectTransportVersionReferences
> Task :modules:rest-root:pluginProperties
> Task :modules:rest-root:processResources
> Task :modules:rest-root:classes
> Task :modules:rest-root:collectTransportVersionReferences
> Task :modules:runtime-fields-common:compileJava
> Task :modules:runtime-fields-common:generateTestBuildInfo
> Task :modules:runtime-fields-common:pluginProperties
> Task :modules:runtime-fields-common:processResources
> Task :modules:runtime-fields-common:classes
> Task :modules:runtime-fields-common:collectTransportVersionReferences
> Task :modules:streams:compileJava
> Task :modules:streams:generateTestBuildInfo
> Task :modules:streams:pluginProperties
> Task :modules:streams:processResources
> Task :modules:streams:classes
> Task :modules:streams:collectTransportVersionReferences
> Task :modules:transport-netty4:collectTransportVersionReferences
> Task :modules:systemd:compileJava
> Task :modules:systemd:generateTestBuildInfo
> Task :modules:systemd:pluginProperties
> Task :modules:systemd:processResources
> Task :modules:systemd:classes
> Task :modules:systemd:collectTransportVersionReferences

> Task :modules:repository-s3:compileJava

> Task :modules:workload-identity:spi:compileJava
> Task :modules:user-agent:compileJava
> Task :modules:user-agent:generateTestBuildInfo
> Task :modules:user-agent:pluginProperties
> Task :modules:user-agent:processResources
> Task :modules:user-agent:classes
> Task :modules:user-agent:collectTransportVersionReferences
> Task :modules:workload-identity:spi:classes
> Task :modules:workload-identity:spi:jar

> Task :modules:workload-identity:compileJava

> Task :modules:workload-identity:generateTestBuildInfo
> Task :modules:workload-identity:pluginProperties
> Task :modules:workload-identity:processResources
> Task :modules:workload-identity:classes
> Task :modules:workload-identity:collectTransportVersionReferences
> Task :plugins:analysis-kuromoji:compileJava
> Task :plugins:analysis-kuromoji:generateTestBuildInfo
> Task :plugins:analysis-kuromoji:pluginProperties
> Task :plugins:analysis-kuromoji:processResources
> Task :plugins:analysis-kuromoji:classes
> Task :plugins:analysis-kuromoji:collectTransportVersionReferences
> Task :plugins:analysis-nori:compileJava
> Task :plugins:analysis-nori:generateTestBuildInfo
> Task :modules:repository-s3:generateTestBuildInfo
> Task :plugins:analysis-nori:pluginProperties
> Task :plugins:analysis-nori:processResources
> Task :plugins:analysis-nori:classes
> Task :plugins:analysis-nori:collectTransportVersionReferences
> Task :modules:repository-s3:pluginProperties
> Task :modules:repository-s3:processResources
> Task :modules:repository-s3:classes
> Task :modules:repository-s3:collectTransportVersionReferences
> Task :plugins:analysis-phonetic:compileJava
> Task :plugins:analysis-phonetic:generateTestBuildInfo
> Task :plugins:analysis-phonetic:pluginProperties
> Task :plugins:analysis-phonetic:processResources
> Task :plugins:analysis-phonetic:classes
> Task :plugins:analysis-phonetic:collectTransportVersionReferences
> Task :plugins:analysis-smartcn:compileJava

> Task :plugins:analysis-icu:compileJava

> Task :plugins:analysis-smartcn:generateTestBuildInfo
> Task :plugins:analysis-smartcn:pluginProperties
> Task :plugins:analysis-smartcn:processResources
> Task :plugins:analysis-smartcn:classes
> Task :plugins:analysis-smartcn:collectTransportVersionReferences
> Task :plugins:analysis-stempel:compileJava
> Task :plugins:analysis-stempel:generateTestBuildInfo
> Task :plugins:analysis-stempel:pluginProperties
> Task :plugins:analysis-stempel:processResources
> Task :plugins:analysis-stempel:classes
> Task :plugins:analysis-stempel:collectTransportVersionReferences
> Task :plugins:analysis-ukrainian:compileJava
> Task :plugins:analysis-icu:generateTestBuildInfo
> Task :plugins:analysis-icu:pluginProperties
> Task :plugins:analysis-icu:processResources
> Task :plugins:analysis-icu:classes
> Task :plugins:analysis-icu:collectTransportVersionReferences
> Task :plugins:analysis-ukrainian:generateTestBuildInfo
> Task :plugins:analysis-ukrainian:pluginProperties
> Task :plugins:analysis-ukrainian:processResources
> Task :plugins:analysis-ukrainian:classes
> Task :plugins:analysis-ukrainian:collectTransportVersionReferences
> Task :modules:repository-azure:generateTestBuildInfo
> Task :modules:repository-azure:pluginProperties
> Task :modules:repository-azure:processResources
> Task :modules:repository-azure:classes
> Task :modules:repository-azure:collectTransportVersionReferences
> Task :plugins:mapper-annotated-text:compileJava
> Task :test:framework:classes
> Task :plugins:discovery-azure-classic:compileJava
> Task :plugins:discovery-azure-classic:generateTestBuildInfo
> Task :plugins:discovery-azure-classic:pluginProperties
> Task :plugins:discovery-azure-classic:processResources
> Task :plugins:discovery-azure-classic:classes
> Task :plugins:discovery-azure-classic:collectTransportVersionReferences
> Task :plugins:mapper-annotated-text:generateTestBuildInfo
> Task :test:framework:jar
> Task :plugins:mapper-annotated-text:pluginProperties
> Task :plugins:mapper-annotated-text:processResources
> Task :plugins:mapper-annotated-text:classes
> Task :plugins:mapper-annotated-text:collectTransportVersionReferences
> Task :plugins:mapper-murmur3:compileJava

> Task :plugins:discovery-gce:compileJava

> Task :plugins:mapper-murmur3:generateTestBuildInfo
> Task :plugins:mapper-size:compileJava
> Task :plugins:mapper-size:generateTestBuildInfo
> Task :plugins:mapper-murmur3:pluginProperties
> Task :plugins:mapper-size:pluginProperties
> Task :plugins:mapper-murmur3:processResources
> Task :plugins:mapper-murmur3:classes
> Task :plugins:mapper-size:processResources
> Task :plugins:mapper-size:classes
> Task :plugins:mapper-size:collectTransportVersionReferences
> Task :plugins:mapper-murmur3:collectTransportVersionReferences
> Task :libs:exponential-histogram:compileTestJava
> Task :libs:exponential-histogram:testClasses
> Task :libs:exponential-histogram:testJar
> Task :plugins:discovery-gce:generateTestBuildInfo
> Task :plugins:discovery-gce:pluginProperties
> Task :plugins:discovery-gce:processResources
> Task :plugins:discovery-gce:classes
> Task :plugins:discovery-gce:collectTransportVersionReferences
> Task :plugins:store-smb:compileJava
> Task :plugins:store-smb:generateTestBuildInfo
> Task :plugins:store-smb:pluginProperties

> Task :plugins:discovery-ec2:compileJava

> Task :plugins:store-smb:processResources
> Task :plugins:store-smb:classes
> Task :plugins:store-smb:collectTransportVersionReferences
> Task :qa:logging-spi:compileJava
> Task :qa:logging-spi:generateTestBuildInfo
> Task :qa:logging-spi:pluginProperties
> Task :qa:logging-spi:processResources
> Task :qa:logging-spi:classes
> Task :qa:logging-spi:collectTransportVersionReferences
> Task :test:external-modules:test-apm-integration:compileJava
> Task :qa:system-indices:compileJava
> Task :qa:system-indices:generateTestBuildInfo
> Task :test:external-modules:test-apm-integration:generateTestBuildInfo
> Task :qa:system-indices:pluginProperties
> Task :qa:system-indices:processResources
> Task :qa:system-indices:classes
> Task :qa:system-indices:collectTransportVersionReferences
> Task :test:external-modules:test-apm-integration:pluginProperties
> Task :test:external-modules:test-apm-integration:processResources
> Task :test:external-modules:test-apm-integration:classes
> Task :test:external-modules:test-apm-integration:collectTransportVersionReferences
> Task :test:external-modules:test-delayed-aggs:compileJava
> Task :test:external-modules:test-delayed-aggs:generateTestBuildInfo
> Task :test:external-modules:test-delayed-aggs:pluginProperties
> Task :test:external-modules:test-delayed-aggs:processResources
> Task :test:external-modules:test-delayed-aggs:classes
> Task :test:external-modules:test-delayed-aggs:collectTransportVersionReferences
> Task :test:external-modules:test-die-with-dignity:compileJava
> Task :test:external-modules:test-die-with-dignity:generateTestBuildInfo
> Task :test:external-modules:test-die-with-dignity:pluginProperties
> Task :test:external-modules:test-die-with-dignity:processResources
> Task :test:external-modules:test-die-with-dignity:classes
> Task :test:external-modules:test-die-with-dignity:collectTransportVersionReferences
> Task :test:external-modules:test-esql-heap-attack:compileJava
> Task :test:external-modules:test-error-query:compileJava
> Task :test:external-modules:test-esql-heap-attack:generateTestBuildInfo
> Task :test:external-modules:test-error-query:generateTestBuildInfo
> Task :test:external-modules:test-error-query:pluginProperties
> Task :test:external-modules:test-esql-heap-attack:pluginProperties
> Task :test:external-modules:test-error-query:processResources
> Task :test:external-modules:test-error-query:classes
> Task :test:external-modules:test-error-query:collectTransportVersionReferences
> Task :test:external-modules:test-esql-heap-attack:processResources
> Task :test:external-modules:test-esql-heap-attack:classes
> Task :test:external-modules:test-esql-heap-attack:collectTransportVersionReferences
> Task :test:external-modules:test-jvm-crash:compileJava
> Task :test:external-modules:test-multi-project:collectTransportVersionReferences
> Task :test:external-modules:test-jvm-crash:generateTestBuildInfo
> Task :test:external-modules:test-jvm-crash:pluginProperties
> Task :test:external-modules:test-jvm-crash:processResources
> Task :test:external-modules:test-jvm-crash:classes
> Task :test:external-modules:test-jvm-crash:collectTransportVersionReferences
> Task :test:external-modules:test-latency-simulating-directory:compileJava
> Task :test:external-modules:test-latency-simulating-directory:generateTestBuildInfo
> Task :test:external-modules:test-latency-simulating-directory:pluginProperties
> Task :test:external-modules:test-latency-simulating-directory:processResources
> Task :test:external-modules:test-latency-simulating-directory:classes
> Task :test:external-modules:test-latency-simulating-directory:collectTransportVersionReferences
> Task :test:external-modules:test-otel-filter-plugin:compileJava
> Task :test:external-modules:test-otel-filter-plugin:generateTestBuildInfo
> Task :test:external-modules:test-otel-filter-plugin:pluginProperties
> Task :test:external-modules:test-otel-filter-plugin:processResources
> Task :test:external-modules:test-otel-filter-plugin:classes
> Task :test:external-modules:test-otel-filter-plugin:collectTransportVersionReferences
> Task :x-pack:plugin:blob-cache:compileJava
> Task :x-pack:plugin:encryption:spi:compileJava
> Task :x-pack:plugin:encryption:spi:classes
> Task :x-pack:plugin:blob-cache:generateTestBuildInfo
> Task :x-pack:plugin:encryption:spi:jar
> Task :x-pack:plugin:blob-cache:pluginProperties
> Task :x-pack:plugin:blob-cache:processResources
> Task :x-pack:plugin:blob-cache:classes
> Task :modules:lang-mustache:jar
> Task :x-pack:plugin:blob-cache:collectTransportVersionReferences

> Task :plugins:repository-hdfs:compileJava
Patching hadoop-client-api-3.4.1.jar

> Task :libs:swisshash:compileJava
> Task :libs:swisshash:classes

> Task :x-pack:plugin:esql-datasource-netty-commons:compileJava

> Task :libs:swisshash:jar
> Task :x-pack:plugin:esql-datasource-netty-commons:generateTestBuildInfo
> Task :x-pack:plugin:esql-datasource-netty-commons:pluginProperties
> Task :x-pack:plugin:esql-datasource-netty-commons:processResources
> Task :x-pack:plugin:esql-datasource-netty-commons:classes
> Task :x-pack:plugin:esql-datasource-netty-commons:collectTransportVersionReferences
> Task :libs:workload-identity-aws:compileJava
> Task :libs:workload-identity-aws:classes
> Task :libs:workload-identity-aws:jar
> Task :modules:aggregations:jar
> Task :x-pack:plugin:stateless-health-shards-availability:compileJava
> Task :x-pack:plugin:stateless-health-shards-availability:generateTestBuildInfo
> Task :x-pack:plugin:stateless-health-shards-availability:pluginProperties
> Task :x-pack:plugin:stateless-health-shards-availability:processResources
> Task :x-pack:plugin:stateless-health-shards-availability:classes
> Task :x-pack:plugin:stateless-health-shards-availability:collectTransportVersionReferences
> Task :x-pack:plugin:stateless-no-wait-for-active-shards:compileJava
> Task :x-pack:plugin:stateless-no-wait-for-active-shards:generateTestBuildInfo

> Task :libs:gpu-codec:compileJava

> Task :libs:gpu-codec:classes
> Task :libs:gpu-codec:jar
> Task :x-pack:plugin:stateless-no-wait-for-active-shards:pluginProperties
> Task :x-pack:plugin:stateless-no-wait-for-active-shards:processResources
> Task :x-pack:plugin:stateless-no-wait-for-active-shards:classes
> Task :x-pack:plugin:stateless-no-wait-for-active-shards:collectTransportVersionReferences
> Task :x-pack:test:deprecated-query:compileJava
> Task :libs:entitlement:qa:entitled-plugin:compileJava
> Task :x-pack:test:deprecated-query:generateTestBuildInfo
> Task :libs:entitlement:qa:entitled-plugin:generateTestBuildInfo
> Task :libs:entitlement:qa:entitled-plugin:pluginProperties
> Task :x-pack:test:deprecated-query:pluginProperties
> Task :libs:entitlement:qa:entitled-plugin:processResources
> Task :libs:entitlement:qa:entitled-plugin:classes
> Task :x-pack:test:deprecated-query:processResources
> Task :x-pack:test:deprecated-query:classes
> Task :libs:entitlement:qa:entitled-plugin:collectTransportVersionReferences
> Task :x-pack:test:deprecated-query:collectTransportVersionReferences
> Task :x-pack:plugin:encryption:spi:collectTransportVersionReferences
> Task :x-pack:plugin:deprecation:qa:common:compileJava

> Task :libs:entitlement:qa:entitlement-test-plugin:compileJava

> Task :libs:entitlement:qa:entitlement-test-plugin:generateTestBuildInfo
> Task :libs:entitlement:qa:entitlement-test-plugin:pluginProperties
> Task :libs:entitlement:qa:entitlement-test-plugin:processResources
> Task :libs:entitlement:qa:entitlement-test-plugin:classes
> Task :libs:entitlement:qa:entitlement-test-plugin:collectTransportVersionReferences
> Task :x-pack:plugin:deprecation:qa:common:classes
> Task :x-pack:plugin:deprecation:qa:common:jar

> Task :x-pack:plugin:deprecation:qa:deprecation-plugin:compileJava

> Task :x-pack:plugin:deprecation:qa:deprecation-plugin:pluginProperties
> Task :plugins:discovery-ec2:generateTestBuildInfo
> Task :plugins:discovery-ec2:pluginProperties
> Task :plugins:discovery-ec2:processResources
> Task :plugins:discovery-ec2:classes
> Task :plugins:discovery-ec2:collectTransportVersionReferences
> Task :x-pack:plugin:deprecation:qa:early-deprecation-plugin:compileJava
> Task :x-pack:plugin:deprecation:qa:early-deprecation-plugin:generateTestBuildInfo
> Task :x-pack:plugin:deprecation:qa:early-deprecation-plugin:pluginProperties
> Task :x-pack:plugin:deprecation:qa:early-deprecation-plugin:processResources
> Task :x-pack:plugin:deprecation:qa:early-deprecation-plugin:classes
> Task :x-pack:plugin:deprecation:qa:early-deprecation-plugin:collectTransportVersionReferences
> Task :x-pack:plugin:encryption:qa:encryption-spi-extension:compileJava
> Task :x-pack:plugin:encryption:qa:encryption-spi-extension:generateTestBuildInfo
> Task :x-pack:plugin:encryption:qa:encryption-spi-extension:pluginProperties
> Task :x-pack:plugin:encryption:qa:encryption-spi-extension:processResources
> Task :x-pack:plugin:encryption:qa:encryption-spi-extension:classes
> Task :x-pack:plugin:encryption:qa:encryption-spi-extension:collectTransportVersionReferences

> Task :x-pack:plugin:core:compileJava

> Task :x-pack:plugin:apm-data:compileJava
> Task :x-pack:plugin:apm-data:generateTestBuildInfo
> Task :x-pack:plugin:async:compileJava
> Task :x-pack:plugin:apm-data:pluginProperties

> Task :x-pack:plugin:async-search:compileJava

> Task :x-pack:plugin:async:generateTestBuildInfo
> Task :x-pack:plugin:async-search:generateTestBuildInfo
> Task :x-pack:plugin:async:pluginProperties
> Task :x-pack:plugin:async:processResources
> Task :x-pack:plugin:async:classes
> Task :x-pack:plugin:apm-data:processResources
> Task :x-pack:plugin:apm-data:classes
> Task :x-pack:plugin:async:collectTransportVersionReferences
> Task :x-pack:plugin:apm-data:collectTransportVersionReferences
> Task :x-pack:plugin:async-search:pluginProperties
> Task :x-pack:plugin:async-search:processResources
> Task :x-pack:plugin:async-search:classes
> Task :x-pack:plugin:async-search:collectTransportVersionReferences

> Task :x-pack:plugin:autoscaling:compileJava

> Task :x-pack:plugin:core:generateTestBuildInfo
> Task :x-pack:plugin:autoscaling:generateTestBuildInfo
> Task :x-pack:plugin:core:pluginProperties
> Task :x-pack:plugin:autoscaling:pluginProperties
> Task :x-pack:plugin:autoscaling:processResources
> Task :x-pack:plugin:autoscaling:classes
> Task :x-pack:plugin:core:processResources
> Task :x-pack:plugin:autoscaling:collectTransportVersionReferences
> Task :x-pack:plugin:core:classes
> Task :x-pack:plugin:core:collectTransportVersionReferences
> Task :x-pack:plugin:diskbbq:compileJava

> Task :x-pack:plugin:analytics:compileJava

> Task :x-pack:plugin:diskbbq:generateTestBuildInfo
> Task :x-pack:plugin:analytics:generateTestBuildInfo
> Task :x-pack:plugin:diskbbq:pluginProperties
> Task :x-pack:plugin:diskbbq:processResources
> Task :x-pack:plugin:diskbbq:classes
> Task :x-pack:plugin:analytics:pluginProperties
> Task :x-pack:plugin:analytics:processResources
> Task :x-pack:plugin:analytics:classes
> Task :x-pack:plugin:diskbbq:collectTransportVersionReferences

> Task :x-pack:plugin:deprecation:compileJava

> Task :x-pack:plugin:analytics:collectTransportVersionReferences
> Task :x-pack:plugin:deprecation:generateTestBuildInfo
> Task :x-pack:plugin:deprecation:pluginProperties
> Task :x-pack:plugin:deprecation:processResources
> Task :x-pack:plugin:deprecation:classes
> Task :x-pack:plugin:deprecation:collectTransportVersionReferences
> Task :plugins:repository-hdfs:generateTestBuildInfo
> Task :plugins:repository-hdfs:pluginProperties
> Task :plugins:repository-hdfs:processResources
> Task :plugins:repository-hdfs:classes
> Task :plugins:repository-hdfs:collectTransportVersionReferences
> Task :x-pack:plugin:dlm-frozen-transition:compileJava

> Task :x-pack:plugin:ccr:compileJava

> Task :x-pack:plugin:dlm-frozen-transition:generateTestBuildInfo
> Task :x-pack:plugin:ccr:generateTestBuildInfo
> Task :x-pack:plugin:dlm-frozen-transition:pluginProperties
> Task :x-pack:plugin:ccr:pluginProperties
> Task :x-pack:plugin:ccr:processResources
> Task :x-pack:plugin:dlm-frozen-transition:processResources
> Task :x-pack:plugin:ccr:classes
> Task :x-pack:plugin:dlm-frozen-transition:classes
> Task :x-pack:plugin:dlm-frozen-transition:collectTransportVersionReferences
> Task :x-pack:plugin:ccr:collectTransportVersionReferences

> Task :x-pack:plugin:mapper-aggregate-metric:compileJava

> Task :x-pack:plugin:encryption:compileJava
> Task :x-pack:plugin:encryption:generateTestBuildInfo
> Task :x-pack:plugin:search-business-rules:compileJava
> Task :x-pack:plugin:encryption:pluginProperties
> Task :x-pack:plugin:encryption:processResources
> Task :x-pack:plugin:encryption:classes
> Task :x-pack:plugin:encryption:collectTransportVersionReferences

> Task :x-pack:plugin:enrich:compileJava

> Task :x-pack:plugin:kql:compileJava

> Task :x-pack:plugin:mapper-version:compileJava

> Task :x-pack:plugin:enrich:generateTestBuildInfo
> Task :x-pack:plugin:kql:generateTestBuildInfo
> Task :x-pack:plugin:enrich:pluginProperties
> Task :x-pack:plugin:enrich:processResources
> Task :x-pack:plugin:enrich:classes
> Task :x-pack:plugin:enrich:collectTransportVersionReferences
> Task :x-pack:plugin:kql:pluginProperties
> Task :x-pack:plugin:ml-package-loader:compileJava
> Task :x-pack:plugin:kql:processResources
> Task :x-pack:plugin:kql:classes
> Task :x-pack:plugin:kql:jar
> Task :x-pack:plugin:mapper-version:generateTestBuildInfo
> Task :x-pack:plugin:mapper-version:pluginProperties
> Task :x-pack:plugin:mapper-version:processResources
> Task :x-pack:plugin:mapper-version:classes
> Task :x-pack:plugin:mapper-version:jar
> Task :x-pack:plugin:esql-core:compileJava
> Task :x-pack:plugin:esql-core:generateTestBuildInfo
> Task :x-pack:plugin:esql-core:pluginProperties
> Task :x-pack:plugin:esql-core:processResources
> Task :x-pack:plugin:esql-core:classes
> Task :x-pack:plugin:esql-core:collectTransportVersionReferences

> Task :x-pack:plugin:downsample:compileJava

> Task :x-pack:plugin:downsample:generateTestBuildInfo
> Task :x-pack:plugin:frozen-indices:compileJava
> Task :x-pack:plugin:frozen-indices:generateTestBuildInfo
> Task :x-pack:plugin:downsample:pluginProperties
> Task :x-pack:plugin:downsample:processResources
> Task :x-pack:plugin:downsample:classes
> Task :x-pack:plugin:downsample:collectTransportVersionReferences
> Task :x-pack:plugin:frozen-indices:pluginProperties
> Task :x-pack:plugin:frozen-indices:processResources
> Task :x-pack:plugin:frozen-indices:classes
> Task :x-pack:plugin:frozen-indices:collectTransportVersionReferences

> Task :x-pack:plugin:ilm:compileJava

> Task :x-pack:plugin:geoip-enterprise-downloader:compileJava
> Task :x-pack:plugin:geoip-enterprise-downloader:generateTestBuildInfo
> Task :x-pack:plugin:geoip-enterprise-downloader:pluginProperties
> Task :x-pack:plugin:geoip-enterprise-downloader:processResources
> Task :x-pack:plugin:geoip-enterprise-downloader:classes
> Task :x-pack:plugin:geoip-enterprise-downloader:collectTransportVersionReferences
> Task :x-pack:plugin:gpu:compileJava
> Task :x-pack:plugin:gpu:generateTestBuildInfo
> Task :x-pack:plugin:gpu:pluginProperties
> Task :x-pack:plugin:gpu:processResources
> Task :x-pack:plugin:gpu:classes
> Task :x-pack:plugin:gpu:collectTransportVersionReferences

> Task :x-pack:plugin:fleet:compileJava

> Task :x-pack:plugin:graph:compileJava
> Task :x-pack:plugin:fleet:generateTestBuildInfo
> Task :x-pack:plugin:graph:generateTestBuildInfo
> Task :x-pack:plugin:fleet:pluginProperties
> Task :x-pack:plugin:graph:pluginProperties
> Task :x-pack:plugin:graph:processResources
> Task :x-pack:plugin:graph:classes
> Task :x-pack:plugin:fleet:processResources
> Task :x-pack:plugin:fleet:classes
> Task :x-pack:plugin:fleet:collectTransportVersionReferences
> Task :x-pack:plugin:graph:collectTransportVersionReferences
> Task :x-pack:plugin:ilm:generateTestBuildInfo
> Task :x-pack:plugin:ilm:pluginProperties
> Task :x-pack:plugin:ilm:processResources
> Task :x-pack:plugin:ilm:classes
> Task :x-pack:plugin:ilm:collectTransportVersionReferences
> Task :x-pack:plugin:kql:collectTransportVersionReferences

> Task :x-pack:plugin:ent-search:compileJava

> Task :x-pack:plugin:ql:compileJava

> Task :x-pack:plugin:ent-search:generateTestBuildInfo
> Task :x-pack:plugin:ent-search:pluginProperties
> Task :x-pack:plugin:ent-search:processResources
> Task :x-pack:plugin:ent-search:classes
> Task :x-pack:plugin:ent-search:collectTransportVersionReferences
> Task :x-pack:plugin:logsdb:compileJava
> Task :x-pack:plugin:logsdb:generateTestBuildInfo
> Task :x-pack:plugin:logsdb:pluginProperties
> Task :x-pack:plugin:logsdb:processResources
> Task :x-pack:plugin:logsdb:classes
> Task :x-pack:plugin:logsdb:collectTransportVersionReferences
> Task :x-pack:plugin:mapper-aggregate-metric:generateTestBuildInfo
> Task :x-pack:plugin:mapper-aggregate-metric:pluginProperties
> Task :x-pack:plugin:mapper-aggregate-metric:processResources
> Task :x-pack:plugin:mapper-aggregate-metric:classes
> Task :x-pack:plugin:mapper-aggregate-metric:collectTransportVersionReferences

> Task :x-pack:plugin:logstash:compileJava

> Task :x-pack:plugin:logstash:generateTestBuildInfo
> Task :x-pack:plugin:logstash:pluginProperties
> Task :x-pack:plugin:logstash:processResources
> Task :x-pack:plugin:logstash:classes
> Task :x-pack:plugin:logstash:collectTransportVersionReferences
> Task :x-pack:plugin:mapper-constant-keyword:compileJava
> Task :x-pack:plugin:mapper-constant-keyword:generateTestBuildInfo
> Task :x-pack:plugin:mapper-constant-keyword:pluginProperties
> Task :x-pack:plugin:mapper-constant-keyword:processResources
> Task :x-pack:plugin:mapper-constant-keyword:classes
> Task :x-pack:plugin:mapper-constant-keyword:collectTransportVersionReferences
> Task :x-pack:plugin:mapper-counted-keyword:compileJava
> Task :x-pack:plugin:mapper-counted-keyword:generateTestBuildInfo
> Task :x-pack:plugin:mapper-counted-keyword:pluginProperties
> Task :x-pack:plugin:mapper-counted-keyword:processResources
> Task :x-pack:plugin:mapper-counted-keyword:classes
> Task :x-pack:plugin:mapper-counted-keyword:collectTransportVersionReferences
> Task :x-pack:plugin:mapper-version:collectTransportVersionReferences
> Task :x-pack:plugin:mapper-unsigned-long:compileJava
> Task :x-pack:plugin:mapper-unsigned-long:generateTestBuildInfo
> Task :x-pack:plugin:mapper-unsigned-long:pluginProperties
> Task :x-pack:plugin:mapper-unsigned-long:processResources
> Task :x-pack:plugin:mapper-unsigned-long:classes
> Task :x-pack:plugin:mapper-unsigned-long:collectTransportVersionReferences
> Task :x-pack:plugin:ml-package-loader:generateTestBuildInfo
> Task :x-pack:plugin:ml-package-loader:pluginProperties
> Task :x-pack:plugin:ml-package-loader:processResources
> Task :x-pack:plugin:ml-package-loader:classes
> Task :x-pack:plugin:ml-package-loader:collectTransportVersionReferences

> Task :x-pack:plugin:identity-provider:compileJava

> Task :x-pack:plugin:eql:compileJava

> Task :x-pack:plugin:migrate:compileJava

> Task :x-pack:plugin:ml:compileJava

> Task :x-pack:plugin:identity-provider:generateTestBuildInfo
> Task :x-pack:plugin:eql:generateTestBuildInfo
> Task :x-pack:plugin:migrate:generateTestBuildInfo
> Task :x-pack:plugin:migrate:pluginProperties
> Task :x-pack:plugin:identity-provider:pluginProperties
> Task :x-pack:plugin:eql:pluginProperties
> Task :x-pack:plugin:migrate:processResources
> Task :x-pack:plugin:migrate:classes
> Task :x-pack:plugin:eql:processResources
> Task :x-pack:plugin:eql:classes
> Task :x-pack:plugin:identity-provider:processResources
> Task :x-pack:plugin:identity-provider:classes
> Task :x-pack:plugin:migrate:collectTransportVersionReferences
> Task :x-pack:plugin:identity-provider:collectTransportVersionReferences

> Task :x-pack:plugin:monitoring:compileJava

> Task :x-pack:plugin:eql:collectTransportVersionReferences
> Task :x-pack:plugin:monitoring:generateTestBuildInfo
> Task :x-pack:plugin:monitoring:pluginProperties
> Task :x-pack:plugin:monitoring:processResources
> Task :x-pack:plugin:monitoring:classes
> Task :x-pack:plugin:monitoring:collectTransportVersionReferences
> Task :x-pack:plugin:otel-data:extractIncludeProto
> Task :x-pack:plugin:ql:generateTestBuildInfo
> Task :x-pack:plugin:ql:pluginProperties
> Task :x-pack:plugin:ql:processResources
> Task :x-pack:plugin:ql:classes
> Task :x-pack:plugin:ql:collectTransportVersionReferences

> Task :x-pack:plugin:inference:compileJava
[ant:replace] Note: Some input files use or override a deprecated API.
[ant:replace] Note: Recompile with -Xlint:deprecation for details.
[ant:replace] Note: Some input files use or override a deprecated API that is marked for removal.
[ant:replace] Note: Recompile with -Xlint:removal for details.

> Task :x-pack:plugin:rank-rrf:compileJava
[ant:replace] Note: /home/tonyredondo/repos/github/tonyredondo/buildopt/.tools/state/buildopt-product-viability-v1/bo-06-qualified-measurement-2026-09-15/profiles/control/run/r1/N/repo/x-pack/plugin/rank-rrf/src/main/java/org/elasticsearch/xpack/rank/rrf/RRFRankPlugin.java uses or overrides a deprecated API.
[ant:replace] Note: Recompile with -Xlint:deprecation for details.

> Task :x-pack:plugin:otel-data:generateProto
> Task :x-pack:plugin:rank-rrf:generateTestBuildInfo

> Task :x-pack:plugin:profiling:compileJava
[ant:replace] Note: Some input files use or override a deprecated API that is marked for removal.
[ant:replace] Note: Recompile with -Xlint:removal for details.

> Task :x-pack:plugin:rank-rrf:pluginProperties
> Task :x-pack:plugin:rank-rrf:processResources
> Task :x-pack:plugin:rank-rrf:classes
> Task :x-pack:plugin:profiling:generateTestBuildInfo
> Task :x-pack:plugin:rank-rrf:collectTransportVersionReferences
> Task :x-pack:plugin:profiling:pluginProperties
> Task :x-pack:plugin:profiling:processResources
> Task :x-pack:plugin:profiling:classes
> Task :x-pack:plugin:profiling:collectTransportVersionReferences

> Task :x-pack:plugin:old-lucene-versions:compileJava
[ant:replace] Note: Some input files use or override a deprecated API.
[ant:replace] Note: Recompile with -Xlint:deprecation for details.
[ant:replace] Note: /home/tonyredondo/repos/github/tonyredondo/buildopt/.tools/state/buildopt-product-viability-v1/bo-06-qualified-measurement-2026-09-15/profiles/control/run/r1/N/repo/x-pack/plugin/old-lucene-versions/src/main/java/org/elasticsearch/xpack/lucene/bwc/ArchiveUsageTracker.java uses or overrides a deprecated API that is marked for removal.
[ant:replace] Note: Recompile with -Xlint:removal for details.

> Task :x-pack:plugin:old-lucene-versions:generateTestBuildInfo
> Task :x-pack:plugin:old-lucene-versions:pluginProperties
> Task :x-pack:plugin:old-lucene-versions:processResources
> Task :x-pack:plugin:old-lucene-versions:classes
> Task :x-pack:plugin:old-lucene-versions:collectTransportVersionReferences
> Task :x-pack:plugin:rank-vectors:compileJava
> Task :x-pack:plugin:rank-vectors:generateTestBuildInfo
> Task :x-pack:plugin:redact:compileJava
> Task :x-pack:plugin:rank-vectors:pluginProperties
> Task :x-pack:plugin:redact:generateTestBuildInfo
> Task :x-pack:plugin:rank-vectors:processResources
> Task :x-pack:plugin:rank-vectors:classes
> Task :x-pack:plugin:rank-vectors:collectTransportVersionReferences
> Task :x-pack:plugin:redact:pluginProperties
> Task :x-pack:plugin:redact:processResources
> Task :x-pack:plugin:redact:classes
> Task :x-pack:plugin:redact:collectTransportVersionReferences
> Task :x-pack:plugin:search-business-rules:generateTestBuildInfo
> Task :x-pack:plugin:search-business-rules:pluginProperties
> Task :x-pack:plugin:search-business-rules:processResources
> Task :x-pack:plugin:search-business-rules:classes
> Task :x-pack:plugin:search-business-rules:collectTransportVersionReferences
> Task :x-pack:plugin:repositories-metering-api:compileJava
> Task :x-pack:plugin:repositories-metering-api:generateTestBuildInfo
> Task :x-pack:plugin:repositories-metering-api:pluginProperties
> Task :x-pack:plugin:repositories-metering-api:processResources
> Task :x-pack:plugin:repositories-metering-api:classes
> Task :x-pack:plugin:repositories-metering-api:collectTransportVersionReferences

> Task :x-pack:plugin:secure-settings:compileJava

> Task :x-pack:plugin:ml:generateTestBuildInfo
> Task :x-pack:plugin:ml:pluginProperties
> Task :x-pack:plugin:ml:processResources
> Task :x-pack:plugin:ml:classes

> Task :x-pack:plugin:rollup:compileJava

> Task :x-pack:plugin:rollup:generateTestBuildInfo
> Task :x-pack:plugin:rollup:pluginProperties
> Task :x-pack:plugin:rollup:processResources
> Task :x-pack:plugin:rollup:classes
> Task :x-pack:plugin:rollup:collectTransportVersionReferences
> Task :x-pack:plugin:secure-settings:generateTestBuildInfo
> Task :x-pack:plugin:secure-settings:pluginProperties
> Task :x-pack:plugin:secure-settings:processResources
> Task :x-pack:plugin:secure-settings:classes
> Task :x-pack:plugin:ml:collectTransportVersionReferences
> Task :x-pack:plugin:secure-settings:collectTransportVersionReferences

> Task :x-pack:plugin:shutdown:compileJava

> Task :x-pack:plugin:searchable-snapshots:compileJava

> Task :x-pack:plugin:searchable-snapshots:generateTestBuildInfo
> Task :x-pack:plugin:shutdown:generateTestBuildInfo
> Task :x-pack:plugin:searchable-snapshots:pluginProperties
> Task :x-pack:plugin:shutdown:pluginProperties
> Task :x-pack:plugin:searchable-snapshots:processResources
> Task :x-pack:plugin:searchable-snapshots:classes
> Task :x-pack:plugin:shutdown:processResources
> Task :x-pack:plugin:shutdown:classes
> Task :x-pack:plugin:shutdown:collectTransportVersionReferences
> Task :x-pack:plugin:searchable-snapshots:collectTransportVersionReferences
> Task :x-pack:plugin:snapshot-based-recoveries:compileJava
> Task :x-pack:plugin:snapshot-based-recoveries:generateTestBuildInfo
> Task :x-pack:plugin:snapshot-based-recoveries:pluginProperties
> Task :x-pack:plugin:snapshot-based-recoveries:processResources
> Task :x-pack:plugin:snapshot-based-recoveries:classes
> Task :x-pack:plugin:snapshot-based-recoveries:collectTransportVersionReferences

> Task :x-pack:plugin:slm:compileJava

> Task :x-pack:plugin:slm:generateTestBuildInfo
> Task :x-pack:plugin:slm:pluginProperties
> Task :x-pack:plugin:slm:processResources
> Task :x-pack:plugin:slm:classes
> Task :x-pack:plugin:slm:collectTransportVersionReferences

> Task :x-pack:plugin:otel-data:compileJava

> Task :x-pack:plugin:snapshot-repo-test-kit:compileJava

> Task :x-pack:plugin:snapshot-repo-test-kit:generateTestBuildInfo
> Task :x-pack:plugin:snapshot-repo-test-kit:pluginProperties
> Task :x-pack:plugin:snapshot-repo-test-kit:processResources
> Task :x-pack:plugin:snapshot-repo-test-kit:classes
> Task :x-pack:plugin:snapshot-repo-test-kit:collectTransportVersionReferences
> Task :x-pack:plugin:otel-data:generateTestBuildInfo
> Task :x-pack:plugin:otel-data:pluginProperties
> Task :x-pack:plugin:otel-data:processResources
> Task :x-pack:plugin:otel-data:classes
> Task :x-pack:plugin:otel-data:collectTransportVersionReferences
> Task :x-pack:plugin:inference:generateTestBuildInfo
> Task :x-pack:plugin:inference:pluginProperties
> Task :x-pack:plugin:inference:processResources
> Task :x-pack:plugin:inference:classes
> Task :x-pack:plugin:inference:collectTransportVersionReferences
> Task :x-pack:plugin:sql:sql-action:compileJava

> Task :x-pack:plugin:spatial:compileJava

> Task :x-pack:plugin:spatial:generateTestBuildInfo
> Task :x-pack:plugin:spatial:pluginProperties
> Task :x-pack:plugin:spatial:processResources
> Task :x-pack:plugin:spatial:classes
> Task :x-pack:plugin:spatial:collectTransportVersionReferences
> Task :x-pack:plugin:sql:sql-action:classes
> Task :x-pack:plugin:ql:jar
> Task :x-pack:plugin:sql:sql-action:jar
> Task :x-pack:plugin:core:jar

> Task :x-pack:plugin:stack:compileJava

> Task :x-pack:plugin:stack:generateTestBuildInfo
> Task :x-pack:plugin:stack:pluginProperties
> Task :x-pack:plugin:stack:processResources
> Task :x-pack:plugin:stack:classes
> Task :x-pack:plugin:stack:collectTransportVersionReferences
> Task :x-pack:plugin:shutdown:jar
> Task :x-pack:plugin:stateless-sigterm:compileJava
> Task :x-pack:plugin:stateless-sigterm:generateTestBuildInfo
> Task :x-pack:plugin:stateless-sigterm:pluginProperties
> Task :x-pack:plugin:stateless-sigterm:processResources
> Task :x-pack:plugin:stateless-sigterm:classes
> Task :x-pack:plugin:stateless-sigterm:collectTransportVersionReferences
> Task :server:spotlessJava
> Task :x-pack:plugin:text-structure:compileJava
> Task :x-pack:plugin:text-structure:generateTestBuildInfo
> Task :x-pack:plugin:text-structure:pluginProperties
> Task :x-pack:plugin:text-structure:processResources
> Task :x-pack:plugin:text-structure:classes

> Task :x-pack:plugin:security:compileJava

> Task :x-pack:plugin:text-structure:collectTransportVersionReferences

> Task :x-pack:plugin:transform:compileJava

> Task :x-pack:plugin:transform:generateTestBuildInfo
> Task :x-pack:plugin:transform:pluginProperties
> Task :x-pack:plugin:transform:processResources
> Task :x-pack:plugin:transform:classes
> Task :x-pack:plugin:transform:collectTransportVersionReferences

> Task :x-pack:plugin:sql:compileJava

> Task :x-pack:plugin:vector-tile:compileJava
> Task :x-pack:plugin:vector-tile:generateTestBuildInfo
> Task :x-pack:plugin:vector-tile:pluginProperties
> Task :x-pack:plugin:vector-tile:processResources
> Task :x-pack:plugin:vector-tile:classes
> Task :x-pack:plugin:vector-tile:collectTransportVersionReferences

> Task :x-pack:plugin:stateless:compileJava

> Task :x-pack:plugin:voting-only-node:compileJava

> Task :x-pack:plugin:voting-only-node:generateTestBuildInfo
> Task :x-pack:plugin:voting-only-node:pluginProperties
> Task :x-pack:plugin:voting-only-node:processResources
> Task :x-pack:plugin:voting-only-node:classes
> Task :x-pack:plugin:voting-only-node:collectTransportVersionReferences
> Task :x-pack:plugin:wildcard:compileJava
> Task :x-pack:plugin:wildcard:generateTestBuildInfo
> Task :x-pack:plugin:stateless:generateTestBuildInfo
> Task :x-pack:plugin:wildcard:pluginProperties
> Task :x-pack:plugin:stateless:pluginProperties
> Task :x-pack:plugin:wildcard:processResources
> Task :x-pack:plugin:wildcard:classes
> Task :x-pack:plugin:stateless:processResources
> Task :x-pack:plugin:stateless:classes
> Task :x-pack:plugin:wildcard:collectTransportVersionReferences
> Task :x-pack:plugin:stateless:collectTransportVersionReferences
> Task :x-pack:plugin:sql:pluginProperties
> Task :x-pack:plugin:security:generateTestBuildInfo
> Task :x-pack:plugin:security:pluginProperties
> Task :x-pack:plugin:security:processResources
> Task :x-pack:plugin:write-load-forecaster:compileJava
> Task :x-pack:plugin:security:classes
> Task :x-pack:qa:security-example-spi-extension:compileJava
> Task :x-pack:qa:security-implicit-privileges-extension:compileJava
> Task :x-pack:plugin:write-load-forecaster:generateTestBuildInfo
> Task :x-pack:qa:security-example-spi-extension:generateTestBuildInfo
> Task :x-pack:plugin:write-load-forecaster:pluginProperties
> Task :x-pack:qa:security-example-spi-extension:pluginProperties
> Task :x-pack:plugin:write-load-forecaster:processResources
> Task :x-pack:plugin:security:collectTransportVersionReferences
> Task :x-pack:plugin:write-load-forecaster:classes
> Task :x-pack:plugin:write-load-forecaster:collectTransportVersionReferences
> Task :x-pack:qa:security-implicit-privileges-extension:generateTestBuildInfo

> Task :x-pack:plugin:esql:compute:compileJava

> Task :x-pack:qa:security-example-spi-extension:processResources
> Task :x-pack:qa:security-implicit-privileges-extension:pluginProperties
> Task :x-pack:qa:security-example-spi-extension:classes

> Task :x-pack:plugin:watcher:compileJava

> Task :x-pack:plugin:sql:sql-action:collectTransportVersionReferences
> Task :x-pack:qa:security-example-spi-extension:collectTransportVersionReferences
> Task :x-pack:qa:security-implicit-privileges-extension:processResources
> Task :x-pack:qa:security-implicit-privileges-extension:classes
> Task :x-pack:qa:security-implicit-privileges-extension:collectTransportVersionReferences

> Task :x-pack:extras:plugins:microsoft-graph-authz:compileJava
Skipping slf4j-api-2.0.18.jar

> Task :x-pack:plugin:security:qa:operator-privileges-tests:compileJava
> Task :x-pack:plugin:security:qa:operator-privileges-tests:generateTestBuildInfo
> Task :x-pack:plugin:security:qa:operator-privileges-tests:pluginProperties
> Task :x-pack:plugin:security:qa:operator-privileges-tests:processResources
> Task :x-pack:plugin:security:qa:operator-privileges-tests:classes
> Task :x-pack:plugin:security:qa:operator-privileges-tests:collectTransportVersionReferences
> Task :x-pack:plugin:watcher:generateTestBuildInfo
> Task :x-pack:plugin:stateless-master-failover:compileJava
> Task :x-pack:plugin:stateless-master-failover:generateTestBuildInfo
> Task :x-pack:plugin:watcher:pluginProperties
> Task :x-pack:plugin:watcher:processResources
> Task :x-pack:plugin:stateless-master-failover:pluginProperties
> Task :x-pack:plugin:watcher:classes
> Task :x-pack:plugin:stateless-master-failover:processResources
> Task :x-pack:plugin:stateless-master-failover:classes
> Task :x-pack:plugin:stateless-master-failover:collectTransportVersionReferences
> Task :x-pack:plugin:watcher:collectTransportVersionReferences
> Task :x-pack:plugin:security:qa:rcs-extension:compileJava
> Task :x-pack:plugin:security:qa:rcs-extension:generateTestBuildInfo
> Task :x-pack:plugin:security:qa:rcs-extension:pluginProperties
> Task :x-pack:plugin:security:qa:rcs-extension:processResources
> Task :x-pack:plugin:security:qa:rcs-extension:classes
> Task :x-pack:plugin:security:qa:rcs-extension:collectTransportVersionReferences
> Task :x-pack:plugin:security:qa:secondary-auth-actions:compileJava
> Task :x-pack:plugin:security:qa:secondary-auth-actions:generateTestBuildInfo
> Task :x-pack:plugin:security:qa:ssl-extension:compileJava
> Task :x-pack:plugin:security:qa:secondary-auth-actions:pluginProperties
> Task :x-pack:plugin:security:qa:secondary-auth-actions:processResources
> Task :x-pack:plugin:security:qa:secondary-auth-actions:classes
> Task :x-pack:plugin:security:qa:ssl-extension:generateTestBuildInfo
> Task :x-pack:plugin:security:qa:secondary-auth-actions:collectTransportVersionReferences
> Task :x-pack:plugin:security:qa:ssl-extension:pluginProperties
> Task :x-pack:plugin:security:qa:ssl-extension:processResources
> Task :x-pack:plugin:security:qa:ssl-extension:classes
> Task :x-pack:plugin:security:qa:ssl-extension:collectTransportVersionReferences
> Task :x-pack:plugin:security:qa:security-basic:compileJava
> Task :x-pack:plugin:security:qa:security-basic:generateTestBuildInfo
> Task :x-pack:plugin:security:qa:security-basic:pluginProperties
> Task :x-pack:plugin:security:qa:security-basic:processResources
> Task :x-pack:plugin:security:qa:security-basic:classes
> Task :x-pack:plugin:security:qa:security-basic:collectTransportVersionReferences
> Task :x-pack:plugin:inference:qa:test-service-plugin:compileJava
> Task :x-pack:plugin:inference:qa:test-service-plugin:generateTestBuildInfo
> Task :x-pack:plugin:inference:qa:test-service-plugin:pluginProperties
> Task :x-pack:plugin:inference:qa:test-service-plugin:processResources
> Task :x-pack:plugin:inference:qa:test-service-plugin:classes
> Task :x-pack:plugin:inference:qa:test-service-plugin:collectTransportVersionReferences
> Task :x-pack:plugin:esql:compute:classes
> Task :x-pack:plugin:esql:compute:jar

> Task :x-pack:extras:plugins:microsoft-graph-authz:compileJava
Skipping microsoft-graph-core-3.6.6.jar
Skipping azure-identity-1.18.4.jar
Skipping jackson-datatype-jsr310-2.21.6.jar
Skipping jackson-databind-2.21.6.jar
Skipping jackson-core-2.21.6.jar
Skipping jackson-annotations-2.21.jar
Skipping reactive-streams-1.0.4.jar
Skipping reactor-core-3.7.5.jar
Skipping kotlin-stdlib-1.6.20.jar
Skipping okhttp-4.11.0.jar
Skipping azure-core-http-okhttp-1.12.10.jar
Skipping gson-2.10.jar
Skipping lucene-suggest-10.5.1.jar
Skipping lucene-analysis-common-10.5.1.jar
Skipping lucene-backward-codecs-10.5.1.jar
Skipping lucene-queryparser-10.5.1.jar
Skipping lucene-sandbox-10.5.1.jar
Skipping lucene-facet-10.5.1.jar
Skipping lucene-grouping-10.5.1.jar
Skipping lucene-highlighter-10.5.1.jar
Skipping lucene-join-10.5.1.jar
Skipping lucene-memory-10.5.1.jar
Skipping lucene-misc-10.5.1.jar
Skipping lucene-queries-10.5.1.jar
Skipping lucene-core-10.5.1.jar
Skipping log4j-api-2.26.1.jar
Skipping HdrHistogram-2.1.9.jar
Skipping log4j-core-2.26.1.jar
Skipping log4j2-ecs-layout-1.7.0.jar
Skipping ecs-logging-core-1.7.0.jar
Skipping httpclient-4.5.14.jar
Skipping httpcore-4.4.16.jar
Skipping httpcore-nio-4.4.16.jar
Skipping httpasyncclient-4.1.5.jar
Skipping httpclient5-5.6.4.jar
Skipping httpcore5-h2-5.4.3.jar
Skipping httpcore5-5.4.3.jar
Skipping icu4j-77.1.jar
Skipping commons-logging-1.2.jar
Skipping log4j-1.2-api-2.26.1.jar
Skipping commons-codec-1.15.jar
Skipping unboundid-ldapsdk-7.0.3.jar
Skipping lz4-java-1.11.1.jar
Skipping joni-2.2.6.jar
Skipping jcodings-1.0.63.jar
Skipping jopt-simple-5.0.2.jar
Skipping jspecify-1.0.0.jar
Skipping error_prone_annotations-2.38.0.jar
Patching azure-core-1.55.3.jar
Skipping azure-json-1.5.0.jar
Skipping azure-xml-1.2.0.jar
Skipping microsoft-graph-6.65.0.jar

> Task :x-pack:plugin:esql:compute:collectTransportVersionReferences

> Task :x-pack:extras:plugins:microsoft-graph-authz:generateTestBuildInfo
Skipping msal4j-1.19.1.jar
Skipping msal4j-persistence-extension-1.3.0.jar
Skipping jna-5.12.1.jar
Skipping jna-platform-5.12.1.jar
Skipping opentelemetry-api-1.62.0.jar
Skipping opentelemetry-context-1.62.0.jar
Skipping opentelemetry-common-1.62.0.jar
Skipping std-uritemplate-2.0.0.jar
Skipping okio-jvm-3.4.0.jar

> Task :x-pack:extras:plugins:microsoft-graph-authz:pluginProperties
> Task :x-pack:extras:plugins:microsoft-graph-authz:processResources
> Task :x-pack:extras:plugins:microsoft-graph-authz:classes
> Task :x-pack:extras:plugins:microsoft-graph-authz:collectTransportVersionReferences

> Task :x-pack:plugin:esql:compileJava

> Task :x-pack:plugin:esql:pluginProperties
> Task :x-pack:plugin:esql-datasource-gcs:compileJava
> Task :x-pack:plugin:esql-datasource-bzip2:compileJava
> Task :x-pack:plugin:esql-datasource-gcs:generateTestBuildInfo

> Task :x-pack:plugin:esql-datasource-azure:compileJava

> Task :x-pack:plugin:esql-datasource-brotli:compileJava
> Task :x-pack:plugin:esql-datasource-bzip2:generateTestBuildInfo
> Task :x-pack:plugin:esql-datasource-brotli:generateTestBuildInfo
> Task :x-pack:plugin:esql-datasource-compression-libs:compileJava
> Task :x-pack:plugin:esql-datasource-gcs:pluginProperties
> Task :x-pack:plugin:esql-datasource-brotli:pluginProperties
> Task :x-pack:plugin:esql-datasource-bzip2:pluginProperties
> Task :x-pack:plugin:esql-datasource-azure:generateTestBuildInfo
> Task :x-pack:plugin:esql-datasource-brotli:processResources
> Task :x-pack:plugin:esql-datasource-brotli:classes
> Task :x-pack:plugin:esql-datasource-gcs:processResources
> Task :x-pack:plugin:esql-datasource-gcs:classes
> Task :x-pack:plugin:esql-datasource-brotli:collectTransportVersionReferences
> Task :x-pack:plugin:esql-datasource-bzip2:processResources
> Task :x-pack:plugin:esql-datasource-bzip2:classes
> Task :x-pack:plugin:esql-datasource-gcs:collectTransportVersionReferences
> Task :x-pack:plugin:esql-datasource-bzip2:collectTransportVersionReferences
> Task :x-pack:plugin:esql-datasource-csv:compileJava
> Task :x-pack:plugin:esql-datasource-compression-libs:generateTestBuildInfo
> Task :x-pack:plugin:esql-datasource-azure:pluginProperties
> Task :x-pack:plugin:esql-datasource-gzip:compileJava
> Task :x-pack:plugin:esql-datasource-azure:processResources
> Task :x-pack:plugin:esql-datasource-azure:classes
> Task :x-pack:plugin:esql-datasource-csv:generateTestBuildInfo
> Task :x-pack:plugin:esql-datasource-compression-libs:pluginProperties
> Task :x-pack:plugin:esql-datasource-compression-libs:processResources
> Task :x-pack:plugin:esql-datasource-compression-libs:classes
> Task :x-pack:plugin:esql-datasource-azure:collectTransportVersionReferences
> Task :x-pack:plugin:esql-datasource-gzip:generateTestBuildInfo
> Task :x-pack:plugin:esql-datasource-compression-libs:collectTransportVersionReferences
> Task :x-pack:plugin:esql-datasource-csv:pluginProperties
> Task :x-pack:plugin:esql-datasource-csv:processResources
> Task :x-pack:plugin:esql-datasource-csv:classes
> Task :x-pack:plugin:esql-datasource-gzip:pluginProperties
> Task :x-pack:plugin:esql-datasource-gzip:processResources
> Task :x-pack:plugin:esql-datasource-gzip:classes
> Task :x-pack:plugin:esql-datasource-csv:collectTransportVersionReferences
> Task :x-pack:plugin:esql-datasource-gzip:collectTransportVersionReferences

> Task :x-pack:plugin:esql-datasource-grpc:compileJava

> Task :x-pack:plugin:esql-datasource-lz4:compileJava
> Task :x-pack:plugin:esql-datasource-lz4:generateTestBuildInfo
> Task :x-pack:plugin:esql-datasource-lz4:pluginProperties
> Task :x-pack:plugin:esql-datasource-http:compileJava
> Task :x-pack:plugin:esql-datasource-http:generateTestBuildInfo
> Task :x-pack:plugin:esql-datasource-http:pluginProperties
> Task :x-pack:plugin:esql-datasource-http:processResources
> Task :x-pack:plugin:esql-datasource-http:classes
> Task :x-pack:plugin:esql-datasource-http:collectTransportVersionReferences

> Task :x-pack:plugin:esql-datasource-ndjson:compileJava

> Task :x-pack:plugin:esql-datasource-ndjson:generateTestBuildInfo
> Task :x-pack:plugin:esql-datasource-ndjson:pluginProperties
> Task :x-pack:plugin:esql-datasource-ndjson:processResources
> Task :x-pack:plugin:esql-datasource-ndjson:classes
> Task :x-pack:plugin:esql-datasource-ndjson:collectTransportVersionReferences
> Task :x-pack:plugin:esql-datasource-grpc:generateTestBuildInfo
> Task :x-pack:plugin:esql-datasource-grpc:pluginProperties
> Task :x-pack:plugin:esql-datasource-grpc:processResources
> Task :x-pack:plugin:esql-datasource-grpc:classes
> Task :x-pack:plugin:esql-datasource-grpc:collectTransportVersionReferences
> Task :x-pack:plugin:esql-datasource-snappy:compileJava
> Task :x-pack:plugin:esql-datasource-lz4:processResources
> Task :x-pack:plugin:esql-datasource-lz4:classes
> Task :x-pack:plugin:esql-datasource-lz4:collectTransportVersionReferences
> Task :x-pack:plugin:esql-datasource-snappy:generateTestBuildInfo
> Task :x-pack:plugin:esql-datasource-snappy:pluginProperties
> Task :x-pack:plugin:esql-datasource-snappy:processResources
> Task :x-pack:plugin:esql-datasource-snappy:classes
> Task :x-pack:plugin:esql-datasource-snappy:collectTransportVersionReferences
> Task :x-pack:plugin:esql-datasource-zstd:compileJava
> Task :x-pack:plugin:esql-datasource-zstd:generateTestBuildInfo
> Task :x-pack:plugin:esql-datasource-zstd:pluginProperties
> Task :x-pack:plugin:esql-datasource-s3:compileJava
> Task :x-pack:plugin:esql-datasource-zstd:processResources
> Task :x-pack:plugin:esql-datasource-zstd:classes
> Task :x-pack:plugin:esql-datasource-zstd:collectTransportVersionReferences
> Task :x-pack:plugin:esql:function:math:compileJava
> Task :x-pack:plugin:esql-datasource-s3:generateTestBuildInfo
> Task :x-pack:plugin:esql:function:math:generateTestBuildInfo
> Task :x-pack:plugin:esql-datasource-s3:pluginProperties
> Task :x-pack:plugin:esql-datasource-s3:processResources
> Task :x-pack:plugin:esql-datasource-s3:classes
> Task :x-pack:plugin:esql:function:math:pluginProperties
> Task :x-pack:plugin:esql-datasource-s3:collectTransportVersionReferences
> Task :x-pack:plugin:esql:function:math:processResources
> Task :x-pack:plugin:esql:function:math:classes
> Task :x-pack:plugin:esql:function:math:collectTransportVersionReferences

> Task :x-pack:plugin:esql-datasource-orc:compileJava

> Task :x-pack:plugin:esql-datasource-orc:generateTestBuildInfo
> Task :x-pack:plugin:esql-datasource-orc:pluginProperties
> Task :x-pack:plugin:esql-datasource-orc:processResources
> Task :x-pack:plugin:esql-datasource-orc:classes
> Task :x-pack:plugin:esql-datasource-orc:collectTransportVersionReferences

> Task :x-pack:plugin:esql-datasource-iceberg:compileJava

> Task :x-pack:plugin:esql-datasource-parquet:compileJava

> Task :x-pack:plugin:esql-datasource-parquet:generateTestBuildInfo
> Task :x-pack:plugin:esql-datasource-parquet:pluginProperties
> Task :x-pack:plugin:esql-datasource-parquet:processResources
> Task :x-pack:plugin:esql-datasource-parquet:classes
> Task :x-pack:plugin:esql-datasource-parquet:collectTransportVersionReferences
> Task :x-pack:plugin:esql-datasource-iceberg:generateTestBuildInfo
> Task :x-pack:plugin:esql-datasource-iceberg:pluginProperties
> Task :x-pack:plugin:esql-datasource-iceberg:processResources
> Task :x-pack:plugin:esql-datasource-iceberg:classes
> Task :x-pack:plugin:esql-datasource-iceberg:collectTransportVersionReferences
> Task :server:compileTestJava

> Task :server:testClasses

> Task :server:compileInternalClusterTestJava

> Task :server:internalClusterTestClasses
> Task :server:checkstyle
> Task :server:jarHell
> Task :server:spotlessJavaCheck
> Task :server:thirdPartyAuditResources
> Task :server:forbiddenApisInternalClusterTest
> Task :server:internalClusterTestTestingConventions
> Task :server:testTestingConventions
> Task :server:forbiddenApisTest
> Task :server:loggerUsageCheck

> Task :server:thirdPartyAudit

> Task :server:forbiddenApis
> Task :server:testingConventions
> Task :server:validateModule
> Task :server:generatePomFileForElasticPublication
> Task :server:validateElasticPom
> Task :server:validatePom
> Task :server:collectTransportVersionReferences
> Task :server:validateTransportVersionReferences
> Task :server:jar
> Task :x-pack:plugin:deprecation:qa:deprecation-plugin:generateTestBuildInfo
> Task :x-pack:plugin:deprecation:qa:deprecation-plugin:processResources
> Task :x-pack:plugin:deprecation:qa:deprecation-plugin:classes
> Task :x-pack:plugin:deprecation:qa:deprecation-plugin:collectTransportVersionReferences
> Task :x-pack:plugin:sql:generateTestBuildInfo
> Task :x-pack:plugin:sql:processResources
> Task :x-pack:plugin:sql:classes
> Task :x-pack:plugin:sql:collectTransportVersionReferences
> Task :x-pack:plugin:esql:generateTestBuildInfo
> Task :x-pack:plugin:esql:processResources
> Task :x-pack:plugin:esql:classes
> Task :x-pack:plugin:esql:collectTransportVersionReferences
> Task :x-pack:plugin:prometheus:extractIncludeProto
> Task :x-pack:plugin:prometheus:generateProto

> Task :x-pack:plugin:prometheus:compileJava

> Task :x-pack:plugin:prometheus:generateTestBuildInfo
> Task :x-pack:plugin:prometheus:pluginProperties
> Task :x-pack:plugin:prometheus:processResources
> Task :x-pack:plugin:prometheus:classes
> Task :x-pack:plugin:prometheus:collectTransportVersionReferences
> Task :server:validateTransportVersionResources
> Task :server:precommit

[Incubating] Problems report is available at: file:///home/tonyredondo/repos/github/tonyredondo/buildopt/.tools/state/buildopt-product-viability-v1/bo-06-qualified-measurement-2026-09-15/profiles/control/run/r1/N/repo/build/reports/problems/problems-report.html

BUILD SUCCESSFUL in 3m 34s
1045 actionable tasks: 1040 executed, 5 from cache
The build is running offline. A build scan will not be published at this time, but it can be published if you run the 'buildScanPublishPrevious' task in the next build.
