{
  "schemaVersion": "buildopt.poc/profile-proposal/v1",
  "decision": "MEASURE_STRUCTURAL_CANDIDATE",
  "reason": "COMPLETE_STRUCTURAL_REDUCTION",
  "repositoryId": "ktorio/ktor",
  "pipelineClass": "jvm-jar",
  "baseRevision": "bc7de799f4eb997a63250f2f70492d85f5c92f50",
  "targetRevision": "2be6470cf3d898a4d4baa907d58bb5d558506614",
  "originalEntrypoint": "jvmJar",
  "originalEntrypoints": [
    "jvmJar"
  ],
  "changedPaths": [
    "ktor-utils/common/src/io/ktor/util/StringValues.kt"
  ],
  "requiredOutputs": [
    "ktor-http/build/libs/ktor-http-jvm-*.jar",
    "ktor-utils/build/libs/ktor-utils-jvm-*.jar"
  ],
  "globalChangePaths": [
    "build-logic/**",
    "build.gradle",
    "build.gradle.kts",
    "buildSrc/**",
    "gradle.properties",
    "gradle/**",
    "settings.gradle",
    "settings.gradle.kts"
  ],
  "candidateEntrypoints": [
    ":ktor-http:jvmJar",
    ":ktor-utils:jvmJar"
  ],
  "omittedProjects": [
    ":ktor-bom",
    ":ktor-call-id",
    ":ktor-client",
    ":ktor-client-android",
    ":ktor-client-apache",
    ":ktor-client-apache5",
    ":ktor-client-auth",
    ":ktor-client-bom-remover",
    ":ktor-client-call-id",
    ":ktor-client-cio",
    ":ktor-client-content-negotiation",
    ":ktor-client-content-negotiation-tests",
    ":ktor-client-core",
    ":ktor-client-curl",
    ":ktor-client-darwin",
    ":ktor-client-darwin-legacy",
    ":ktor-client-encoding",
    ":ktor-client-gson",
    ":ktor-client-ios",
    ":ktor-client-jackson",
    ":ktor-client-java",
    ":ktor-client-jetty",
    ":ktor-client-jetty-jakarta",
    ":ktor-client-js",
    ":ktor-client-json",
    ":ktor-client-logging",
    ":ktor-client-mock",
    ":ktor-client-okhttp",
    ":ktor-client-resources",
    ":ktor-client-serialization",
    ":ktor-client-test-base",
    ":ktor-client-tests",
    ":ktor-client-webrtc",
    ":ktor-client-websockets",
    ":ktor-client-winhttp",
    ":ktor-compiler-plugin",
    ":ktor-dokka",
    ":ktor-encoding-zstd",
    ":ktor-events",
    ":ktor-htmx",
    ":ktor-htmx-html",
    ":ktor-http-cio",
    ":ktor-java-modules-test",
    ":ktor-network",
    ":ktor-network-tls",
    ":ktor-network-tls-certificates",
    ":ktor-openapi-schema",
    ":ktor-openapi-schema-reflect",
    ":ktor-resources",
    ":ktor-serialization",
    ":ktor-serialization-gson",
    ":ktor-serialization-jackson",
    ":ktor-serialization-jackson3",
    ":ktor-serialization-kotlinx",
    ":ktor-serialization-kotlinx-cbor",
    ":ktor-serialization-kotlinx-json",
    ":ktor-serialization-kotlinx-protobuf",
    ":ktor-serialization-kotlinx-tests",
    ":ktor-serialization-kotlinx-xml",
    ":ktor-serialization-tests",
    ":ktor-server",
    ":ktor-server-auth",
    ":ktor-server-auth-api-key",
    ":ktor-server-auth-jwt",
    ":ktor-server-auth-ldap",
    ":ktor-server-auto-head-response",
    ":ktor-server-body-limit",
    ":ktor-server-caching-headers",
    ":ktor-server-call-id",
    ":ktor-server-call-logging",
    ":ktor-server-cio",
    ":ktor-server-compression",
    ":ktor-server-compression-zstd",
    ":ktor-server-conditional-headers",
    ":ktor-server-config-yaml",
    ":ktor-server-content-negotiation",
    ":ktor-server-core",
    ":ktor-server-cors",
    ":ktor-server-csrf",
    ":ktor-server-data-conversion",
    ":ktor-server-default-headers",
    ":ktor-server-di",
    ":ktor-server-double-receive",
    ":ktor-server-forwarded-header",
    ":ktor-server-freemarker",
    ":ktor-server-host-common",
    ":ktor-server-hsts",
    ":ktor-server-html-builder",
    ":ktor-server-htmx",
    ":ktor-server-http-redirect",
    ":ktor-server-i18n",
    ":ktor-server-jetty",
    ":ktor-server-jetty-jakarta",
    ":ktor-server-jetty-test-http2",
    ":ktor-server-jetty-test-http2-jakarta",
    ":ktor-server-jte",
    ":ktor-server-method-override",
    ":ktor-server-metrics",
    ":ktor-server-metrics-micrometer",
    ":ktor-server-mustache",
    ":ktor-server-netty",
    ":ktor-server-openapi",
    ":ktor-server-partial-content",
    ":ktor-server-pebble",
    ":ktor-server-rate-limit",
    ":ktor-server-request-validation",
    ":ktor-server-resources",
    ":ktor-server-routing-openapi",
    ":ktor-server-servlet",
    ":ktor-server-servlet-jakarta",
    ":ktor-server-sessions",
    ":ktor-server-sse",
    ":ktor-server-status-pages",
    ":ktor-server-swagger",
    ":ktor-server-test-base",
    ":ktor-server-test-host",
    ":ktor-server-test-suites",
    ":ktor-server-tests",
    ":ktor-server-thymeleaf",
    ":ktor-server-tomcat",
    ":ktor-server-tomcat-jakarta",
    ":ktor-server-velocity",
    ":ktor-server-webjars",
    ":ktor-server-websockets",
    ":ktor-sse",
    ":ktor-test-base",
    ":ktor-test-dispatcher",
    ":ktor-version-catalog",
    ":ktor-websocket-serialization",
    ":ktor-websockets"
  ],
  "unknownRelationships": false,
  "analysis": {
    "schemaVersion": "buildopt.poc/opportunity-analysis/v1",
    "decision": "MEASURE_STRUCTURAL_CANDIDATE",
    "reason": "COMPLETE_STRUCTURAL_REDUCTION",
    "subject": {
      "repositoryId": "ktorio/ktor",
      "pipelineClass": "jvm-jar",
      "gradleVersion": "9.5.1"
    },
    "inputs": null,
    "sourceBindings": {
      "manifestDigest": "sha256:3fe1566dbf32df48d4ed689154edd2996d1666c30f8d4a1c5269d05e8c0217c7",
      "graphDigest": "sha256:5ce2186356b7e385c0b9e97d18b2765f72fc07d015689bb64326c9f606075c36",
      "discoveryDigest": "sha256:ac92a6e443d4da8b278b4d31befb0a3204eb5151a16c26ccf320e52a5556fa7a"
    },
    "plan": {
      "alternativeId": "changed-projects",
      "entrypoints": [
        ":ktor-http:jvmJar",
        ":ktor-utils:jvmJar"
      ],
      "fallbackEntrypoints": [
        "jvmJar"
      ],
      "requiredOutputs": [
        "ktor-http/build/libs/ktor-http-jvm-*.jar",
        "ktor-utils/build/libs/ktor-utils-jvm-*.jar"
      ],
      "totalProjectCount": 133,
      "selectedProjectCount": 3,
      "omittedProjectCount": 130,
      "omittedProjectRatio": 0.9774436090225563
    },
    "mechanisms": [
      {
        "name": "BUILD_IMPACT",
        "status": "MEASURE_CANDIDATE",
        "reason": "complete graph exposes a smaller reviewed alternative; direct timing is still required"
      },
      {
        "name": "SHARED_EDGE_CACHE",
        "status": "NOT_AUTHORIZED",
        "reason": "requires independent locality and failure-fallback evidence for this workload"
      },
      {
        "name": "HOT_STATE",
        "status": "NOT_AUTHORIZED",
        "reason": "requires independent end-to-end value evidence for this workload"
      },
      {
        "name": "RUNTIME_TUNING",
        "status": "NOT_AUTHORIZED",
        "reason": "requires independent end-to-end value evidence for this workload"
      },
      {
        "name": "SAFE_CACHE",
        "status": "NOT_AUTHORIZED",
        "reason": "requires independent end-to-end value evidence for this workload"
      },
      {
        "name": "STANDARD_COPY",
        "status": "NOT_AUTHORIZED",
        "reason": "requires exact task-shape and end-to-end value evidence"
      },
      {
        "name": "STANDARD_JAR",
        "status": "NOT_AUTHORIZED",
        "reason": "requires exact task-shape and end-to-end value evidence"
      },
      {
        "name": "TEST_OPTIMIZATION",
        "status": "NOT_AUTHORIZED",
        "reason": "outside BuildOpt scope"
      }
    ],
    "measurementRequired": true,
    "reviewRequired": true,
    "activationAutomatic": false,
    "productionAuthorized": false
  },
  "documents": {
    "outputContract": "buildopt-output-contract.json",
    "manifest": "buildopt-impact-manifest.json",
    "graph": "buildopt-impact-graph.generated.json",
    "generatedManifest": "buildopt-impact.generated.json",
    "fallbackChanges": "buildopt-fallback-changes.txt",
    "proposal": "buildopt-profile-proposal.json"
  },
  "measureCommand": [
    "buildopt",
    "profile",
    "measure",
    "--manifest",
    "buildopt-impact-manifest.json",
    "--graph",
    "buildopt-impact-graph.generated.json",
    "--generated-manifest",
    "buildopt-impact.generated.json",
    "--changes-file",
    "buildopt-changes.txt",
    "--fallback-changes-file",
    "buildopt-fallback-changes.txt",
    "--base-revision",
    "bc7de799f4eb997a63250f2f70492d85f5c92f50",
    "--buildopt-revision",
    "980d0215f09dd49c3dc867cd7c1fb6898b19a019",
    "--evidence-output",
    "buildopt-profile-evidence.json",
    "--target-stability-confirmations",
    "3",
    "--adaptive-candidate-stability"
  ],
  "buildOptRevisionNeeded": false,
  "reviewRequired": true,
  "activationAutomatic": false,
  "productionAuthorized": false,
  "testOptimization": "OUT_OF_SCOPE"
}
