buildopt: explicit Build Impact POC candidate changed-projects selected; this is not production authorization
buildopt: qualified POC profile plan {"schemaVersion":"buildopt.poc/qualified-profile-plan/v4","profileId":"qualified-structural-build-impact","claimScope":"DECLARED_OUTPUTS_ONLY","repositoryId":"apache/kafka","pipelineClass":"checkstyle-main-metadata-source","selectionMode":"POC_CANDIDATE","selectionReason":"EXPLICIT_OWNER_POC_CANDIDATE","alternativeId":"changed-projects","entrypoints":[":clients:checkstyleMain"],"fallbackEntrypoints":["checkstyleMain"],"affectedProjects":[":clients",":clients:clients-integration-tests",":connect:api",":connect:basic-auth-extension",":connect:file",":connect:json",":connect:mirror",":connect:mirror-client",":connect:runtime",":connect:test-plugins",":connect:transforms",":coordinator-common",":core",":examples",":group-coordinator",":group-coordinator:group-coordinator-api",":jmh-benchmarks",":metadata",":raft",":server",":server-common",":share-coordinator",":shell",":storage",":storage:storage-api",":streams",":streams:examples",":streams:integration-tests",":streams:streams-scala",":streams:test-utils",":test-common:test-common-internal-api",":test-common:test-common-runtime",":tools",":tools:tools-api",":transaction-coordinator",":trogdor"],"omittedProjectCount":62,"expectedOutputs":["clients/build/reports/checkstyle/main.html","clients/build/reports/checkstyle/main.xml"],"preservedTestCheckIds":null,"enabledAdapters":[],"disabledMechanisms":["HOT_STATE","RUNTIME_TUNING","SAFE_CACHE","SHARED_EDGE_CACHE","STANDARD_COPY","STANDARD_JAR"],"preconditions":[{"type":"FILE_SHA256","path":"buildopt-impact-manifest.json","sha256":"ccbe348d946bb4a40b55e9205ec92eeedf2fccfed9a71b8ddaa5a0523669280c","status":"SATISFIED"},{"type":"FILE_SHA256","path":"buildopt-impact-graph.generated.json","sha256":"6745a42ef39fc9f5469033d06be696f42fdb64352ad77239913ed9497d29cc99","status":"SATISFIED"},{"type":"FILE_SHA256","path":"buildopt-impact.generated.json","sha256":"b69cdea63c543e7fbcd0dc2f24c02be0071b85b72502237133c416ea83777dfb","status":"SATISFIED"},{"type":"FILE_SHA256","path":"buildopt-output-equivalence.json","sha256":"fef44cfc2b8c6b65077e257f5c7358286702e082903daff2d13391bdebc93586","status":"SATISFIED"}],"qualification":{"schemaVersion":"buildopt.evidence/structural-profile-qualification/v1","sha256":"8cf6885bb050e37081fe04f691941fc9b0ef3eb58838c895897e90d9dd08ad8e","repositoryRevision":"dd90892d8590b6e25b481e62b1a3fe8029acc19e","pairs":8,"meanSavedMs":23703.125,"reductionRatio":0.28439939048167545,"interval95SavedMs":[22642.875,24664.125]},"productionAuthorized":false}
Starting a Gradle Daemon (subsequent builds will be faster)

> Configure project :
Starting build with version 4.3.1 (commit id dd90892d) using Gradle 9.2.1, Java 25 and Scala 2.13.18
Build properties: ignoreFailures=false, maxParallelForks=12, maxScalacThreads=8, maxTestRetries=0

> Task :clients:processResources
> Task :generator:compileJava
> Task :generator:processResources NO-SOURCE
> Task :generator:classes
> Task :generator:jar

> Task :clients:processMessages
MessageGenerator: processed 198 Kafka message JSON file(s).

> Task :clients:compileJava
> Task :clients:classes
> Task :clients:checkstyleMain

[Incubating] Problems report is available at: file://${BUILDOPT_CAPTURE_ROOT}/apache-kafka-checkstyle-metadata-source/repository/build/reports/problems/problems-report.html

Deprecated Gradle features were used in this build, making it incompatible with Gradle 10.

You can use '--warning-mode all' to show the individual deprecation warnings and determine if they come from your own scripts or plugins.

For more on this, please refer to https://docs.gradle.org/9.2.1/userguide/command_line_interface.html#sec:command_line_warnings in the Gradle documentation.

BUILD SUCCESSFUL in 2m 24s
6 actionable tasks: 6 executed
