buildopt: Build Impact POC retained the full graph (PROFILE_PRECONDITION_FAILED)
buildopt: qualified POC profile plan {"schemaVersion":"buildopt.poc/qualified-profile-plan/v4","profileId":"qualified-structural-build-impact","claimScope":"DECLARED_OUTPUTS_ONLY","repositoryId":"apache/kafka","pipelineClass":"checkstyle-main-metadata-source","selectionMode":"FULL_GRAPH","selectionReason":"PROFILE_PRECONDITION_FAILED","entrypoints":["checkstyleMain"],"fallbackEntrypoints":["checkstyleMain"],"affectedProjects":[],"omittedProjectCount":0,"expectedOutputs":["clients/build/reports/checkstyle/main.html","clients/build/reports/checkstyle/main.xml"],"preservedTestCheckIds":null,"enabledAdapters":[],"disabledMechanisms":["HOT_STATE","RUNTIME_TUNING","SAFE_CACHE","SHARED_EDGE_CACHE","STANDARD_COPY","STANDARD_JAR"],"preconditions":[{"type":"FILE_SHA256","path":"buildopt-impact-manifest.json","sha256":"ccbe348d946bb4a40b55e9205ec92eeedf2fccfed9a71b8ddaa5a0523669280c","status":"FAILED"},{"type":"FILE_SHA256","path":"buildopt-impact-graph.generated.json","sha256":"6745a42ef39fc9f5469033d06be696f42fdb64352ad77239913ed9497d29cc99","status":"SATISFIED"},{"type":"FILE_SHA256","path":"buildopt-impact.generated.json","sha256":"b69cdea63c543e7fbcd0dc2f24c02be0071b85b72502237133c416ea83777dfb","status":"SATISFIED"},{"type":"FILE_SHA256","path":"buildopt-output-equivalence.json","sha256":"fef44cfc2b8c6b65077e257f5c7358286702e082903daff2d13391bdebc93586","status":"SATISFIED"}],"qualification":{"schemaVersion":"buildopt.evidence/structural-profile-qualification/v1","sha256":"8cf6885bb050e37081fe04f691941fc9b0ef3eb58838c895897e90d9dd08ad8e","repositoryRevision":"dd90892d8590b6e25b481e62b1a3fe8029acc19e","pairs":8,"meanSavedMs":23703.125,"reductionRatio":0.28439939048167545,"interval95SavedMs":[22642.875,24664.125]},"productionAuthorized":false}

> Configure project :
Starting build with version 4.3.1 (commit id dd90892d) using Gradle 9.2.1, Java 25 and Scala 2.13.18
Build properties: ignoreFailures=false, maxParallelForks=12, maxScalacThreads=8, maxTestRetries=0

> Task :jmh-benchmarks:processResources NO-SOURCE
> Task :connect:compileJava NO-SOURCE
> Task :examples:processResources NO-SOURCE
> Task :server-common:processResources NO-SOURCE
> Task :core:processResources NO-SOURCE
> Task :coordinator-common:processResources NO-SOURCE
> Task :connect:processResources NO-SOURCE
> Task :connect:classes UP-TO-DATE
> Task :server:processResources NO-SOURCE
> Task :connect:checkstyleMain NO-SOURCE
> Task :shell:processResources NO-SOURCE
> Task :raft:processResources
> Task :server-common:processTestResources
> Task :coordinator-common:processTestResources
> Task :tools:processResources NO-SOURCE
> Task :test-common:compileJava NO-SOURCE
> Task :streams:processResources
> Task :raft:processTestResources
> Task :trogdor:processResources NO-SOURCE
> Task :test-common:processResources NO-SOURCE
> Task :test-common:classes UP-TO-DATE
> Task :share-coordinator:processResources
> Task :storage:processResources
> Task :clients:clients-integration-tests:processResources NO-SOURCE
> Task :transaction-coordinator:processResources
> Task :test-common:checkstyleMain NO-SOURCE
> Task :connect:mirror-client:processResources NO-SOURCE
> Task :connect:file:processResources
> Task :connect:basic-auth-extension:processResources
> Task :connect:json:processResources
> Task :connect:api:processResources
> Task :group-coordinator:group-coordinator-api:processResources NO-SOURCE
> Task :storage:storage-api:processResources NO-SOURCE
> Task :connect:mirror:processResources
> Task :connect:transforms:processResources
> Task :connect:test-plugins:processResources
> Task :connect:runtime:processResources
> Task :streams:examples:processResources NO-SOURCE
> Task :streams:streams-scala:processResources NO-SOURCE
> Task :metadata:processResources
> Task :streams:test-utils:processResources NO-SOURCE
> Task :streams:upgrade-system-tests-0110:compileJava NO-SOURCE
> Task :streams:upgrade-system-tests-10:compileJava NO-SOURCE
> Task :streams:integration-tests:compileJava NO-SOURCE
> Task :streams:upgrade-system-tests-11:compileJava NO-SOURCE
> Task :streams:upgrade-system-tests-0110:processResources NO-SOURCE
> Task :streams:upgrade-system-tests-11:processResources NO-SOURCE
> Task :streams:upgrade-system-tests-20:compileJava NO-SOURCE
> Task :streams:integration-tests:compileScala NO-SOURCE
> Task :streams:upgrade-system-tests-0110:classes UP-TO-DATE
> Task :streams:upgrade-system-tests-11:classes UP-TO-DATE
> Task :streams:upgrade-system-tests-22:compileJava NO-SOURCE
> Task :streams:upgrade-system-tests-10:processResources NO-SOURCE
> Task :metadata:processTestResources
> Task :streams:upgrade-system-tests-20:processResources NO-SOURCE
> Task :streams:upgrade-system-tests-20:classes UP-TO-DATE
> Task :streams:upgrade-system-tests-21:compileJava NO-SOURCE
> Task :streams:upgrade-system-tests-0110:checkstyleMain NO-SOURCE
> Task :streams:integration-tests:processResources NO-SOURCE
> Task :streams:integration-tests:classes UP-TO-DATE
> Task :streams:upgrade-system-tests-22:processResources NO-SOURCE
> Task :streams:upgrade-system-tests-10:classes UP-TO-DATE
> Task :streams:upgrade-system-tests-22:classes UP-TO-DATE
> Task :streams:upgrade-system-tests-11:checkstyleMain NO-SOURCE
> Task :streams:upgrade-system-tests-23:compileJava NO-SOURCE
> Task :streams:upgrade-system-tests-20:checkstyleMain NO-SOURCE
> Task :streams:upgrade-system-tests-21:processResources NO-SOURCE
> Task :streams:upgrade-system-tests-21:classes UP-TO-DATE
> Task :group-coordinator:processResources
> Task :streams:upgrade-system-tests-23:processResources NO-SOURCE
> Task :streams:upgrade-system-tests-23:classes UP-TO-DATE
> Task :streams:integration-tests:checkstyleMain NO-SOURCE
> Task :streams:upgrade-system-tests-22:checkstyleMain NO-SOURCE
> Task :streams:upgrade-system-tests-10:checkstyleMain NO-SOURCE
> Task :streams:upgrade-system-tests-23:checkstyleMain NO-SOURCE
> Task :streams:upgrade-system-tests-26:compileJava NO-SOURCE
> Task :streams:upgrade-system-tests-24:compileJava NO-SOURCE
> Task :streams:upgrade-system-tests-27:compileJava NO-SOURCE
> Task :streams:upgrade-system-tests-21:checkstyleMain NO-SOURCE
> Task :streams:upgrade-system-tests-30:compileJava NO-SOURCE
> Task :streams:upgrade-system-tests-26:processResources NO-SOURCE
> Task :streams:upgrade-system-tests-26:classes UP-TO-DATE
> Task :streams:upgrade-system-tests-31:compileJava NO-SOURCE
> Task :streams:upgrade-system-tests-27:processResources NO-SOURCE
> Task :streams:upgrade-system-tests-27:classes UP-TO-DATE
> Task :streams:upgrade-system-tests-30:processResources NO-SOURCE
> Task :streams:upgrade-system-tests-26:checkstyleMain NO-SOURCE
> Task :streams:upgrade-system-tests-33:compileJava NO-SOURCE
> Task :streams:upgrade-system-tests-28:compileJava NO-SOURCE
> Task :streams:upgrade-system-tests-32:compileJava NO-SOURCE
> Task :streams:upgrade-system-tests-24:processResources NO-SOURCE
> Task :streams:upgrade-system-tests-30:classes UP-TO-DATE
> Task :streams:upgrade-system-tests-31:processResources NO-SOURCE
> Task :streams:upgrade-system-tests-33:processResources NO-SOURCE
> Task :streams:upgrade-system-tests-31:classes UP-TO-DATE
> Task :streams:upgrade-system-tests-24:classes UP-TO-DATE
> Task :streams:upgrade-system-tests-27:checkstyleMain NO-SOURCE
> Task :streams:upgrade-system-tests-32:processResources NO-SOURCE
> Task :streams:upgrade-system-tests-30:checkstyleMain NO-SOURCE
> Task :streams:upgrade-system-tests-24:checkstyleMain NO-SOURCE
> Task :streams:upgrade-system-tests-28:processResources NO-SOURCE
> Task :streams:upgrade-system-tests-34:compileJava NO-SOURCE
> Task :streams:upgrade-system-tests-33:classes UP-TO-DATE
> Task :streams:upgrade-system-tests-31:checkstyleMain NO-SOURCE
> Task :streams:upgrade-system-tests-32:classes UP-TO-DATE
> Task :streams:upgrade-system-tests-34:processResources NO-SOURCE
> Task :streams:upgrade-system-tests-28:classes UP-TO-DATE
> Task :streams:upgrade-system-tests-33:checkstyleMain NO-SOURCE
> Task :streams:upgrade-system-tests-34:classes UP-TO-DATE
> Task :streams:upgrade-system-tests-37:compileJava NO-SOURCE
> Task :streams:upgrade-system-tests-36:compileJava NO-SOURCE
> Task :streams:upgrade-system-tests-32:checkstyleMain NO-SOURCE
> Task :streams:upgrade-system-tests-35:compileJava NO-SOURCE
> Task :streams:upgrade-system-tests-37:processResources NO-SOURCE
> Task :streams:upgrade-system-tests-28:checkstyleMain NO-SOURCE
> Task :streams:upgrade-system-tests-36:processResources NO-SOURCE
> Task :streams:upgrade-system-tests-36:classes UP-TO-DATE
> Task :streams:upgrade-system-tests-35:processResources NO-SOURCE
> Task :streams:upgrade-system-tests-34:checkstyleMain NO-SOURCE
> Task :streams:upgrade-system-tests-35:classes UP-TO-DATE
> Task :streams:upgrade-system-tests-38:compileJava NO-SOURCE
> Task :streams:upgrade-system-tests-37:classes UP-TO-DATE
> Task :streams:upgrade-system-tests-39:compileJava NO-SOURCE
> Task :streams:upgrade-system-tests-40:compileJava NO-SOURCE
> Task :streams:upgrade-system-tests-35:checkstyleMain NO-SOURCE
> Task :streams:upgrade-system-tests-41:compileJava NO-SOURCE
> Task :streams:upgrade-system-tests-36:checkstyleMain NO-SOURCE
> Task :streams:upgrade-system-tests-38:processResources NO-SOURCE
> Task :streams:upgrade-system-tests-39:processResources NO-SOURCE
> Task :streams:upgrade-system-tests-40:processResources NO-SOURCE
> Task :streams:upgrade-system-tests-39:classes UP-TO-DATE
> Task :streams:upgrade-system-tests-37:checkstyleMain NO-SOURCE
> Task :test-common:test-common-internal-api:processResources NO-SOURCE
> Task :streams:upgrade-system-tests-41:processResources NO-SOURCE
> Task :tools:tools-api:processResources NO-SOURCE
> Task :streams:upgrade-system-tests-38:classes UP-TO-DATE
> Task :streams:upgrade-system-tests-40:classes UP-TO-DATE
> Task :streams:upgrade-system-tests-41:classes UP-TO-DATE
> Task :streams:upgrade-system-tests-39:checkstyleMain NO-SOURCE
> Task :streams:upgrade-system-tests-25:compileJava NO-SOURCE
> Task :clients:processResources
> Task :streams:upgrade-system-tests-38:checkstyleMain NO-SOURCE
> Task :test-common:test-common-runtime:processResources
> Task :streams:upgrade-system-tests-41:checkstyleMain NO-SOURCE
> Task :streams:upgrade-system-tests-40:checkstyleMain NO-SOURCE
> Task :streams:upgrade-system-tests-25:processResources NO-SOURCE
> Task :streams:upgrade-system-tests-25:classes UP-TO-DATE
> Task :streams:upgrade-system-tests-25:checkstyleMain NO-SOURCE
> Task :clients:createVersionFile
> Task :generator:compileJava FROM-CACHE
> Task :generator:processResources NO-SOURCE
> Task :generator:classes UP-TO-DATE
> Task :clients:processTestResources
> Task :generator:jar
> Task :clients:processMessages FROM-CACHE
> Task :test-common:test-common-util:compileJava
> Task :test-common:test-common-util:processResources
> Task :test-common:test-common-util:classes

> Task :share-coordinator:processMessages
MessageGenerator: processed 4 Kafka message JSON file(s).

> Task :raft:processMessages
MessageGenerator: processed 1 Kafka message JSON file(s).

> Task :storage:processMessages
MessageGenerator: processed 5 Kafka message JSON file(s).

> Task :transaction-coordinator:processMessages
MessageGenerator: processed 2 Kafka message JSON file(s).

> Task :streams:processMessages
MessageGenerator: processed 1 Kafka message JSON file(s).

> Task :metadata:processMessages
MessageGenerator: processed 26 Kafka message JSON file(s).

> Task :group-coordinator:processMessages
MessageGenerator: processed 44 Kafka message JSON file(s).

> Task :clients:compileJava FROM-CACHE
> Task :clients:classes
> Task :clients:checkstyleMain FROM-CACHE

> Task :clients:processTestMessages
MessageGenerator: processed 5 Kafka message JSON file(s).

> Task :tools:tools-api:compileJava
> Task :tools:tools-api:classes
> Task :group-coordinator:group-coordinator-api:compileJava
> Task :group-coordinator:group-coordinator-api:classes
> Task :connect:mirror-client:compileJava
> Task :connect:mirror-client:classes
> Task :examples:compileJava
> Task :examples:classes
> Task :connect:api:compileJava
> Task :connect:api:classes
> Task :server-common:compileJava
> Task :connect:basic-auth-extension:compileJava
> Task :server-common:classes
> Task :storage:storage-api:compileJava
> Task :connect:json:compileJava
> Task :connect:basic-auth-extension:classes
> Task :connect:transforms:compileJava
> Task :test-common:test-common-util:checkstyleMain
> Task :connect:file:compileJava
> Task :connect:file:classes
> Task :storage:compileJava
> Task :generator:checkstyleMain
> Task :storage:classes
> Task :connect:file:checkstyleMain
> Task :connect:json:classes
> Task :connect:json:checkstyleMain
> Task :connect:test-plugins:compileJava
> Task :connect:test-plugins:classes
> Task :raft:compileJava
> Task :connect:test-plugins:checkstyleMain
> Task :raft:classes
> Task :group-coordinator:group-coordinator-api:checkstyleMain
> Task :connect:transforms:classes
> Task :clients:compileTestJava
> Task :tools:tools-api:checkstyleMain
> Task :storage:storage-api:classes
> Task :connect:mirror-client:checkstyleMain
> Task :examples:checkstyleMain
> Task :test-common:test-common-internal-api:compileJava
> Task :test-common:test-common-internal-api:classes
> Task :connect:api:checkstyleMain
> Task :metadata:compileJava
> Task :server-common:checkstyleMain
> Task :connect:basic-auth-extension:checkstyleMain
> Task :connect:runtime:compileJava
> Task :metadata:classes
> Task :connect:transforms:checkstyleMain
> Task :test-common:test-common-internal-api:checkstyleMain
> Task :storage:storage-api:checkstyleMain
> Task :coordinator-common:compileJava
> Task :coordinator-common:classes
> Task :raft:checkstyleMain
> Task :connect:runtime:classes
> Task :transaction-coordinator:compileJava
> Task :transaction-coordinator:classes
> Task :share-coordinator:compileJava
> Task :share-coordinator:classes
> Task :storage:checkstyleMain
> Task :connect:mirror:compileJava
> Task :connect:mirror:classes
> Task :transaction-coordinator:checkstyleMain
> Task :coordinator-common:checkstyleMain
> Task :connect:mirror:checkstyleMain
> Task :group-coordinator:compileJava
> Task :group-coordinator:classes
> Task :clients:clients-integration-tests:compileJava NO-SOURCE
> Task :clients:clients-integration-tests:classes UP-TO-DATE
> Task :clients:clients-integration-tests:checkstyleMain NO-SOURCE
> Task :share-coordinator:checkstyleMain
> Task :trogdor:compileJava
> Task :trogdor:classes
> Task :server:compileJava
> Task :server:classes
> Task :core:compileJava NO-SOURCE
> Task :metadata:checkstyleMain
> Task :tools:compileJava
> Task :tools:classes
> Task :trogdor:checkstyleMain
> Task :connect:runtime:checkstyleMain
> Task :server:checkstyleMain

> Task :clients:compileTestJava
Note: Some input files use or override a deprecated API.
Note: Recompile with -Xlint:deprecation for details.

> Task :group-coordinator:checkstyleMain
> Task :core:compileScala
> Task :tools:checkstyleMain
WARNING: A terminally deprecated method in sun.misc.Unsafe has been called
WARNING: sun.misc.Unsafe::arrayBaseOffset has been called by net.openhft.hashing.UnsafeAccess (file:${BUILDOPT_CAPTURE_ROOT}/apache-kafka-checkstyle-metadata-source/gradle-home/caches/modules-2/files-2.1/net.openhft/zero-allocation-hashing/0.16/ca252f328160ed5d027f100a4fe525d6d21daaf/zero-allocation-hashing-0.16.jar)
WARNING: Please consider reporting this to the maintainers of class net.openhft.hashing.UnsafeAccess
WARNING: sun.misc.Unsafe::arrayBaseOffset will be removed in a future release
> Task :clients:shadowJar
> Task :clients:testClasses
> Task :server-common:compileTestJava
> Task :server-common:testClasses
> Task :coordinator-common:compileTestJava
> Task :coordinator-common:testClasses
> Task :raft:compileTestJava
> Task :raft:testClasses
> Task :metadata:compileTestJava
> Task :metadata:testClasses
> Task :streams:compileJava
> Task :streams:classes
> Task :streams:streams-scala:compileJava NO-SOURCE
> Task :streams:examples:compileJava
> Task :streams:examples:classes
> Task :streams:test-utils:compileJava
> Task :streams:test-utils:classes
WARNING: A terminally deprecated method in sun.misc.Unsafe has been called
WARNING: sun.misc.Unsafe::arrayBaseOffset has been called by net.openhft.hashing.UnsafeAccess (file:${BUILDOPT_CAPTURE_ROOT}/apache-kafka-checkstyle-metadata-source/gradle-home/caches/modules-2/files-2.1/net.openhft/zero-allocation-hashing/0.16/ca252f328160ed5d027f100a4fe525d6d21daaf/zero-allocation-hashing-0.16.jar)
WARNING: Please consider reporting this to the maintainers of class net.openhft.hashing.UnsafeAccess
WARNING: sun.misc.Unsafe::arrayBaseOffset will be removed in a future release
> Task :streams:test-utils:checkstyleMain
> Task :streams:examples:checkstyleMain
> Task :streams:checkstyleMain
> Task :streams:streams-scala:compileScala
> Task :streams:streams-scala:classes
> Task :streams:streams-scala:checkstyleMain NO-SOURCE
> Task :core:classes
> Task :shell:compileJava
> Task :shell:classes
> Task :test-common:test-common-runtime:compileJava
> Task :test-common:test-common-runtime:classes
> Task :core:checkstyleMain
> Task :shell:checkstyleMain
> Task :test-common:test-common-runtime:checkstyleMain
> Task :jmh-benchmarks:compileJava
> Task :jmh-benchmarks:classes
> Task :jmh-benchmarks:checkstyleMain

[Incubating] Problems report is available at: file://${BUILDOPT_CAPTURE_ROOT}/apache-kafka-checkstyle-metadata-source/repository/build/reports/problems/problems-report.html

Deprecated Gradle features were used in this build, making it incompatible with Gradle 10.

You can use '--warning-mode all' to show the individual deprecation warnings and determine if they come from your own scripts or plugins.

For more on this, please refer to https://docs.gradle.org/9.2.1/userguide/command_line_interface.html#sec:command_line_warnings in the Gradle documentation.

BUILD SUCCESSFUL in 3m 10s
111 actionable tasks: 107 executed, 4 from cache
