buildopt: exact structural proposal replay 5ec8b61f5dd417317eed3cd010a0611b7dd25d3593189dc7e093c9db676ca830
{
  "schemaVersion": "buildopt.poc/profile-proposal/v1",
  "decision": "MEASURE_STRUCTURAL_CANDIDATE",
  "reason": "COMPLETE_STRUCTURAL_REDUCTION",
  "repositoryId": "apache/kafka",
  "pipelineClass": "checkstyle-main-client-utils-source",
  "baseRevision": "26b251a451ce941d3d7a55e6487bcb7f16b5ad48",
  "targetRevision": "69e4650c3ac2ec0338ef51475ef750e97a467b51",
  "originalEntrypoint": "checkstyleMain",
  "originalEntrypoints": [
    "checkstyleMain"
  ],
  "changedPaths": [
    "clients/src/main/java/org/apache/kafka/clients/ClientUtils.java"
  ],
  "requiredOutputs": [
    "clients/build/reports/checkstyle/main.html",
    "clients/build/reports/checkstyle/main.xml"
  ],
  "globalChangePaths": [
    "build-logic/**",
    "build.gradle",
    "build.gradle.kts",
    "buildSrc/**",
    "gradle.properties",
    "gradle/**",
    "settings.gradle",
    "settings.gradle.kts"
  ],
  "candidateEntrypoints": [
    ":clients:checkstyleMain"
  ],
  "omittedProjects": [
    ":clients:clients-integration-tests",
    ":connect",
    ":connect:api",
    ":connect:basic-auth-extension",
    ":connect:file",
    ":connect:json",
    ":connect:mirror",
    ":connect:mirror-client",
    ":connect:runtime",
    ":connect:test-plugins",
    ":connect:transforms",
    ":coordinator-common",
    ":core",
    ":examples",
    ":group-coordinator",
    ":group-coordinator:group-coordinator-api",
    ":jmh-benchmarks",
    ":metadata",
    ":raft",
    ":server",
    ":server-common",
    ":share-coordinator",
    ":shell",
    ":storage",
    ":storage:storage-api",
    ":streams",
    ":streams:examples",
    ":streams:integration-tests",
    ":streams:streams-scala",
    ":streams:test-utils",
    ":streams:upgrade-system-tests-0110",
    ":streams:upgrade-system-tests-10",
    ":streams:upgrade-system-tests-11",
    ":streams:upgrade-system-tests-20",
    ":streams:upgrade-system-tests-21",
    ":streams:upgrade-system-tests-22",
    ":streams:upgrade-system-tests-23",
    ":streams:upgrade-system-tests-24",
    ":streams:upgrade-system-tests-25",
    ":streams:upgrade-system-tests-26",
    ":streams:upgrade-system-tests-27",
    ":streams:upgrade-system-tests-28",
    ":streams:upgrade-system-tests-30",
    ":streams:upgrade-system-tests-31",
    ":streams:upgrade-system-tests-32",
    ":streams:upgrade-system-tests-33",
    ":streams:upgrade-system-tests-34",
    ":streams:upgrade-system-tests-35",
    ":streams:upgrade-system-tests-36",
    ":streams:upgrade-system-tests-37",
    ":streams:upgrade-system-tests-38",
    ":streams:upgrade-system-tests-39",
    ":streams:upgrade-system-tests-40",
    ":streams:upgrade-system-tests-41",
    ":test-common",
    ":test-common:test-common-internal-api",
    ":test-common:test-common-runtime",
    ":test-common:test-common-util",
    ":tools",
    ":tools:tools-api",
    ":transaction-coordinator",
    ":trogdor"
  ],
  "unknownRelationships": false,
  "analysis": {
    "schemaVersion": "buildopt.poc/opportunity-analysis/v1",
    "decision": "MEASURE_STRUCTURAL_CANDIDATE",
    "reason": "COMPLETE_STRUCTURAL_REDUCTION",
    "subject": {
      "repositoryId": "apache/kafka",
      "pipelineClass": "checkstyle-main-client-utils-source",
      "gradleVersion": "9.2.1"
    },
    "inputs": null,
    "sourceBindings": {
      "manifestDigest": "sha256:56e28c63abe341aa8f26b4089de363333992430c0c25a41723b1759362beb2cc",
      "graphDigest": "sha256:5aa071b340cef4074ad2910d6b2d5f496e8c03e1fcdbdb87bec04c0340d5e37d",
      "discoveryDigest": "sha256:3d474f0d470f0d1c9f51b47dd2a58d9be6602c8746d452be5b559c7c9d1b95f9"
    },
    "plan": {
      "alternativeId": "changed-projects",
      "entrypoints": [
        ":clients:checkstyleMain"
      ],
      "fallbackEntrypoints": [
        "checkstyleMain"
      ],
      "requiredOutputs": [
        "clients/build/reports/checkstyle/main.html",
        "clients/build/reports/checkstyle/main.xml"
      ],
      "totalProjectCount": 64,
      "selectedProjectCount": 2,
      "omittedProjectCount": 62,
      "omittedProjectRatio": 0.96875
    },
    "mechanisms": [
      {
        "name": "BUILD_IMPACT",
        "status": "MEASURE_CANDIDATE",
        "reason": "complete graph exposes a smaller reviewed alternative; direct timing is still required"
      },
      {
        "name": "SHARED_EDGE_CACHE",
        "status": "NOT_AUTHORIZED",
        "reason": "requires independent locality and failure-fallback evidence for this workload"
      },
      {
        "name": "HOT_STATE",
        "status": "NOT_AUTHORIZED",
        "reason": "requires independent end-to-end value evidence for this workload"
      },
      {
        "name": "RUNTIME_TUNING",
        "status": "NOT_AUTHORIZED",
        "reason": "requires independent end-to-end value evidence for this workload"
      },
      {
        "name": "SAFE_CACHE",
        "status": "NOT_AUTHORIZED",
        "reason": "requires independent end-to-end value evidence for this workload"
      },
      {
        "name": "STANDARD_COPY",
        "status": "NOT_AUTHORIZED",
        "reason": "requires exact task-shape and end-to-end value evidence"
      },
      {
        "name": "STANDARD_JAR",
        "status": "NOT_AUTHORIZED",
        "reason": "requires exact task-shape and end-to-end value evidence"
      },
      {
        "name": "TEST_OPTIMIZATION",
        "status": "NOT_AUTHORIZED",
        "reason": "outside BuildOpt scope"
      }
    ],
    "measurementRequired": true,
    "reviewRequired": true,
    "activationAutomatic": false,
    "productionAuthorized": false
  },
  "documents": {
    "outputContract": "buildopt-output-contract.json",
    "manifest": "buildopt-impact-manifest.json",
    "graph": "buildopt-impact-graph.generated.json",
    "generatedManifest": "buildopt-impact.generated.json",
    "fallbackChanges": "buildopt-fallback-changes.txt",
    "proposal": "buildopt-profile-proposal.json"
  },
  "measureCommand": [
    "buildopt",
    "profile",
    "measure",
    "--manifest",
    "buildopt-impact-manifest.json",
    "--graph",
    "buildopt-impact-graph.generated.json",
    "--generated-manifest",
    "buildopt-impact.generated.json",
    "--changes-file",
    "buildopt-changes.txt",
    "--fallback-changes-file",
    "buildopt-fallback-changes.txt",
    "--base-revision",
    "26b251a451ce941d3d7a55e6487bcb7f16b5ad48",
    "--buildopt-revision",
    "66ea4c1ca52da03a7839a0cd35fc6c7907fc9315",
    "--evidence-output",
    "buildopt-profile-evidence.json",
    "--target-stability-confirmations",
    "3",
    "--adaptive-candidate-stability",
    "--output-equivalence",
    "buildopt-output-equivalence.json"
  ],
  "buildOptRevisionNeeded": false,
  "reviewRequired": true,
  "activationAutomatic": false,
  "productionAuthorized": false,
  "testOptimization": "OUT_OF_SCOPE",
  "outputEquivalence": "buildopt-output-equivalence.json",
  "outputEquivalenceSha256": "fef44cfc2b8c6b65077e257f5c7358286702e082903daff2d13391bdebc93586"
}
