Picked up JAVA_TOOL_OPTIONS: -Dfile.encoding=UTF-8 -Duser.home="/home/tonyredondo/repos/github/tonyredondo/buildopt/.tools/state/buildopt-product-viability-v1/bo-06-quiet-measurement-2026-09-15/profiles/prefix/run/r1/N/home" -Dmaven.repo.local="/home/tonyredondo/repos/github/tonyredondo/buildopt/.tools/state/buildopt-product-viability-v1/bo-06-quiet-measurement-2026-09-15/profiles/prefix/run/r1/N/home/.m2/repository"
Note: PluginProcessor: writing plugin descriptor for 13 Log4j Plugins to `META-INF/org/apache/logging/log4j/core/config/plugins/Log4j2Plugins.dat`.
Note: Some input files use or override a deprecated API.
Note: Recompile with -Xlint:deprecation for details.
Note: Some input files use or override a deprecated API that is marked for removal.
Note: Recompile with -Xlint:removal for details.
Note: Some input files use or override a deprecated API.
Note: Recompile with -Xlint:deprecation for details.
Note: Some input files use or override a deprecated API.
Note: Recompile with -Xlint:deprecation for details.
Note: Some input files use or override a deprecated API.
Note: Recompile with -Xlint:deprecation for details.
Note: /home/tonyredondo/repos/github/tonyredondo/buildopt/.tools/state/buildopt-product-viability-v1/bo-06-quiet-measurement-2026-09-15/profiles/prefix/run/r1/N/repo/modules/bitmap/src/main/java/org/elasticsearch/index/query/bitmapterms/BitmapTermsQueryBuilder.java uses or overrides a deprecated API.
Note: Recompile with -Xlint:deprecation for details.
Note: Some input files use or override a deprecated API.
Note: Recompile with -Xlint:deprecation for details.
Note: Some input files use or override a deprecated API.
Note: Recompile with -Xlint:deprecation for details.
Note: /home/tonyredondo/repos/github/tonyredondo/buildopt/.tools/state/buildopt-product-viability-v1/bo-06-quiet-measurement-2026-09-15/profiles/prefix/run/r1/N/repo/modules/ip-location/src/main/java/org/elasticsearch/ingest/geoip/HttpClient.java uses or overrides a deprecated API.
Note: Recompile with -Xlint:deprecation for details.
Note: PluginProcessor: writing plugin descriptor for 1 Log4j Plugins to `META-INF/org/apache/logging/log4j/core/config/plugins/Log4j2Plugins.dat`.
Note: Some input files use or override a deprecated API.
Note: Recompile with -Xlint:deprecation for details.
Note: /home/tonyredondo/repos/github/tonyredondo/buildopt/.tools/state/buildopt-product-viability-v1/bo-06-quiet-measurement-2026-09-15/profiles/prefix/run/r1/N/repo/modules/lang-mustache/src/main/java/org/elasticsearch/script/mustache/MustacheScriptEngine.java uses or overrides a deprecated API.
Note: Recompile with -Xlint:deprecation for details.
Note: Some input files use or override a deprecated API.
Note: Recompile with -Xlint:deprecation for details.
Note: Some input files use or override a deprecated API.
Note: Recompile with -Xlint:deprecation for details.
Note: /home/tonyredondo/repos/github/tonyredondo/buildopt/.tools/state/buildopt-product-viability-v1/bo-06-quiet-measurement-2026-09-15/profiles/prefix/run/r1/N/repo/modules/parent-join/src/main/java/org/elasticsearch/join/ParentJoinPlugin.java uses or overrides a deprecated API.
Note: Recompile with -Xlint:deprecation for details.
Note: Some input files use or override a deprecated API.
Note: Recompile with -Xlint:deprecation for details.
Note: /home/tonyredondo/repos/github/tonyredondo/buildopt/.tools/state/buildopt-product-viability-v1/bo-06-quiet-measurement-2026-09-15/profiles/prefix/run/r1/N/repo/modules/rank-eval/src/main/java/org/elasticsearch/index/rankeval/TransportRankEvalAction.java uses or overrides a deprecated API.
Note: Recompile with -Xlint:deprecation for details.
Note: Some input files use or override a deprecated API.
Note: Recompile with -Xlint:deprecation for details.
Note: Some input files use or override a deprecated API.
Note: Recompile with -Xlint:deprecation for details.
Note: Some input files use or override a deprecated API.
Note: Recompile with -Xlint:deprecation for details.
Note: Some input files use or override a deprecated API.
Note: Recompile with -Xlint:deprecation for details.
Note: Some input files use or override a deprecated API.
Note: Recompile with -Xlint:deprecation for details.
Note: /home/tonyredondo/repos/github/tonyredondo/buildopt/.tools/state/buildopt-product-viability-v1/bo-06-quiet-measurement-2026-09-15/profiles/prefix/run/r1/N/repo/modules/workload-identity/src/main/java/org/elasticsearch/workloadidentity/HttpsWorkloadIdentityIssuerClient.java uses or overrides a deprecated API.
Note: Recompile with -Xlint:deprecation for details.
Note: Some input files use or override a deprecated API.
Note: Recompile with -Xlint:deprecation for details.
Note: Some input files use or override a deprecated API.
Note: Recompile with -Xlint:deprecation for details.
Note: Some input files use or override a deprecated API that is marked for removal.
Note: Recompile with -Xlint:removal for details.
Note: /home/tonyredondo/repos/github/tonyredondo/buildopt/.tools/state/buildopt-product-viability-v1/bo-06-quiet-measurement-2026-09-15/profiles/prefix/run/r1/N/repo/plugins/discovery-gce/src/main/java/org/elasticsearch/cloud/gce/GceInstancesServiceImpl.java uses or overrides a deprecated API.
Note: Recompile with -Xlint:deprecation for details.
Note: /home/tonyredondo/repos/github/tonyredondo/buildopt/.tools/state/buildopt-product-viability-v1/bo-06-quiet-measurement-2026-09-15/profiles/prefix/run/r1/N/repo/plugins/discovery-ec2/src/main/java/org/elasticsearch/discovery/ec2/AwsEc2ServiceImpl.java uses or overrides a deprecated API.
Note: Recompile with -Xlint:deprecation for details.
Note: Some input files use or override a deprecated API.
Note: Recompile with -Xlint:deprecation for details.
Note: Some input files use preview features of Java SE 21.
Note: Recompile with -Xlint:preview for details.
Note: /home/tonyredondo/repos/github/tonyredondo/buildopt/.tools/state/buildopt-product-viability-v1/bo-06-quiet-measurement-2026-09-15/profiles/prefix/run/r1/N/repo/x-pack/plugin/deprecation/qa/deprecation-plugin/src/main/java/org/elasticsearch/xpack/deprecation/plugin/TestRepositoryDeprecationSetupAction.java uses or overrides a deprecated API.
Note: Recompile with -Xlint:deprecation for details.
Note: /home/tonyredondo/repos/github/tonyredondo/buildopt/.tools/state/buildopt-product-viability-v1/bo-06-quiet-measurement-2026-09-15/profiles/prefix/run/r1/N/repo/libs/entitlement/qa/entitlement-test-plugin/src/main/java/org/elasticsearch/entitlement/qa/test/DummyImplementations.java uses or overrides a deprecated API.
Note: Recompile with -Xlint:deprecation for details.
Note: Some input files use preview features of Java SE 21.
Note: Recompile with -Xlint:preview for details.
Note: Some input files use or override a deprecated API.
Note: Recompile with -Xlint:deprecation for details.
Note: Some input files use or override a deprecated API that is marked for removal.
Note: Recompile with -Xlint:removal for details.
Note: Some input files use or override a deprecated API.
Note: Recompile with -Xlint:deprecation for details.
Note: Some input files use or override a deprecated API.
Note: Recompile with -Xlint:deprecation for details.
Note: Some input files use or override a deprecated API that is marked for removal.
Note: Recompile with -Xlint:removal for details.
Note: Some input files use or override a deprecated API.
Note: Recompile with -Xlint:deprecation for details.
Note: Some input files use or override a deprecated API that is marked for removal.
Note: Recompile with -Xlint:removal for details.
Note: Some input files use or override a deprecated API.
Note: Recompile with -Xlint:deprecation for details.
Note: Some input files use or override a deprecated API.
Note: Recompile with -Xlint:deprecation for details.
Note: /home/tonyredondo/repos/github/tonyredondo/buildopt/.tools/state/buildopt-product-viability-v1/bo-06-quiet-measurement-2026-09-15/profiles/prefix/run/r1/N/repo/x-pack/plugin/mapper-aggregate-metric/src/main/java/org/elasticsearch/xpack/aggregatemetric/aggregations/support/AggregateMetricsValuesSourceType.java uses or overrides a deprecated API.
Note: Recompile with -Xlint:deprecation for details.
Note: Some input files use or override a deprecated API.
Note: Recompile with -Xlint:deprecation for details.
Note: /home/tonyredondo/repos/github/tonyredondo/buildopt/.tools/state/buildopt-product-viability-v1/bo-06-quiet-measurement-2026-09-15/profiles/prefix/run/r1/N/repo/x-pack/plugin/enrich/src/main/java/org/elasticsearch/xpack/enrich/EnrichPolicyMaintenanceService.java uses or overrides a deprecated API that is marked for removal.
Note: Recompile with -Xlint:removal for details.
Note: Some input files use or override a deprecated API.
Note: Recompile with -Xlint:deprecation for details.
Note: /home/tonyredondo/repos/github/tonyredondo/buildopt/.tools/state/buildopt-product-viability-v1/bo-06-quiet-measurement-2026-09-15/profiles/prefix/run/r1/N/repo/x-pack/plugin/downsample/src/main/java/org/elasticsearch/xpack/downsample/TransportDownsampleAction.java uses or overrides a deprecated API that is marked for removal.
Note: Recompile with -Xlint:removal for details.
Note: Some input files use or override a deprecated API.
Note: Recompile with -Xlint:deprecation for details.
Note: /home/tonyredondo/repos/github/tonyredondo/buildopt/.tools/state/buildopt-product-viability-v1/bo-06-quiet-measurement-2026-09-15/profiles/prefix/run/r1/N/repo/x-pack/plugin/ilm/src/main/java/org/elasticsearch/xpack/ilm/PutLifecycleMetadataService.java uses or overrides a deprecated API that is marked for removal.
Note: Recompile with -Xlint:removal for details.
Note: Some input files use or override a deprecated API.
Note: Recompile with -Xlint:deprecation for details.
Note: Some input files use or override a deprecated API that is marked for removal.
Note: Recompile with -Xlint:removal for details.
Note: /home/tonyredondo/repos/github/tonyredondo/buildopt/.tools/state/buildopt-product-viability-v1/bo-06-quiet-measurement-2026-09-15/profiles/prefix/run/r1/N/repo/x-pack/plugin/fleet/src/main/java/org/elasticsearch/xpack/fleet/action/GetGlobalCheckpointsAction.java uses or overrides a deprecated API.
Note: Recompile with -Xlint:deprecation for details.
Note: /home/tonyredondo/repos/github/tonyredondo/buildopt/.tools/state/buildopt-product-viability-v1/bo-06-quiet-measurement-2026-09-15/profiles/prefix/run/r1/N/repo/x-pack/plugin/fleet/src/main/java/org/elasticsearch/xpack/fleet/action/GetGlobalCheckpointsAction.java uses or overrides a deprecated API that is marked for removal.
Note: Recompile with -Xlint:removal for details.
Note: /home/tonyredondo/repos/github/tonyredondo/buildopt/.tools/state/buildopt-product-viability-v1/bo-06-quiet-measurement-2026-09-15/profiles/prefix/run/r1/N/repo/x-pack/plugin/ql/src/main/java/org/elasticsearch/xpack/ql/expression/predicate/regex/RLikePattern.java uses or overrides a deprecated API.
Note: Recompile with -Xlint:deprecation for details.
Note: Some input files use or override a deprecated API.
Note: Recompile with -Xlint:deprecation for details.
Note: /home/tonyredondo/repos/github/tonyredondo/buildopt/.tools/state/buildopt-product-viability-v1/bo-06-quiet-measurement-2026-09-15/profiles/prefix/run/r1/N/repo/x-pack/plugin/identity-provider/src/main/java/org/elasticsearch/xpack/idp/saml/sp/SamlServiceProviderIndex.java uses or overrides a deprecated API that is marked for removal.
Note: Recompile with -Xlint:removal for details.
Note: /home/tonyredondo/repos/github/tonyredondo/buildopt/.tools/state/buildopt-product-viability-v1/bo-06-quiet-measurement-2026-09-15/profiles/prefix/run/r1/N/repo/x-pack/plugin/logstash/src/main/java/org/elasticsearch/xpack/logstash/action/GetPipelineResponse.java uses or overrides a deprecated API.
Note: Recompile with -Xlint:deprecation for details.
Note: Some input files use or override a deprecated API.
Note: Recompile with -Xlint:deprecation for details.
Note: Some input files use or override a deprecated API.
Note: Recompile with -Xlint:deprecation for details.
Note: Some input files use or override a deprecated API.
Note: Recompile with -Xlint:deprecation for details.
Note: Some input files use or override a deprecated API.
Note: Recompile with -Xlint:deprecation for details.
Note: /home/tonyredondo/repos/github/tonyredondo/buildopt/.tools/state/buildopt-product-viability-v1/bo-06-quiet-measurement-2026-09-15/profiles/prefix/run/r1/N/repo/x-pack/plugin/old-lucene-versions/src/main/java/org/elasticsearch/xpack/lucene/bwc/ArchiveUsageTracker.java uses or overrides a deprecated API that is marked for removal.
Note: Recompile with -Xlint:removal for details.
Note: Some input files use or override a deprecated API that is marked for removal.
Note: Recompile with -Xlint:removal for details.
Note: /home/tonyredondo/repos/github/tonyredondo/buildopt/.tools/state/buildopt-product-viability-v1/bo-06-quiet-measurement-2026-09-15/profiles/prefix/run/r1/N/repo/x-pack/plugin/rank-rrf/src/main/java/org/elasticsearch/xpack/rank/rrf/RRFRankPlugin.java uses or overrides a deprecated API.
Note: Recompile with -Xlint:deprecation for details.
Note: Some input files use or override a deprecated API.
Note: Recompile with -Xlint:deprecation for details.
Note: Some input files use or override a deprecated API that is marked for removal.
Note: Recompile with -Xlint:removal for details.
Note: Some input files use or override a deprecated API.
Note: Recompile with -Xlint:deprecation for details.
Note: Some input files use or override a deprecated API.
Note: Recompile with -Xlint:deprecation for details.
Note: Some input files use or override a deprecated API that is marked for removal.
Note: Recompile with -Xlint:removal for details.
Note: Some input files use or override a deprecated API.
Note: Recompile with -Xlint:deprecation for details.
Note: Some input files use or override a deprecated API.
Note: Recompile with -Xlint:deprecation for details.
Note: /home/tonyredondo/repos/github/tonyredondo/buildopt/.tools/state/buildopt-product-viability-v1/bo-06-quiet-measurement-2026-09-15/profiles/prefix/run/r1/N/repo/x-pack/plugin/shutdown/src/main/java/org/elasticsearch/xpack/shutdown/TransportGetShutdownStatusAction.java uses or overrides a deprecated API that is marked for removal.
Note: Recompile with -Xlint:removal for details.
Note: Some input files use or override a deprecated API that is marked for removal.
Note: Recompile with -Xlint:removal for details.
Note: Some input files use or override a deprecated API that is marked for removal.
Note: Recompile with -Xlint:removal for details.
Note: Some input files use or override a deprecated API.
Note: Recompile with -Xlint:deprecation for details.
Note: Some input files use or override a deprecated API that is marked for removal.
Note: Recompile with -Xlint:removal for details.
Note: /home/tonyredondo/repos/github/tonyredondo/buildopt/.tools/state/buildopt-product-viability-v1/bo-06-quiet-measurement-2026-09-15/profiles/prefix/run/r1/N/repo/x-pack/plugin/stack/src/main/java/org/elasticsearch/xpack/stack/StackPlugin.java uses or overrides a deprecated API that is marked for removal.
Note: Recompile with -Xlint:removal for details.
Note: Some input files use or override a deprecated API.
Note: Recompile with -Xlint:deprecation for details.
Note: Some input files use or override a deprecated API.
Note: Recompile with -Xlint:deprecation for details.
Note: Some input files use or override a deprecated API that is marked for removal.
Note: Recompile with -Xlint:removal for details.
Note: Some input files use or override a deprecated API.
Note: Recompile with -Xlint:deprecation for details.
Note: Some input files use or override a deprecated API.
Note: Recompile with -Xlint:deprecation for details.
Note: Some input files use or override a deprecated API that is marked for removal.
Note: Recompile with -Xlint:removal for details.
Note: /home/tonyredondo/repos/github/tonyredondo/buildopt/.tools/state/buildopt-product-viability-v1/bo-06-quiet-measurement-2026-09-15/profiles/prefix/run/r1/N/repo/x-pack/plugin/voting-only-node/src/main/java/org/elasticsearch/cluster/coordination/votingonly/VotingOnlyNodePlugin.java uses or overrides a deprecated API.
Note: Recompile with -Xlint:deprecation for details.
Note: /home/tonyredondo/repos/github/tonyredondo/buildopt/.tools/state/buildopt-product-viability-v1/bo-06-quiet-measurement-2026-09-15/profiles/prefix/run/r1/N/repo/x-pack/plugin/transform/src/main/java/org/elasticsearch/xpack/transform/persistence/IndexBasedTransformConfigManager.java uses or overrides a deprecated API.
Note: Recompile with -Xlint:deprecation for details.
Note: Some input files use or override a deprecated API that is marked for removal.
Note: Recompile with -Xlint:removal for details.
Note: Some input files use or override a deprecated API.
Note: Recompile with -Xlint:deprecation for details.
Note: Some input files use or override a deprecated API.
Note: Recompile with -Xlint:deprecation for details.
Note: Some input files use preview features of Java SE 21.
Note: Recompile with -Xlint:preview for details.
Note: Some input files use or override a deprecated API.
Note: Recompile with -Xlint:deprecation for details.
Note: Some input files use or override a deprecated API that is marked for removal.
Note: Recompile with -Xlint:removal for details.
Note: Some input files use or override a deprecated API.
Note: Recompile with -Xlint:deprecation for details.
Note: Some input files use or override a deprecated API.
Note: Recompile with -Xlint:deprecation for details.
Note: Some input files use or override a deprecated API.
Note: Recompile with -Xlint:deprecation for details.
Note: Some input files use or override a deprecated API.
Note: Recompile with -Xlint:deprecation for details.
Note: /home/tonyredondo/repos/github/tonyredondo/buildopt/.tools/state/buildopt-product-viability-v1/bo-06-quiet-measurement-2026-09-15/profiles/prefix/run/r1/N/repo/x-pack/plugin/esql-datasource-orc/src/main/java/org/elasticsearch/xpack/esql/datasource/orc/OrcFormatReader.java uses or overrides a deprecated API.
Note: Recompile with -Xlint:deprecation for details.
Note: Some input files use or override a deprecated API.
Note: Recompile with -Xlint:deprecation for details.
Note: Some input files use or override a deprecated API.
Note: Recompile with -Xlint:deprecation for details.
Note: Some input files use or override a deprecated API that is marked for removal.
Note: Recompile with -Xlint:removal for details.
Note: Some input files use or override a deprecated API.
Note: Recompile with -Xlint:deprecation for details.
Note: Some input files use or override a deprecated API that is marked for removal.
Note: Recompile with -Xlint:removal for details.
Note: /home/tonyredondo/repos/github/tonyredondo/buildopt/.tools/state/buildopt-product-viability-v1/bo-06-quiet-measurement-2026-09-15/profiles/prefix/run/r1/N/repo/x-pack/plugin/prometheus/src/main/java/org/elasticsearch/xpack/prometheus/rest/PrometheusRemoteWriteTransportAction.java uses or overrides a deprecated API.
Note: Recompile with -Xlint:deprecation for details.
