buildopt: warming isolated control arm at c16898314460cdfc3e0f0d7d24822585bbd1997e (cache seed 1/3)
buildopt: warmed isolated control arm cache seed in 220764ms with total:218/executed:167/from-cache:0/up-to-date:3/no-source:48/skipped:0/fingerprint:7517f029b7a075e985d670178f879974e0297889ca1085e0a5e7fdc9d123fa8f
buildopt: warming isolated control arm at c16898314460cdfc3e0f0d7d24822585bbd1997e (base daemon stabilization 2/3)
buildopt: warmed isolated control arm daemon stabilization in 85502ms with total:218/executed:133/from-cache:27/up-to-date:10/no-source:48/skipped:0/fingerprint:412113aca5cb6c75afb026125187314f7d484f4361ae7ee7828d97177895a0d0
buildopt: warming isolated control arm at 3d6e5f4f6e8b492528fe133366680a377b7e4706 (target-workload stabilization 3/3)
buildopt: structural profile measurement unavailable: stabilize control target workload: control arm produced invalid exact task evidence: exact task :compileJava has invalid outcome "CONFLICTING"
> Task :groovy-cli-picocli:compileGroovy
> Task :groovy-cli-picocli:classes
> Task :groovy-cli-picocli:jar
> Task :groovy-cli-commons:compileGroovy
> Task :groovy-cli-commons:classes
> Task :groovy-cli-commons:jar
> Task :groovy-test:compileGroovy
> Task :groovy-test:classes
> Task :groovy-test:jar
> Task :groovy-xml:compileGroovy
> Task :groovy-xml:classes
> Task :groovy-xml:jar
> Task :groovy-templates:compileJava NO-SOURCE
> Task :groovy-jmx:compileGroovy
> Task :groovy-jmx:classes
> Task :groovy-jmx:jar
> Task :groovy-swing:compileGroovy
Note: Some input files use unchecked or unsafe operations.
Note: Recompile with -Xlint:unchecked for details.
> Task :groovy-macro:compileGroovy
> Task :groovy-macro:classes
> Task :groovy-macro:jar
> Task :groovy-ginq:compileJava NO-SOURCE
> Task :groovy-typecheckers:compileJava NO-SOURCE
> Task :groovy-macro-library:compileJava NO-SOURCE
> Task :groovy-swing:classes
> Task :groovy-swing:jar
> Task :groovy-templates:compileGroovy
> Task :groovy-templates:classes
> Task :groovy-templates:jar
> Task :groovy-docgenerator:compileJava NO-SOURCE
> Task :groovy-console:compileJava NO-SOURCE
> Task :groovy-servlet:compileJava FROM-CACHE
> Task :groovy-servlet:compileGroovy NO-SOURCE
> Task :groovy-servlet:classes UP-TO-DATE
> Task :groovy-servlet:jar
> Task :groovy-macro-library:compileGroovy
> Task :groovy-macro-library:classes
> Task :groovy-macro-library:jar
> Task :groovy-typecheckers:compileGroovy
> Task :groovy-typecheckers:classes
> Task :groovy-typecheckers:jar
> Task :groovy-docgenerator:compileGroovy
> Task :groovy-docgenerator:classes
> Task :groovy-docgenerator:jar
> Task :groovy-groovydoc:compileJava FROM-CACHE
> Task :groovy-groovydoc:compileGroovy
> Task :groovy-groovydoc:classes
> Task :groovy-groovydoc:jar
> Task :groovy-ant:compileJava FROM-CACHE
Dependency verification failed for configuration ':groovy-ant:compileClasspath'
5 artifacts failed verification:
  - ant-1.10.17.jar (org.apache.ant:ant:1.10.17) from repository MavenRepo
  - ant-launcher-1.10.17.jar (org.apache.ant:ant-launcher:1.10.17) from repository MavenRepo
  - ivy-2.6.0.jar (org.apache.ivy:ivy:2.6.0) from repository MavenRepo
  - ant-antlr-1.10.17.jar (org.apache.ant:ant-antlr:1.10.17) from repository MavenRepo
  - ant-junit-1.10.17.jar (org.apache.ant:ant-junit:1.10.17) from repository MavenRepo
This can indicate that a dependency has been compromised. Please carefully verify the signatures and checksums.
Open this report for more details: file:///tmp/buildopt-structural-measurement-1904041186/control-repository/build/reports/dependency-verification/at-1786664286330/dependency-verification-report.html
> Task :groovy-ant:compileGroovy
> Task :groovy-ant:classes
> Task :groovy-ant:jar
> Task :groovy-ginq:compileGroovy
Note: Some input files use unchecked or unsafe operations.
Note: Recompile with -Xlint:unchecked for details.
> Task :groovy-ginq:classes
> Task :groovy-ginq:jar
> Task :groovy-console:compileGroovy
> Task :groovy-console:classes
> Task :groovy-console:jar
> Task :groovy-groovysh:compileJava NO-SOURCE
> Task :groovy-groovysh:compileGroovy
> Task :groovy-groovysh:classes
> Task :groovy-groovysh:jar
[Incubating] Problems report is available at: file:///tmp/buildopt-structural-measurement-1904041186/control-repository/build/reports/problems/problems-report.html
Deprecated Gradle features were used in this build, making it incompatible with Gradle 9.0.
You can use '--warning-mode all' to show the individual deprecation warnings and determine if they come from your own scripts or plugins.
For more on this, please refer to https://docs.gradle.org/8.14.4/userguide/command_line_interface.html#sec:command_line_warnings in the Gradle documentation.
BUILD SUCCESSFUL in 1m 19s
136 actionable tasks: 112 executed, 24 from cache
