Picked up JAVA_TOOL_OPTIONS: -Dfile.encoding=UTF-8 -Duser.home="/home/tonyredondo/repos/github/tonyredondo/buildopt/.tools/state/buildopt-product-viability-v1/bo-06-quiet-measurement-2026-09-15/profiles/control/run/r1/N/home" -Dmaven.repo.local="/home/tonyredondo/repos/github/tonyredondo/buildopt/.tools/state/buildopt-product-viability-v1/bo-06-quiet-measurement-2026-09-15/profiles/control/run/r1/N/home/.m2/repository"
Note: Some input files use or override a deprecated API.
Note: Recompile with -Xlint:deprecation for details.
Note: Some input files use preview features of Java SE 21.
Note: Recompile with -Xlint:preview for details.
Note: Some input files use or override a deprecated API.
Note: Recompile with -Xlint:deprecation for details.
Note: Some input files use or override a deprecated API that is marked for removal.
Note: Recompile with -Xlint:removal for details.
Note: Some input files use or override a deprecated API.
Note: Recompile with -Xlint:deprecation for details.
Note: /home/tonyredondo/repos/github/tonyredondo/buildopt/.tools/state/buildopt-product-viability-v1/bo-06-quiet-measurement-2026-09-15/profiles/control/run/r1/N/repo/x-pack/plugin/esql-datasource-orc/src/main/java/org/elasticsearch/xpack/esql/datasource/orc/OrcFormatReader.java uses or overrides a deprecated API.
Note: Recompile with -Xlint:deprecation for details.
Note: Some input files use or override a deprecated API.
Note: Recompile with -Xlint:deprecation for details.
Note: Some input files use or override a deprecated API.
Note: Recompile with -Xlint:deprecation for details.
Note: Some input files use or override a deprecated API.
Note: Recompile with -Xlint:deprecation for details.
Note: /home/tonyredondo/repos/github/tonyredondo/buildopt/.tools/state/buildopt-product-viability-v1/bo-06-quiet-measurement-2026-09-15/profiles/control/run/r1/N/repo/x-pack/plugin/prometheus/src/main/java/org/elasticsearch/xpack/prometheus/rest/PrometheusRemoteWriteTransportAction.java uses or overrides a deprecated API.
Note: Recompile with -Xlint:deprecation for details.
