To honour the JVM settings for this build a single-use Daemon process will be forked. For more on this, please refer to https://docs.gradle.org/9.6.1/userguide/gradle_daemon.html#sec:disabling_the_daemon in the Gradle documentation.
Daemon will be stopped at the end of the build 
Reusing configuration cache.
> Task :jvm:jvm-agent:processResources NO-SOURCE
> Task :jvm:gradle-plugin:pluginDescriptors UP-TO-DATE
> Task :jvm:jvm-agent:compileJava UP-TO-DATE
> Task :jvm:jvm-agent:classes UP-TO-DATE
> Task :jvm:gradle-plugin:processResources UP-TO-DATE
> Task :jvm:jvm-agent:jar UP-TO-DATE
> Task :jvm:gradle-plugin:compileJava UP-TO-DATE
> Task :jvm:gradle-plugin:classes UP-TO-DATE
> Task :jvm:gradle-plugin:jar UP-TO-DATE

BUILD SUCCESSFUL in 6s
6 actionable tasks: 6 up-to-date
Configuration cache entry reused.
From github.com:apache/groovy
 * branch            c16898314460cdfc3e0f0d7d24822585bbd1997e -> FETCH_HEAD
Preparing Gradle distribution for apache/groovy outside measurement
Discovering generic structural candidate for apache/groovy
Measuring generic structural candidate for apache/groovy
Repository evidence captured (1/5); rerun with the remaining repository keys.
