Gradle distribution preparation attempt 1/3
Fetching distribution.
Downloading https://cache-redirector.jetbrains.com/services.gradle.org/distributions/gradle-9.5.1-bin.zip
.............10%.............20%..............30%.............40%.............50%..............60%.............70%..............80%.............90%.............100%

Welcome to Gradle 9.5.1!

Here are the highlights of this release:
 - Task provenance in reports and failure messages
 - Type-safe accessors for precompiled Kotlin Settings plugins

For more details see https://docs.gradle.org/9.5.1/release-notes.html


------------------------------------------------------------
Gradle 9.5.1
------------------------------------------------------------

Build time:    2026-05-12 13:19:42 UTC
Revision:      fd78213f09782e62ca4957f9cfd3d90c6c3f1767

Kotlin:        2.3.20
Groovy:        4.0.29
Ant:           Apache Ant(TM) version 1.10.15 compiled on August 25 2024
Launcher JVM:  21.0.12 (Eclipse Adoptium 21.0.12+8-LTS)
Daemon JVM:    Compatible with Java 21, any vendor, nativeImageCapable=false (from gradle/gradle-daemon-jvm.properties)
OS:            Linux 7.1.5-1-t2-noble amd64

