> Task :build-conventions:compileJava UP-TO-DATE
> Task :build-conventions:pluginDescriptors UP-TO-DATE
> Task :build-conventions:processResources UP-TO-DATE
> Task :build-conventions:classes UP-TO-DATE
> Task :build-conventions:jar UP-TO-DATE
> Task :build-tools-internal:extractPluginRequests UP-TO-DATE
> Task :build-tools:reaper:compileJava UP-TO-DATE
> Task :build-tools-internal:generatePluginAdapters UP-TO-DATE
> Task :build-tools:reaper:processResources NO-SOURCE
> Task :build-tools:reaper:classes UP-TO-DATE
> Task :build-tools-internal:pluginDescriptors UP-TO-DATE
> Task :build-tools:reaper:jar UP-TO-DATE
> Task :build-tools-internal:processResources UP-TO-DATE
> Task :build-tools:compileJava UP-TO-DATE
> Task :build-tools:compileGroovy NO-SOURCE
> Task :build-tools:generateVersionProperties UP-TO-DATE
> Task :build-tools:pluginDescriptors UP-TO-DATE
> Task :build-tools:processResources UP-TO-DATE
> Task :build-tools:classes UP-TO-DATE
> Task :build-tools:jar UP-TO-DATE
> Task :build-tools-internal:compileJava UP-TO-DATE
> Task :build-tools-internal:compileGroovy NO-SOURCE
> Task :build-tools-internal:compileGroovyPlugins UP-TO-DATE
> Task :build-tools-internal:classes UP-TO-DATE
> Task :build-tools-internal:jar UP-TO-DATE

> Configure project :docs
Gradle is running in offline mode; using local branches.json at [/home/tonyredondo/repos/github/tonyredondo/buildopt/.tools/state/buildopt-product-viability-v1/bo-06-qualified-measurement-2026-09-15/profiles/control/run/r1/N/repo/branches.json] instead of downloading from [https://raw.githubusercontent.com/elastic/elasticsearch/main/branches.json].
=======================================
Elasticsearch Build Hamster says Hello!
  Gradle Version        : 9.7.1
  OS Info               : Linux 7.2.3-arch1-3 (amd64)
  Runtime JDK Version   : 21.0.12+8-LTS (Eclipse Temurin, 21.0.12+8-LTS)
  Runtime java.home     : /home/tonyredondo/repos/github/tonyredondo/buildopt/.tools/toolchains/temurin-jdk-21-e4446ff06a276155
  Gradle JDK Version    : 21.0.12+8-LTS (Eclipse Temurin)
  Gradle java.home      : /home/tonyredondo/repos/github/tonyredondo/buildopt/.tools/toolchains/temurin-jdk-21-e4446ff06a276155
  Random Testing Seed   : 7F69B3FC4B55918C
  In FIPS 140 mode      : false
=======================================

> Task :libs:lucene-store:extractForeignApiJar UP-TO-DATE
> Task :server:extractForeignApiJar UP-TO-DATE
> Task :libs:columnar:extractForeignApiJar UP-TO-DATE
> Task :libs:foreign-library:extractForeignApiJar UP-TO-DATE
> Task :libs:simdvec:extractForeignApiJar UP-TO-DATE
> Task :libs:native:extractForeignApiJar UP-TO-DATE
> Task :libs:core:extractForeignApiJar UP-TO-DATE
> Task :libs:entitlement:bridge:compileJava UP-TO-DATE
> Task :libs:cli-terminal:compileJava UP-TO-DATE
> Task :libs:logging:compileJava UP-TO-DATE
> Task :libs:core:processResources NO-SOURCE
> Task :libs:geo:compileJava UP-TO-DATE
> Task :libs:cli:processResources NO-SOURCE
> Task :libs:cli-terminal:processResources NO-SOURCE
> Task :libs:columnar:processResources UP-TO-DATE
> Task :libs:plugin-api:compileJava UP-TO-DATE
> Task :libs:entitlement:processResources NO-SOURCE
> Task :libs:exponential-histogram:processResources NO-SOURCE
> Task :libs:entitlement:processMain25Resources NO-SOURCE
> Task :libs:grok:compileJava UP-TO-DATE
> Task :libs:foreign-adapter:processResources NO-SOURCE
> Task :libs:foreign-library:processResources NO-SOURCE
> Task :libs:cli-terminal:classes UP-TO-DATE
> Task :libs:entitlement:asm-provider:processResources UP-TO-DATE
> Task :libs:entitlement:processMain26Resources NO-SOURCE
> Task :libs:geo:processResources NO-SOURCE
> Task :libs:entitlement:processMain27Resources NO-SOURCE
> Task :libs:foreign-adapter:processMain22Resources NO-SOURCE
> Task :libs:geo:classes UP-TO-DATE
> Task :libs:grok:processResources UP-TO-DATE
> Task :libs:cli-terminal:compileMain22Java UP-TO-DATE
> Task :libs:ip-location-api:processResources NO-SOURCE
> Task :libs:grok:classes UP-TO-DATE
> Task :libs:core:compileJava UP-TO-DATE
> Task :libs:logging:processResources NO-SOURCE
> Task :libs:lucene-store:processResources NO-SOURCE
> Task :libs:lz4:processResources NO-SOURCE
> Task :libs:cli-terminal:processMain22Resources NO-SOURCE
> Task :libs:cli-terminal:main22Classes UP-TO-DATE
> Task :libs:plugin-analysis-api:compileJava UP-TO-DATE
> Task :libs:x-content:compileJava UP-TO-DATE
> Task :libs:foreign-adapter:compileJava UP-TO-DATE
> Task :libs:user-agent-api:compileJava UP-TO-DATE
> Task :libs:lz4:compileJava UP-TO-DATE
> Task :libs:cli:compileJava UP-TO-DATE
> Task :libs:ip-location-api:compileJava UP-TO-DATE
> Task :libs:cli:classes UP-TO-DATE
> Task :libs:exponential-histogram:compileJava UP-TO-DATE
> Task :libs:core:classes UP-TO-DATE
> Task :libs:cli-terminal:jar UP-TO-DATE
> Task :libs:lucene-store:compileJava UP-TO-DATE
> Task :libs:foreign-library:compileJava UP-TO-DATE
> Task :libs:entitlement:compileJava UP-TO-DATE
> Task :libs:tdigest:compileJava UP-TO-DATE
> Task :libs:exponential-histogram:classes UP-TO-DATE
> Task :libs:foreign-adapter:classes UP-TO-DATE
> Task :libs:entitlement:asm-provider:compileJava UP-TO-DATE
> Task :libs:core:jar UP-TO-DATE
> Task :libs:entitlement:asm-provider:classes UP-TO-DATE
> Task :libs:foreign-adapter:compileMain22Java UP-TO-DATE
> Task :libs:foreign-adapter:main22Classes UP-TO-DATE
> Task :libs:foreign-library:classes UP-TO-DATE
> Task :libs:cli:jar UP-TO-DATE
> Task :libs:ip-location-api:classes UP-TO-DATE
> Task :libs:native:compileJava UP-TO-DATE
> Task :libs:grok:jar UP-TO-DATE
> Task :libs:simdvec:compileJava UP-TO-DATE
> Task :libs:logging:classes UP-TO-DATE
> Task :libs:geo:jar UP-TO-DATE
> Task :libs:lucene-store:classes UP-TO-DATE
> Task :libs:columnar:compileJava UP-TO-DATE
> Task :libs:exponential-histogram:jar UP-TO-DATE
> Task :libs:entitlement:asm-provider:jar UP-TO-DATE
> Task :libs:columnar:classes UP-TO-DATE
> Task :libs:entitlement:generateAsm-providerProviderManifest UP-TO-DATE
> Task :libs:lucene-store:jar UP-TO-DATE
> Task :libs:entitlement:generateAsm-providerProviderImpl UP-TO-DATE
> Task :libs:lz4:classes UP-TO-DATE
> Task :libs:entitlement:classes UP-TO-DATE
> Task :libs:columnar:jar UP-TO-DATE
> Task :libs:entitlement:compileMain25Java UP-TO-DATE
> Task :libs:entitlement:main25Classes UP-TO-DATE
> Task :libs:entitlement:compileMain26Java UP-TO-DATE
> Task :libs:foreign-library:processor:compileJava UP-TO-DATE
> Task :libs:foreign-library:processor:processResources UP-TO-DATE
> Task :libs:entitlement:main26Classes UP-TO-DATE
> Task :libs:foreign-library:processor:classes UP-TO-DATE
> Task :libs:entitlement:compileMain27Java UP-TO-DATE
> Task :libs:foreign-adapter:jar UP-TO-DATE
> Task :libs:entitlement:main27Classes UP-TO-DATE
> Task :libs:native:processResources NO-SOURCE
> Task :server:compileJava UP-TO-DATE
> Task :libs:plugin-analysis-api:processResources NO-SOURCE
> Task :libs:plugin-api:processResources NO-SOURCE
> Task :libs:foreign-library:jar UP-TO-DATE
> Task :libs:plugin-api:classes UP-TO-DATE
> Task :libs:plugin-analysis-api:classes UP-TO-DATE
> Task :libs:simdvec:processResources NO-SOURCE
> Task :libs:tdigest:processResources NO-SOURCE
> Task :libs:tdigest:classes UP-TO-DATE
> Task :libs:logging:jar UP-TO-DATE
> Task :libs:user-agent-api:processResources NO-SOURCE
> Task :libs:user-agent-api:classes UP-TO-DATE
> Task :libs:lz4:jar UP-TO-DATE
> Task :libs:foreign-library:processor:jar UP-TO-DATE
> Task :libs:x-content:impl:compileJava UP-TO-DATE
> Task :libs:native:processForeignAnnotations UP-TO-DATE
> Task :libs:entitlement:jar UP-TO-DATE
> Task :libs:native:augmentForeignModuleInfo UP-TO-DATE
> Task :libs:ip-location-api:jar UP-TO-DATE
> Task :libs:native:classes UP-TO-DATE
> Task :libs:x-content:processResources NO-SOURCE
> Task :libs:plugin-api:jar UP-TO-DATE
> Task :libs:simdvec:processForeignAnnotations UP-TO-DATE
> Task :libs:x-content:impl:processResources UP-TO-DATE
> Task :server:generateTransportVersionManifest UP-TO-DATE
> Task :libs:x-content:impl:classes UP-TO-DATE
> Task :libs:simdvec:augmentForeignModuleInfo UP-TO-DATE
> Task :libs:simdvec:classes UP-TO-DATE
> Task :server:generateModulesList UP-TO-DATE
> Task :server:generatePluginsList UP-TO-DATE
> Task :libs:native:jar UP-TO-DATE
> Task :libs:plugin-analysis-api:jar UP-TO-DATE
> Task :test:framework:extractForeignApiJar UP-TO-DATE
> Task :libs:ssl-config:compileJava UP-TO-DATE
> Task :server:processTestResources UP-TO-DATE
> Task :client:rest:compileJava UP-TO-DATE
> Task :libs:tdigest:jar UP-TO-DATE
> Task :libs:simdvec:jar UP-TO-DATE
> Task :modules:transport-netty4:compileJava UP-TO-DATE
> Task :modules:data-streams:compileJava UP-TO-DATE
> Task :modules:reindex:compileJava UP-TO-DATE
> Task :libs:x-content:impl:jar UP-TO-DATE
> Task :server:processInternalClusterTestResources UP-TO-DATE
> Task :client:rest:processResources UP-TO-DATE
> Task :server:copyCheckstyleConf UP-TO-DATE
> Task :client:rest:classes UP-TO-DATE
> Task :libs:user-agent-api:jar UP-TO-DATE
> Task :libs:x-content:generateImplProviderManifest UP-TO-DATE
> Task :libs:exponential-histogram:processTestResources NO-SOURCE
> Task :test:external-modules:test-multi-project:compileJava UP-TO-DATE
> Task :libs:ssl-config:processResources NO-SOURCE
> Task :libs:x-content:generateImplProviderImpl UP-TO-DATE
> Task :libs:ssl-config:classes UP-TO-DATE
> Task :libs:x-content:classes UP-TO-DATE
> Task :test:test-clusters:compileJava UP-TO-DATE
> Task :modules:reindex:pluginProperties UP-TO-DATE
> Task :modules:mapper-extras:compileJava UP-TO-DATE
> Task :server:checkstyleInternalClusterTest UP-TO-DATE
> Task :modules:transport-netty4:pluginProperties UP-TO-DATE
> Task :libs:entitlement:bridge:processResources NO-SOURCE
> Task :client:rest:jar UP-TO-DATE
> Task :libs:entitlement:bridge:classes UP-TO-DATE
> Task :libs:ssl-config:jar UP-TO-DATE
> Task :test:framework:compileJava UP-TO-DATE
> Task :libs:x-content:jar UP-TO-DATE
> Task :server:checkstyleMain UP-TO-DATE
> Task :server:generateTestBuildInfo UP-TO-DATE
> Task :libs:exponential-histogram:compileTestJava UP-TO-DATE
> Task :libs:exponential-histogram:testClasses UP-TO-DATE
> Task :libs:entitlement:bridge:jar UP-TO-DATE
> Task :test:framework:processResources UP-TO-DATE
> Task :test:framework:classes UP-TO-DATE
> Task :server:processResources UP-TO-DATE
> Task :server:classes UP-TO-DATE
> Task :modules:data-streams:generateTestBuildInfo UP-TO-DATE
> Task :libs:exponential-histogram:testJar UP-TO-DATE
> Task :modules:data-streams:pluginProperties UP-TO-DATE
> Task :test:logger-usage:compileJava UP-TO-DATE
> Task :test:logger-usage:processResources NO-SOURCE
> Task :modules:data-streams:processResources UP-TO-DATE
> Task :modules:data-streams:classes UP-TO-DATE
> Task :test:logger-usage:classes UP-TO-DATE
> Task :test:framework:jar UP-TO-DATE
> Task :test:logger-usage:jar UP-TO-DATE
> Task :spotlessInternalRegisterDependencies UP-TO-DATE
> Task :client:client-benchmark-noop-api-plugin:compileJava UP-TO-DATE
> Task :modules:lang-painless:spi:compileJava UP-TO-DATE
> Task :server:compileTestJava UP-TO-DATE
> Task :server:testClasses UP-TO-DATE
> Task :modules:aggregations:compileJava UP-TO-DATE
> Task :client:client-benchmark-noop-api-plugin:generateTestBuildInfo UP-TO-DATE
> Task :modules:mapper-extras:generateTestBuildInfo UP-TO-DATE
> Task :modules:aggregations:generateTestBuildInfo UP-TO-DATE
> Task :client:client-benchmark-noop-api-plugin:pluginProperties UP-TO-DATE
> Task :test:external-modules:test-multi-project:generateTestBuildInfo UP-TO-DATE
> Task :modules:mapper-extras:pluginProperties UP-TO-DATE
> Task :modules:data-streams:jar UP-TO-DATE
> Task :modules:reindex:generateTestBuildInfo UP-TO-DATE
> Task :client:client-benchmark-noop-api-plugin:processResources UP-TO-DATE
> Task :test:external-modules:test-multi-project:pluginProperties UP-TO-DATE
> Task :client:client-benchmark-noop-api-plugin:classes UP-TO-DATE
> Task :server:compileInternalClusterTestJava UP-TO-DATE
> Task :modules:aggregations:pluginProperties UP-TO-DATE
> Task :server:internalClusterTestClasses UP-TO-DATE
> Task :modules:mapper-extras:processResources UP-TO-DATE
> Task :modules:reindex:processResources UP-TO-DATE
> Task :modules:mapper-extras:classes UP-TO-DATE
> Task :modules:reindex:classes UP-TO-DATE
> Task :test:external-modules:test-multi-project:processResources UP-TO-DATE
> Task :client:client-benchmark-noop-api-plugin:collectTransportVersionReferences UP-TO-DATE
> Task :modules:aggregations:processResources UP-TO-DATE
> Task :modules:transport-netty4:generateTestBuildInfo UP-TO-DATE
> Task :modules:aggregations:classes UP-TO-DATE
> Task :test:external-modules:test-multi-project:classes UP-TO-DATE
> Task :modules:analysis-common:compileJava UP-TO-DATE
> Task :server:checkstyleTest UP-TO-DATE
> Task :modules:aggregations:collectTransportVersionReferences UP-TO-DATE
> Task :server:checkstyle UP-TO-DATE
> Task :modules:transport-netty4:processResources UP-TO-DATE
> Task :modules:transport-netty4:classes UP-TO-DATE
> Task :server:dependencyLicenses UP-TO-DATE
> Task :modules:analysis-common:generateTestBuildInfo UP-TO-DATE
> Task :modules:mapper-extras:jar UP-TO-DATE
> Task :modules:apm:compileJava UP-TO-DATE
> Task :modules:bitmap:compileJava UP-TO-DATE
> Task :modules:data-streams:collectTransportVersionReferences UP-TO-DATE
> Task :modules:reindex:jar UP-TO-DATE
> Task :modules:bitmap:generateTestBuildInfo UP-TO-DATE
> Task :modules:bitmap:pluginProperties UP-TO-DATE
> Task :modules:apm:generateTestBuildInfo UP-TO-DATE
> Task :modules:analysis-common:pluginProperties UP-TO-DATE
> Task :modules:bitmap:processResources UP-TO-DATE
> Task :modules:apm:pluginProperties UP-TO-DATE
> Task :modules:analysis-common:processResources UP-TO-DATE
> Task :modules:bitmap:classes UP-TO-DATE
> Task :modules:analysis-common:classes UP-TO-DATE
> Task :test:external-modules:test-multi-project:jar UP-TO-DATE
> Task :modules:bitmap:collectTransportVersionReferences UP-TO-DATE
> Task :modules:apm:processResources UP-TO-DATE
> Task :modules:analysis-common:collectTransportVersionReferences UP-TO-DATE
> Task :modules:apm:classes UP-TO-DATE
> Task :modules:apm:collectTransportVersionReferences UP-TO-DATE
> Task :libs:dissect:compileJava UP-TO-DATE
> Task :libs:dissect:processResources NO-SOURCE
> Task :libs:dissect:classes UP-TO-DATE
> Task :modules:transport-netty4:jar UP-TO-DATE
> Task :modules:dot-prefix-validation:compileJava UP-TO-DATE
> Task :libs:web-utils:compileJava UP-TO-DATE
> Task :modules:ingest-ip-location:compileJava UP-TO-DATE
> Task :libs:web-utils:processResources NO-SOURCE
> Task :libs:web-utils:classes UP-TO-DATE
> Task :modules:ingest-attachment:compileJava UP-TO-DATE
> Task :modules:ingest-common:compileJava UP-TO-DATE
> Task :modules:health-shards-availability:compileJava UP-TO-DATE
> Task :modules:ip-location:compileJava UP-TO-DATE
> Task :modules:ingest-attachment:generateTestBuildInfo UP-TO-DATE
> Task :modules:dot-prefix-validation:generateTestBuildInfo UP-TO-DATE
> Task :modules:ingest-ip-location:generateTestBuildInfo UP-TO-DATE
> Task :modules:ingest-attachment:pluginProperties UP-TO-DATE
> Task :modules:dot-prefix-validation:pluginProperties UP-TO-DATE
> Task :libs:web-utils:jar UP-TO-DATE
> Task :modules:ingest-ip-location:pluginProperties UP-TO-DATE
> Task :modules:dot-prefix-validation:processResources UP-TO-DATE
> Task :modules:ingest-common:pluginProperties UP-TO-DATE
> Task :modules:ingest-ip-location:processResources UP-TO-DATE
> Task :server:filepermissions UP-TO-DATE
> Task :modules:ip-location:generateTestBuildInfo UP-TO-DATE
> Task :server:forbiddenApisResources UP-TO-DATE
> Task :modules:ip-location:pluginProperties UP-TO-DATE
> Task :modules:ingest-ip-location:classes UP-TO-DATE
> Task :modules:dot-prefix-validation:classes UP-TO-DATE
> Task :modules:ip-location:processResources UP-TO-DATE
> Task :modules:ingest-attachment:processResources UP-TO-DATE
> Task :modules:ip-location:classes UP-TO-DATE
> Task :modules:ingest-attachment:classes UP-TO-DATE
> Task :modules:health-shards-availability:generateTestBuildInfo UP-TO-DATE
> Task :libs:dissect:jar UP-TO-DATE
> Task :modules:ingest-ip-location:collectTransportVersionReferences UP-TO-DATE
> Task :modules:dot-prefix-validation:collectTransportVersionReferences UP-TO-DATE
> Task :modules:ingest-attachment:collectTransportVersionReferences UP-TO-DATE
> Task :modules:health-shards-availability:pluginProperties UP-TO-DATE
> Task :modules:ip-location:collectTransportVersionReferences UP-TO-DATE
> Task :server:forbiddenApisInternalClusterTest UP-TO-DATE
> Task :modules:ingest-otel:compileJava UP-TO-DATE
> Task :modules:ingest-common:generateTestBuildInfo UP-TO-DATE
> Task :modules:lang-mustache:compileJava UP-TO-DATE
> Task :modules:ingest-common:processResources UP-TO-DATE
> Task :modules:health-shards-availability:processResources UP-TO-DATE
> Task :modules:kibana:compileJava UP-TO-DATE
> Task :modules:health-shards-availability:classes UP-TO-DATE
> Task :modules:lang-mustache:generateTestBuildInfo UP-TO-DATE
> Task :modules:health-shards-availability:collectTransportVersionReferences UP-TO-DATE
> Task :modules:lang-expression:compileJava UP-TO-DATE
> Task :modules:ingest-common:classes UP-TO-DATE
> Task :modules:kibana:generateTestBuildInfo UP-TO-DATE
> Task :modules:ingest-common:collectTransportVersionReferences UP-TO-DATE
> Task :modules:lang-mustache:pluginProperties UP-TO-DATE
> Task :modules:lang-painless:compileJava UP-TO-DATE
> Task :modules:kibana:pluginProperties UP-TO-DATE
> Task :modules:mapper-extras:collectTransportVersionReferences UP-TO-DATE
> Task :modules:ingest-otel:generateTestBuildInfo UP-TO-DATE
> Task :modules:lang-mustache:processResources UP-TO-DATE
> Task :modules:lang-expression:generateTestBuildInfo UP-TO-DATE
> Task :modules:lang-mustache:classes UP-TO-DATE
> Task :modules:kibana:processResources UP-TO-DATE
> Task :modules:kibana:classes UP-TO-DATE
> Task :modules:lang-painless:generateTestBuildInfo UP-TO-DATE
> Task :modules:lang-mustache:collectTransportVersionReferences UP-TO-DATE
> Task :modules:legacy-geo:compileJava UP-TO-DATE
> Task :modules:lang-expression:pluginProperties UP-TO-DATE
> Task :modules:kibana:collectTransportVersionReferences UP-TO-DATE
> Task :modules:lang-painless:pluginProperties UP-TO-DATE
> Task :modules:ingest-otel:pluginProperties UP-TO-DATE
> Task :modules:legacy-geo:generateTestBuildInfo UP-TO-DATE
> Task :modules:percolator:compileJava UP-TO-DATE
> Task :modules:legacy-geo:pluginProperties UP-TO-DATE
> Task :modules:lang-expression:processResources UP-TO-DATE
> Task :modules:parent-join:compileJava UP-TO-DATE
> Task :modules:lang-painless:processResources UP-TO-DATE
> Task :server:forbiddenApisMain UP-TO-DATE
> Task :modules:lang-painless:classes UP-TO-DATE
> Task :modules:ingest-otel:processResources UP-TO-DATE
> Task :modules:ingest-otel:classes UP-TO-DATE
> Task :modules:legacy-geo:processResources UP-TO-DATE
> Task :modules:legacy-geo:classes UP-TO-DATE
> Task :modules:ingest-otel:collectTransportVersionReferences UP-TO-DATE
> Task :modules:lang-expression:classes UP-TO-DATE
> Task :modules:legacy-geo:collectTransportVersionReferences UP-TO-DATE
> Task :modules:rank-eval:compileJava UP-TO-DATE
> Task :modules:percolator:generateTestBuildInfo UP-TO-DATE
> Task :modules:parent-join:generateTestBuildInfo UP-TO-DATE
> Task :modules:lang-expression:collectTransportVersionReferences UP-TO-DATE
> Task :modules:reindex:collectTransportVersionReferences UP-TO-DATE
> Task :modules:lang-painless:collectTransportVersionReferences UP-TO-DATE
> Task :modules:rank-eval:generateTestBuildInfo UP-TO-DATE
> Task :modules:rank-eval:pluginProperties UP-TO-DATE
> Task :server:forbiddenApisTest UP-TO-DATE
> Task :modules:parent-join:pluginProperties UP-TO-DATE
> Task :server:forbiddenApis UP-TO-DATE
> Task :modules:rank-eval:processResources UP-TO-DATE
> Task :modules:percolator:pluginProperties UP-TO-DATE
> Task :modules:rank-eval:classes UP-TO-DATE
> Task :modules:parent-join:processResources UP-TO-DATE
> Task :modules:parent-join:classes UP-TO-DATE
> Task :modules:percolator:processResources UP-TO-DATE
> Task :modules:repository-gcs:compileJava UP-TO-DATE
> Task :modules:percolator:classes UP-TO-DATE
> Task :modules:reindex-management:compileJava UP-TO-DATE
> Task :modules:percolator:collectTransportVersionReferences UP-TO-DATE
> Task :modules:rank-eval:collectTransportVersionReferences UP-TO-DATE
> Task :modules:parent-join:collectTransportVersionReferences UP-TO-DATE
> Task :modules:reindex-management:generateTestBuildInfo UP-TO-DATE
> Task :modules:rest-root:compileJava UP-TO-DATE
> Task :modules:runtime-fields-common:compileJava UP-TO-DATE
> Task :modules:rest-root:generateTestBuildInfo UP-TO-DATE
> Task :modules:repository-gcs:generateTestBuildInfo UP-TO-DATE
> Task :modules:runtime-fields-common:generateTestBuildInfo UP-TO-DATE
> Task :modules:rest-root:pluginProperties UP-TO-DATE
> Task :modules:runtime-fields-common:pluginProperties UP-TO-DATE
> Task :modules:reindex-management:pluginProperties UP-TO-DATE
> Task :modules:repository-url:compileJava UP-TO-DATE
> Task :modules:runtime-fields-common:processResources UP-TO-DATE
> Task :modules:reindex-management:processResources UP-TO-DATE
> Task :modules:runtime-fields-common:classes UP-TO-DATE
> Task :modules:reindex-management:classes UP-TO-DATE
> Task :modules:runtime-fields-common:collectTransportVersionReferences UP-TO-DATE
> Task :modules:reindex-management:collectTransportVersionReferences UP-TO-DATE
> Task :modules:repository-url:generateTestBuildInfo UP-TO-DATE
> Task :server:forbiddenPatterns UP-TO-DATE
> Task :modules:repository-gcs:pluginProperties UP-TO-DATE
> Task :modules:streams:compileJava UP-TO-DATE
> Task :modules:systemd:compileJava UP-TO-DATE
> Task :modules:repository-gcs:processResources UP-TO-DATE
> Task :server:jarHell UP-TO-DATE
> Task :modules:repository-gcs:classes UP-TO-DATE
> Task :modules:repository-gcs:collectTransportVersionReferences UP-TO-DATE
> Task :modules:transport-netty4:collectTransportVersionReferences UP-TO-DATE
> Task :modules:streams:generateTestBuildInfo UP-TO-DATE
> Task :modules:repository-url:pluginProperties UP-TO-DATE
> Task :modules:rest-root:processResources UP-TO-DATE
> Task :modules:systemd:generateTestBuildInfo UP-TO-DATE
> Task :modules:rest-root:classes UP-TO-DATE
> Task :modules:streams:pluginProperties UP-TO-DATE
> Task :modules:systemd:pluginProperties UP-TO-DATE
> Task :modules:repository-azure:compileJava UP-TO-DATE
> Task :modules:rest-root:collectTransportVersionReferences UP-TO-DATE
> Task :modules:user-agent:compileJava UP-TO-DATE
> Task :modules:streams:processResources UP-TO-DATE
> Task :modules:systemd:processResources UP-TO-DATE
> Task :modules:streams:classes UP-TO-DATE
> Task :modules:systemd:classes UP-TO-DATE
> Task :modules:streams:collectTransportVersionReferences UP-TO-DATE
> Task :modules:systemd:collectTransportVersionReferences UP-TO-DATE
> Task :modules:user-agent:generateTestBuildInfo UP-TO-DATE
> Task :modules:repository-s3:compileJava UP-TO-DATE
> Task :modules:user-agent:pluginProperties UP-TO-DATE
> Task :modules:repository-url:processResources UP-TO-DATE
> Task :modules:repository-url:classes UP-TO-DATE
> Task :modules:user-agent:processResources UP-TO-DATE
> Task :modules:workload-identity:spi:compileJava UP-TO-DATE
> Task :modules:user-agent:classes UP-TO-DATE
> Task :modules:repository-url:collectTransportVersionReferences UP-TO-DATE
> Task :modules:user-agent:collectTransportVersionReferences UP-TO-DATE
> Task :modules:workload-identity:spi:processResources NO-SOURCE
> Task :modules:repository-azure:generateTestBuildInfo UP-TO-DATE
> Task :modules:workload-identity:spi:classes UP-TO-DATE
> Task :plugins:analysis-icu:compileJava UP-TO-DATE
> Task :server:licenseHeaders UP-TO-DATE
> Task :modules:repository-azure:pluginProperties UP-TO-DATE
> Task :plugins:analysis-nori:compileJava UP-TO-DATE
> Task :modules:repository-s3:generateTestBuildInfo UP-TO-DATE
> Task :server:loggerUsageCheck UP-TO-DATE
> Task :modules:repository-s3:pluginProperties UP-TO-DATE
> Task :modules:repository-s3:processResources UP-TO-DATE
> Task :plugins:analysis-icu:generateTestBuildInfo UP-TO-DATE
> Task :modules:workload-identity:compileJava UP-TO-DATE
> Task :modules:repository-s3:classes UP-TO-DATE
> Task :plugins:analysis-icu:pluginProperties UP-TO-DATE
> Task :modules:repository-azure:processResources UP-TO-DATE
> Task :modules:repository-azure:classes UP-TO-DATE
> Task :server:splitPackagesAudit UP-TO-DATE
> Task :plugins:analysis-icu:processResources UP-TO-DATE
> Task :modules:repository-azure:collectTransportVersionReferences UP-TO-DATE
> Task :plugins:analysis-nori:generateTestBuildInfo UP-TO-DATE
> Task :plugins:analysis-icu:classes UP-TO-DATE
> Task :plugins:analysis-icu:collectTransportVersionReferences UP-TO-DATE
> Task :modules:workload-identity:spi:jar UP-TO-DATE
> Task :plugins:analysis-phonetic:compileJava UP-TO-DATE
> Task :modules:workload-identity:pluginProperties UP-TO-DATE
> Task :modules:repository-s3:collectTransportVersionReferences UP-TO-DATE
> Task :plugins:analysis-kuromoji:compileJava UP-TO-DATE
> Task :modules:workload-identity:generateTestBuildInfo UP-TO-DATE
> Task :plugins:analysis-nori:pluginProperties UP-TO-DATE
> Task :plugins:analysis-phonetic:generateTestBuildInfo UP-TO-DATE
> Task :plugins:analysis-kuromoji:generateTestBuildInfo UP-TO-DATE
> Task :plugins:analysis-smartcn:compileJava UP-TO-DATE
> Task :plugins:analysis-stempel:compileJava UP-TO-DATE
> Task :plugins:analysis-kuromoji:pluginProperties UP-TO-DATE
> Task :plugins:analysis-nori:processResources UP-TO-DATE
> Task :plugins:analysis-ukrainian:compileJava UP-TO-DATE
> Task :plugins:analysis-kuromoji:processResources UP-TO-DATE
> Task :plugins:analysis-nori:classes UP-TO-DATE
> Task :plugins:analysis-kuromoji:classes UP-TO-DATE
> Task :modules:workload-identity:processResources UP-TO-DATE
> Task :plugins:analysis-phonetic:pluginProperties UP-TO-DATE
> Task :modules:workload-identity:classes UP-TO-DATE
> Task :plugins:analysis-stempel:generateTestBuildInfo UP-TO-DATE
> Task :plugins:analysis-phonetic:processResources UP-TO-DATE
> Task :plugins:analysis-nori:collectTransportVersionReferences UP-TO-DATE
> Task :plugins:analysis-stempel:pluginProperties UP-TO-DATE
> Task :modules:workload-identity:collectTransportVersionReferences UP-TO-DATE
> Task :plugins:analysis-phonetic:classes UP-TO-DATE
> Task :plugins:analysis-kuromoji:collectTransportVersionReferences UP-TO-DATE
> Task :plugins:analysis-ukrainian:generateTestBuildInfo UP-TO-DATE
> Task :plugins:analysis-smartcn:generateTestBuildInfo UP-TO-DATE
> Task :plugins:analysis-ukrainian:pluginProperties UP-TO-DATE
> Task :plugins:analysis-phonetic:collectTransportVersionReferences UP-TO-DATE
> Task :plugins:analysis-smartcn:pluginProperties UP-TO-DATE
> Task :plugins:analysis-ukrainian:processResources UP-TO-DATE
> Task :plugins:analysis-smartcn:processResources UP-TO-DATE
> Task :plugins:analysis-stempel:processResources UP-TO-DATE
> Task :plugins:analysis-ukrainian:classes UP-TO-DATE
> Task :plugins:analysis-smartcn:classes UP-TO-DATE
> Task :plugins:analysis-stempel:classes UP-TO-DATE
> Task :plugins:analysis-ukrainian:collectTransportVersionReferences UP-TO-DATE
> Task :plugins:analysis-smartcn:collectTransportVersionReferences UP-TO-DATE
> Task :plugins:analysis-stempel:collectTransportVersionReferences UP-TO-DATE
> Task :plugins:mapper-annotated-text:compileJava UP-TO-DATE
> Task :plugins:discovery-azure-classic:compileJava UP-TO-DATE
> Task :plugins:mapper-size:compileJava UP-TO-DATE
> Task :plugins:discovery-ec2:compileJava UP-TO-DATE
> Task :plugins:mapper-annotated-text:generateTestBuildInfo UP-TO-DATE
> Task :plugins:discovery-azure-classic:generateTestBuildInfo UP-TO-DATE
> Task :plugins:mapper-murmur3:compileJava UP-TO-DATE
> Task :plugins:mapper-size:generateTestBuildInfo UP-TO-DATE
> Task :plugins:mapper-annotated-text:pluginProperties UP-TO-DATE
> Task :plugins:discovery-ec2:generateTestBuildInfo UP-TO-DATE
> Task :plugins:discovery-azure-classic:pluginProperties UP-TO-DATE
> Task :plugins:discovery-gce:compileJava UP-TO-DATE
> Task :plugins:mapper-size:pluginProperties UP-TO-DATE
> Task :plugins:repository-hdfs:compileJava UP-TO-DATE
> Task :plugins:mapper-murmur3:generateTestBuildInfo UP-TO-DATE
> Task :plugins:mapper-annotated-text:processResources UP-TO-DATE
> Task :plugins:mapper-annotated-text:classes UP-TO-DATE
> Task :plugins:discovery-ec2:pluginProperties UP-TO-DATE
> Task :plugins:mapper-murmur3:pluginProperties UP-TO-DATE
> Task :plugins:discovery-azure-classic:processResources UP-TO-DATE
> Task :plugins:mapper-annotated-text:collectTransportVersionReferences UP-TO-DATE
> Task :plugins:mapper-size:processResources UP-TO-DATE
> Task :plugins:discovery-gce:generateTestBuildInfo UP-TO-DATE
> Task :plugins:discovery-ec2:processResources UP-TO-DATE
> Task :plugins:mapper-size:classes UP-TO-DATE
> Task :plugins:discovery-ec2:classes UP-TO-DATE
> Task :plugins:discovery-azure-classic:classes UP-TO-DATE
> Task :plugins:mapper-murmur3:processResources UP-TO-DATE
> Task :plugins:mapper-murmur3:classes UP-TO-DATE
> Task :plugins:discovery-gce:pluginProperties UP-TO-DATE
> Task :plugins:repository-hdfs:generateTestBuildInfo UP-TO-DATE
> Task :plugins:discovery-gce:processResources UP-TO-DATE
> Task :plugins:mapper-murmur3:collectTransportVersionReferences UP-TO-DATE
> Task :plugins:discovery-ec2:collectTransportVersionReferences UP-TO-DATE
> Task :plugins:repository-hdfs:pluginProperties UP-TO-DATE
> Task :plugins:discovery-azure-classic:collectTransportVersionReferences UP-TO-DATE
> Task :plugins:repository-hdfs:processResources UP-TO-DATE
> Task :plugins:store-smb:compileJava UP-TO-DATE
> Task :qa:system-indices:compileJava UP-TO-DATE
> Task :plugins:mapper-size:collectTransportVersionReferences UP-TO-DATE
> Task :plugins:store-smb:generateTestBuildInfo UP-TO-DATE
> Task :plugins:discovery-gce:classes UP-TO-DATE
> Task :plugins:repository-hdfs:classes UP-TO-DATE
> Task :test:external-modules:test-apm-integration:compileJava UP-TO-DATE
> Task :plugins:discovery-gce:collectTransportVersionReferences UP-TO-DATE
> Task :plugins:store-smb:pluginProperties UP-TO-DATE
> Task :plugins:repository-hdfs:collectTransportVersionReferences UP-TO-DATE
> Task :qa:system-indices:generateTestBuildInfo UP-TO-DATE
> Task :plugins:store-smb:processResources UP-TO-DATE
> Task :test:external-modules:test-apm-integration:generateTestBuildInfo UP-TO-DATE
> Task :plugins:store-smb:classes UP-TO-DATE
> Task :qa:system-indices:pluginProperties UP-TO-DATE
> Task :test:external-modules:test-apm-integration:pluginProperties UP-TO-DATE
> Task :qa:logging-spi:compileJava UP-TO-DATE
> Task :plugins:store-smb:collectTransportVersionReferences UP-TO-DATE
> Task :test:external-modules:test-apm-integration:processResources UP-TO-DATE
> Task :qa:logging-spi:generateTestBuildInfo UP-TO-DATE
> Task :test:external-modules:test-delayed-aggs:compileJava UP-TO-DATE
> Task :test:external-modules:test-esql-heap-attack:compileJava UP-TO-DATE
> Task :test:external-modules:test-apm-integration:classes UP-TO-DATE
> Task :qa:system-indices:processResources UP-TO-DATE
> Task :qa:logging-spi:pluginProperties UP-TO-DATE
> Task :qa:system-indices:classes UP-TO-DATE
> Task :test:external-modules:test-die-with-dignity:compileJava UP-TO-DATE
> Task :test:external-modules:test-error-query:compileJava UP-TO-DATE
> Task :test:external-modules:test-delayed-aggs:generateTestBuildInfo UP-TO-DATE
> Task :qa:logging-spi:processResources UP-TO-DATE
> Task :test:external-modules:test-apm-integration:collectTransportVersionReferences UP-TO-DATE
> Task :test:external-modules:test-die-with-dignity:generateTestBuildInfo UP-TO-DATE
> Task :test:external-modules:test-esql-heap-attack:generateTestBuildInfo UP-TO-DATE
> Task :test:external-modules:test-error-query:generateTestBuildInfo UP-TO-DATE
> Task :qa:logging-spi:classes UP-TO-DATE
> Task :qa:system-indices:collectTransportVersionReferences UP-TO-DATE
> Task :test:external-modules:test-error-query:pluginProperties UP-TO-DATE
> Task :test:external-modules:test-delayed-aggs:pluginProperties UP-TO-DATE
> Task :test:external-modules:test-die-with-dignity:pluginProperties UP-TO-DATE
> Task :test:external-modules:test-delayed-aggs:processResources UP-TO-DATE
> Task :test:external-modules:test-delayed-aggs:classes UP-TO-DATE
> Task :test:external-modules:test-esql-heap-attack:pluginProperties UP-TO-DATE
> Task :qa:logging-spi:collectTransportVersionReferences UP-TO-DATE
> Task :test:external-modules:test-error-query:processResources UP-TO-DATE
> Task :test:external-modules:test-jvm-crash:compileJava UP-TO-DATE
> Task :test:external-modules:test-esql-heap-attack:processResources UP-TO-DATE
> Task :test:external-modules:test-delayed-aggs:collectTransportVersionReferences UP-TO-DATE
> Task :test:external-modules:test-latency-simulating-directory:compileJava UP-TO-DATE
> Task :test:external-modules:test-esql-heap-attack:classes UP-TO-DATE
> Task :test:external-modules:test-multi-project:collectTransportVersionReferences UP-TO-DATE
> Task :test:external-modules:test-esql-heap-attack:collectTransportVersionReferences UP-TO-DATE
> Task :test:external-modules:test-error-query:classes UP-TO-DATE
> Task :test:external-modules:test-error-query:collectTransportVersionReferences UP-TO-DATE
> Task :test:external-modules:test-die-with-dignity:processResources UP-TO-DATE
> Task :test:external-modules:test-die-with-dignity:classes UP-TO-DATE
> Task :test:external-modules:test-latency-simulating-directory:generateTestBuildInfo UP-TO-DATE
> Task :x-pack:plugin:blob-cache:extractForeignApiJar UP-TO-DATE
> Task :test:external-modules:test-die-with-dignity:collectTransportVersionReferences UP-TO-DATE
> Task :test:external-modules:test-jvm-crash:generateTestBuildInfo UP-TO-DATE
> Task :test:external-modules:test-latency-simulating-directory:pluginProperties UP-TO-DATE
> Task :test:external-modules:test-otel-filter-plugin:compileJava UP-TO-DATE
> Task :x-pack:plugin:encryption:spi:compileJava UP-TO-DATE
> Task :x-pack:plugin:encryption:spi:processResources NO-SOURCE
> Task :x-pack:plugin:encryption:spi:classes UP-TO-DATE
> Task :test:external-modules:test-jvm-crash:pluginProperties UP-TO-DATE
> Task :test:external-modules:test-jvm-crash:processResources UP-TO-DATE
> Task :test:external-modules:test-jvm-crash:classes UP-TO-DATE
> Task :x-pack:plugin:blob-cache:compileJava UP-TO-DATE
> Task :test:external-modules:test-jvm-crash:collectTransportVersionReferences UP-TO-DATE
> Task :x-pack:plugin:core:template-resources:compileJava UP-TO-DATE
> Task :test:external-modules:test-latency-simulating-directory:processResources UP-TO-DATE
> Task :test:external-modules:test-latency-simulating-directory:classes UP-TO-DATE
> Task :x-pack:plugin:blob-cache:generateTestBuildInfo UP-TO-DATE
> Task :test:external-modules:test-latency-simulating-directory:collectTransportVersionReferences UP-TO-DATE
> Task :test:external-modules:test-otel-filter-plugin:generateTestBuildInfo UP-TO-DATE
> Task :x-pack:plugin:blob-cache:pluginProperties UP-TO-DATE
> Task :test:external-modules:test-otel-filter-plugin:pluginProperties UP-TO-DATE
> Task :x-pack:plugin:core:template-resources:processResources UP-TO-DATE
> Task :x-pack:plugin:blob-cache:processResources UP-TO-DATE
> Task :x-pack:plugin:core:template-resources:classes UP-TO-DATE
> Task :test:external-modules:test-otel-filter-plugin:processResources UP-TO-DATE
> Task :x-pack:plugin:blob-cache:classes UP-TO-DATE
> Task :x-pack:plugin:encryption:spi:jar UP-TO-DATE
> Task :test:external-modules:test-otel-filter-plugin:classes UP-TO-DATE
> Task :x-pack:plugin:blob-cache:collectTransportVersionReferences UP-TO-DATE
> Task :test:external-modules:test-otel-filter-plugin:collectTransportVersionReferences UP-TO-DATE
> Task :x-pack:plugin:core:template-resources:jar UP-TO-DATE
> Task :x-pack:plugin:esql:stringTemplates UP-TO-DATE
> Task :libs:arrow:compileJava UP-TO-DATE
> Task :x-pack:plugin:esql:compute:ann:compileJava UP-TO-DATE
> Task :libs:h3:compileJava UP-TO-DATE
> Task :libs:swisshash:compileJava UP-TO-DATE
> Task :x-pack:plugin:esql:compute:ann:processResources NO-SOURCE
> Task :x-pack:plugin:esql:compute:ann:classes UP-TO-DATE
> Task :modules:lang-mustache:jar UP-TO-DATE
> Task :libs:arrow:processResources NO-SOURCE
> Task :libs:arrow:classes UP-TO-DATE
> Task :x-pack:plugin:esql:compute:ann:jar UP-TO-DATE
> Task :x-pack:plugin:esql-datasource-netty-commons:compileJava UP-TO-DATE
> Task :libs:swisshash:processResources NO-SOURCE
> Task :x-pack:plugin:esql:compute:gen:compileJava UP-TO-DATE
> Task :libs:h3:processResources NO-SOURCE
> Task :libs:swisshash:classes UP-TO-DATE
> Task :libs:h3:classes UP-TO-DATE
> Task :x-pack:plugin:esql:compute:gen:processResources UP-TO-DATE
> Task :x-pack:plugin:esql:compute:stringTemplates UP-TO-DATE
> Task :x-pack:plugin:esql:compute:gen:classes UP-TO-DATE
> Task :x-pack:plugin:esql:compute:processResources NO-SOURCE
> Task :x-pack:plugin:esql-datasource-netty-commons:generateTestBuildInfo UP-TO-DATE
> Task :x-pack:plugin:esql-datasource-netty-commons:pluginProperties UP-TO-DATE
> Task :x-pack:plugin:esql-datasource-netty-commons:processResources UP-TO-DATE
> Task :x-pack:plugin:core:compileJava UP-TO-DATE
> Task :x-pack:plugin:esql-datasource-netty-commons:classes UP-TO-DATE
> Task :x-pack:plugin:esql:compute:gen:jar UP-TO-DATE
> Task :libs:workload-identity-aws:compileJava UP-TO-DATE
> Task :libs:arrow:jar UP-TO-DATE
> Task :libs:swisshash:jar UP-TO-DATE
> Task :libs:h3:jar UP-TO-DATE
> Task :x-pack:plugin:apm-data:compileJava UP-TO-DATE
> Task :x-pack:plugin:async:compileJava UP-TO-DATE
> Task :x-pack:plugin:core:generateTestBuildInfo UP-TO-DATE
> Task :x-pack:plugin:analytics:compileJava UP-TO-DATE
> Task :x-pack:plugin:async-search:compileJava UP-TO-DATE
> Task :x-pack:plugin:autoscaling:compileJava UP-TO-DATE
> Task :x-pack:plugin:ccr:compileJava UP-TO-DATE
> Task :x-pack:plugin:async-search:generateTestBuildInfo UP-TO-DATE
> Task :x-pack:plugin:analytics:generateTestBuildInfo UP-TO-DATE
> Task :x-pack:plugin:async:generateTestBuildInfo UP-TO-DATE
> Task :x-pack:plugin:ccr:generateTestBuildInfo UP-TO-DATE
> Task :x-pack:plugin:core:pluginProperties UP-TO-DATE
> Task :x-pack:plugin:autoscaling:generateTestBuildInfo UP-TO-DATE
> Task :x-pack:plugin:apm-data:generateTestBuildInfo UP-TO-DATE
> Task :x-pack:plugin:async-search:pluginProperties UP-TO-DATE
> Task :x-pack:plugin:ccr:pluginProperties UP-TO-DATE
> Task :x-pack:plugin:apm-data:pluginProperties UP-TO-DATE
> Task :x-pack:plugin:autoscaling:pluginProperties UP-TO-DATE
> Task :x-pack:plugin:ccr:processResources UP-TO-DATE
> Task :x-pack:plugin:core:processResources UP-TO-DATE
> Task :x-pack:plugin:ccr:classes UP-TO-DATE
> Task :x-pack:plugin:analytics:pluginProperties UP-TO-DATE
> Task :x-pack:plugin:ccr:collectTransportVersionReferences UP-TO-DATE
> Task :x-pack:plugin:async:pluginProperties UP-TO-DATE
> Task :x-pack:plugin:autoscaling:processResources UP-TO-DATE
> Task :x-pack:plugin:core:classes UP-TO-DATE
> Task :x-pack:plugin:autoscaling:classes UP-TO-DATE
> Task :x-pack:plugin:analytics:processResources UP-TO-DATE
> Task :x-pack:plugin:async-search:processResources UP-TO-DATE
> Task :x-pack:plugin:async:processResources UP-TO-DATE
> Task :x-pack:plugin:async-search:classes UP-TO-DATE
> Task :x-pack:plugin:autoscaling:collectTransportVersionReferences UP-TO-DATE
> Task :x-pack:plugin:async:classes UP-TO-DATE
> Task :x-pack:plugin:async-search:collectTransportVersionReferences UP-TO-DATE
> Task :x-pack:plugin:analytics:classes UP-TO-DATE
> Task :x-pack:plugin:apm-data:processResources UP-TO-DATE
> Task :x-pack:plugin:apm-data:classes UP-TO-DATE
> Task :x-pack:plugin:async:collectTransportVersionReferences UP-TO-DATE
> Task :x-pack:plugin:analytics:collectTransportVersionReferences UP-TO-DATE
> Task :x-pack:plugin:diskbbq:compileJava UP-TO-DATE
> Task :x-pack:plugin:apm-data:collectTransportVersionReferences UP-TO-DATE
> Task :x-pack:plugin:core:collectTransportVersionReferences UP-TO-DATE
> Task :x-pack:plugin:dlm-frozen-transition:compileJava UP-TO-DATE
> Task :x-pack:plugin:deprecation:compileJava UP-TO-DATE
> Task :x-pack:plugin:diskbbq:generateTestBuildInfo UP-TO-DATE
> Task :x-pack:plugin:diskbbq:pluginProperties UP-TO-DATE
> Task :x-pack:plugin:search-business-rules:compileJava UP-TO-DATE
> Task :x-pack:plugin:diskbbq:processResources UP-TO-DATE
> Task :x-pack:plugin:diskbbq:classes UP-TO-DATE
> Task :x-pack:plugin:deprecation:generateTestBuildInfo UP-TO-DATE
> Task :x-pack:plugin:encryption:compileJava UP-TO-DATE
> Task :x-pack:plugin:enrich:compileJava UP-TO-DATE
> Task :x-pack:plugin:diskbbq:collectTransportVersionReferences UP-TO-DATE
> Task :x-pack:plugin:deprecation:pluginProperties UP-TO-DATE
> Task :x-pack:plugin:deprecation:processResources UP-TO-DATE
> Task :x-pack:plugin:deprecation:classes UP-TO-DATE
> Task :x-pack:plugin:deprecation:collectTransportVersionReferences UP-TO-DATE
> Task :x-pack:plugin:encryption:generateTestBuildInfo UP-TO-DATE
> Task :x-pack:plugin:dlm-frozen-transition:generateTestBuildInfo UP-TO-DATE
> Task :x-pack:plugin:enrich:generateTestBuildInfo UP-TO-DATE
> Task :x-pack:plugin:dlm-frozen-transition:pluginProperties UP-TO-DATE
> Task :x-pack:plugin:mapper-aggregate-metric:compileJava UP-TO-DATE
> Task :x-pack:plugin:enrich:pluginProperties UP-TO-DATE
> Task :x-pack:plugin:dlm-frozen-transition:processResources UP-TO-DATE
> Task :x-pack:plugin:encryption:pluginProperties UP-TO-DATE
> Task :x-pack:plugin:enrich:processResources UP-TO-DATE
> Task :x-pack:plugin:enrich:classes UP-TO-DATE
> Task :x-pack:plugin:dlm-frozen-transition:classes UP-TO-DATE
> Task :x-pack:plugin:enrich:collectTransportVersionReferences UP-TO-DATE
> Task :x-pack:plugin:encryption:processResources UP-TO-DATE
> Task :x-pack:plugin:kql:compileJava UP-TO-DATE
> Task :x-pack:plugin:dlm-frozen-transition:collectTransportVersionReferences UP-TO-DATE
> Task :x-pack:plugin:mapper-version:compileJava UP-TO-DATE
> Task :x-pack:plugin:encryption:classes UP-TO-DATE
> Task :x-pack:plugin:downsample:compileJava UP-TO-DATE
> Task :x-pack:plugin:encryption:collectTransportVersionReferences UP-TO-DATE
> Task :x-pack:plugin:kql:generateTestBuildInfo UP-TO-DATE
> Task :x-pack:plugin:ent-search:compileJava UP-TO-DATE
> Task :x-pack:plugin:mapper-version:generateTestBuildInfo UP-TO-DATE
> Task :x-pack:plugin:downsample:generateTestBuildInfo UP-TO-DATE
> Task :x-pack:plugin:esql-core:compileJava UP-TO-DATE
> Task :x-pack:plugin:ql:compileJava UP-TO-DATE
> Task :x-pack:plugin:ml-package-loader:compileJava UP-TO-DATE
> Task :x-pack:plugin:downsample:pluginProperties UP-TO-DATE
> Task :x-pack:plugin:mapper-version:pluginProperties UP-TO-DATE
> Task :x-pack:plugin:esql-core:pluginProperties UP-TO-DATE
> Task :x-pack:plugin:ent-search:generateTestBuildInfo UP-TO-DATE
> Task :x-pack:plugin:kql:pluginProperties UP-TO-DATE
> Task :x-pack:plugin:downsample:processResources UP-TO-DATE
> Task :x-pack:plugin:downsample:classes UP-TO-DATE
> Task :x-pack:plugin:mapper-version:processResources UP-TO-DATE
> Task :x-pack:plugin:esql-datasource-netty-commons:collectTransportVersionReferences UP-TO-DATE
> Task :x-pack:plugin:kql:processResources UP-TO-DATE
> Task :x-pack:plugin:mapper-version:classes UP-TO-DATE
> Task :x-pack:plugin:kql:classes UP-TO-DATE
> Task :libs:workload-identity-aws:processResources NO-SOURCE
> Task :libs:workload-identity-aws:classes UP-TO-DATE
> Task :x-pack:plugin:downsample:collectTransportVersionReferences UP-TO-DATE
> Task :x-pack:plugin:ent-search:pluginProperties UP-TO-DATE
> Task :x-pack:plugin:ent-search:processResources UP-TO-DATE
> Task :x-pack:plugin:ent-search:classes UP-TO-DATE
> Task :x-pack:plugin:ent-search:collectTransportVersionReferences UP-TO-DATE
> Task :x-pack:plugin:ml:compileJava UP-TO-DATE
> Task :x-pack:plugin:ilm:compileJava UP-TO-DATE
> Task :x-pack:plugin:eql:compileJava UP-TO-DATE
> Task :x-pack:plugin:kql:jar UP-TO-DATE
> Task :x-pack:plugin:mapper-version:jar UP-TO-DATE
> Task :x-pack:plugin:esql-core:generateTestBuildInfo UP-TO-DATE
> Task :x-pack:plugin:fleet:compileJava UP-TO-DATE
> Task :x-pack:plugin:eql:generateTestBuildInfo UP-TO-DATE
> Task :x-pack:plugin:esql-core:processResources UP-TO-DATE
> Task :libs:workload-identity-aws:jar UP-TO-DATE
> Task :x-pack:plugin:fleet:generateTestBuildInfo UP-TO-DATE
> Task :x-pack:plugin:esql-core:classes UP-TO-DATE
> Task :x-pack:plugin:fleet:pluginProperties UP-TO-DATE
> Task :x-pack:plugin:esql-core:collectTransportVersionReferences UP-TO-DATE
> Task :x-pack:plugin:frozen-indices:compileJava UP-TO-DATE
> Task :libs:gpu-codec:compileJava UP-TO-DATE
> Task :x-pack:plugin:frozen-indices:generateTestBuildInfo UP-TO-DATE
> Task :x-pack:plugin:gpu:compileJava UP-TO-DATE
> Task :x-pack:plugin:geoip-enterprise-downloader:compileJava UP-TO-DATE
> Task :libs:gpu-codec:processResources UP-TO-DATE
> Task :libs:gpu-codec:classes UP-TO-DATE
> Task :x-pack:plugin:geoip-enterprise-downloader:generateTestBuildInfo UP-TO-DATE
> Task :x-pack:plugin:fleet:processResources UP-TO-DATE
> Task :x-pack:plugin:eql:pluginProperties UP-TO-DATE
> Task :x-pack:plugin:graph:compileJava UP-TO-DATE
> Task :x-pack:plugin:frozen-indices:pluginProperties UP-TO-DATE
> Task :x-pack:plugin:frozen-indices:processResources UP-TO-DATE
> Task :x-pack:plugin:geoip-enterprise-downloader:pluginProperties UP-TO-DATE
> Task :x-pack:plugin:fleet:classes UP-TO-DATE
> Task :x-pack:plugin:fleet:collectTransportVersionReferences UP-TO-DATE
> Task :x-pack:plugin:gpu:pluginProperties UP-TO-DATE
> Task :x-pack:plugin:eql:processResources UP-TO-DATE
> Task :x-pack:plugin:eql:classes UP-TO-DATE
> Task :x-pack:plugin:eql:collectTransportVersionReferences UP-TO-DATE
> Task :x-pack:plugin:geoip-enterprise-downloader:processResources UP-TO-DATE
> Task :x-pack:plugin:geoip-enterprise-downloader:classes UP-TO-DATE
> Task :x-pack:plugin:geoip-enterprise-downloader:collectTransportVersionReferences UP-TO-DATE
> Task :x-pack:plugin:frozen-indices:classes UP-TO-DATE
> Task :x-pack:plugin:frozen-indices:collectTransportVersionReferences UP-TO-DATE
> Task :x-pack:plugin:kql:collectTransportVersionReferences UP-TO-DATE
> Task :libs:gpu-codec:jar UP-TO-DATE
> Task :x-pack:plugin:graph:generateTestBuildInfo UP-TO-DATE
> Task :x-pack:libs:es-opensaml-security-api:compileJava UP-TO-DATE
> Task :x-pack:plugin:graph:pluginProperties UP-TO-DATE
> Task :x-pack:libs:es-opensaml-security-api:processResources UP-TO-DATE
> Task :x-pack:plugin:graph:processResources UP-TO-DATE
> Task :x-pack:plugin:graph:classes UP-TO-DATE
> Task :x-pack:libs:es-opensaml-security-api:classes UP-TO-DATE
> Task :x-pack:plugin:ilm:generateTestBuildInfo UP-TO-DATE
> Task :x-pack:plugin:graph:collectTransportVersionReferences UP-TO-DATE
> Task :server:spotlessJava UP-TO-DATE
> Task :x-pack:plugin:ilm:pluginProperties UP-TO-DATE
> Task :server:spotlessJavaCheck UP-TO-DATE
> Task :x-pack:plugin:gpu:generateTestBuildInfo UP-TO-DATE
> Task :x-pack:plugin:ilm:processResources UP-TO-DATE
> Task :x-pack:plugin:logsdb:compileJava UP-TO-DATE
> Task :x-pack:plugin:logstash:compileJava UP-TO-DATE
> Task :x-pack:plugin:gpu:processResources UP-TO-DATE
> Task :x-pack:plugin:ilm:classes UP-TO-DATE
> Task :x-pack:plugin:gpu:classes UP-TO-DATE
> Task :x-pack:plugin:ilm:collectTransportVersionReferences UP-TO-DATE
> Task :x-pack:plugin:gpu:collectTransportVersionReferences UP-TO-DATE
> Task :x-pack:plugin:logstash:generateTestBuildInfo UP-TO-DATE
> Task :server:internalClusterTestTestingConventions UP-TO-DATE
> Task :x-pack:plugin:logsdb:generateTestBuildInfo UP-TO-DATE
> Task :x-pack:plugin:logstash:pluginProperties UP-TO-DATE
> Task :x-pack:plugin:logstash:processResources UP-TO-DATE
> Task :x-pack:plugin:logsdb:pluginProperties UP-TO-DATE
> Task :x-pack:plugin:logstash:classes UP-TO-DATE
> Task :x-pack:libs:es-opensaml-security-api:shadowJar UP-TO-DATE
> Task :x-pack:plugin:mapper-constant-keyword:compileJava UP-TO-DATE
> Task :x-pack:plugin:inference:compileJava UP-TO-DATE
> Task :x-pack:plugin:mapper-aggregate-metric:generateTestBuildInfo UP-TO-DATE
> Task :x-pack:plugin:mapper-constant-keyword:generateTestBuildInfo UP-TO-DATE
> Task :x-pack:plugin:mapper-aggregate-metric:pluginProperties UP-TO-DATE
> Task :x-pack:plugin:mapper-constant-keyword:pluginProperties UP-TO-DATE
> Task :x-pack:plugin:mapper-aggregate-metric:processResources UP-TO-DATE
> Task :x-pack:plugin:mapper-constant-keyword:processResources UP-TO-DATE
> Task :x-pack:plugin:mapper-aggregate-metric:classes UP-TO-DATE
> Task :x-pack:plugin:logsdb:processResources UP-TO-DATE
> Task :x-pack:plugin:mapper-constant-keyword:classes UP-TO-DATE
> Task :x-pack:plugin:logsdb:classes UP-TO-DATE
> Task :x-pack:plugin:logstash:collectTransportVersionReferences UP-TO-DATE
> Task :x-pack:plugin:mapper-constant-keyword:collectTransportVersionReferences UP-TO-DATE
> Task :x-pack:plugin:logsdb:collectTransportVersionReferences UP-TO-DATE
> Task :x-pack:plugin:mapper-version:collectTransportVersionReferences UP-TO-DATE
> Task :x-pack:plugin:inference:generateTestBuildInfo UP-TO-DATE
> Task :x-pack:plugin:inference:pluginProperties UP-TO-DATE
> Task :x-pack:plugin:inference:processResources UP-TO-DATE
> Task :x-pack:plugin:mapper-aggregate-metric:collectTransportVersionReferences UP-TO-DATE
> Task :x-pack:plugin:mapper-unsigned-long:compileJava UP-TO-DATE
> Task :x-pack:plugin:migrate:compileJava UP-TO-DATE
> Task :x-pack:plugin:inference:classes UP-TO-DATE
> Task :x-pack:plugin:inference:collectTransportVersionReferences UP-TO-DATE
> Task :x-pack:plugin:mapper-unsigned-long:generateTestBuildInfo UP-TO-DATE
> Task :x-pack:plugin:ml-package-loader:generateTestBuildInfo UP-TO-DATE
> Task :x-pack:plugin:mapper-unsigned-long:pluginProperties UP-TO-DATE
> Task :x-pack:plugin:ml-package-loader:pluginProperties UP-TO-DATE
> Task :x-pack:plugin:migrate:generateTestBuildInfo UP-TO-DATE
> Task :x-pack:plugin:mapper-unsigned-long:processResources UP-TO-DATE
> Task :x-pack:plugin:ml-package-loader:processResources UP-TO-DATE
> Task :x-pack:plugin:migrate:pluginProperties UP-TO-DATE
> Task :x-pack:plugin:mapper-unsigned-long:classes UP-TO-DATE
> Task :x-pack:plugin:ml-package-loader:classes UP-TO-DATE
> Task :x-pack:plugin:mapper-counted-keyword:compileJava UP-TO-DATE
> Task :x-pack:plugin:mapper-unsigned-long:collectTransportVersionReferences UP-TO-DATE
> Task :x-pack:plugin:ml-package-loader:collectTransportVersionReferences UP-TO-DATE
> Task :x-pack:plugin:identity-provider:compileJava UP-TO-DATE
> Task :x-pack:plugin:ml:generateTestBuildInfo UP-TO-DATE
> Task :x-pack:plugin:ml:pluginProperties UP-TO-DATE
> Task :x-pack:plugin:migrate:processResources UP-TO-DATE
> Task :x-pack:plugin:mapper-counted-keyword:generateTestBuildInfo UP-TO-DATE
> Task :x-pack:plugin:migrate:classes UP-TO-DATE
> Task :server:testTestingConventions UP-TO-DATE
> Task :server:testingConventions UP-TO-DATE
> Task :x-pack:plugin:identity-provider:generateTestBuildInfo UP-TO-DATE
> Task :x-pack:plugin:ml:processResources UP-TO-DATE
> Task :client:sniffer:compileJava UP-TO-DATE
> Task :x-pack:plugin:mapper-counted-keyword:pluginProperties UP-TO-DATE
> Task :x-pack:plugin:old-lucene-versions:compileJava UP-TO-DATE
> Task :server:thirdPartyAuditResources UP-TO-DATE
> Task :x-pack:plugin:identity-provider:pluginProperties UP-TO-DATE
> Task :x-pack:plugin:ml:classes UP-TO-DATE
> Task :x-pack:plugin:migrate:collectTransportVersionReferences UP-TO-DATE
> Task :x-pack:plugin:identity-provider:processResources UP-TO-DATE
> Task :x-pack:plugin:identity-provider:classes UP-TO-DATE
> Task :client:sniffer:processResources NO-SOURCE
> Task :client:sniffer:classes UP-TO-DATE
> Task :x-pack:plugin:mapper-counted-keyword:processResources UP-TO-DATE
> Task :x-pack:plugin:mapper-counted-keyword:classes UP-TO-DATE
> Task :x-pack:plugin:ml:collectTransportVersionReferences UP-TO-DATE
> Task :server:thirdPartyAudit UP-TO-DATE
> Task :x-pack:plugin:otel-data:protobufDummy UP-TO-DATE
> Task :x-pack:plugin:identity-provider:collectTransportVersionReferences UP-TO-DATE
> Task :x-pack:plugin:old-lucene-versions:generateTestBuildInfo UP-TO-DATE
> Task :x-pack:plugin:mapper-counted-keyword:collectTransportVersionReferences UP-TO-DATE
> Task :server:validateModule UP-TO-DATE
> Task :x-pack:plugin:prometheus:protobufDummy UP-TO-DATE
> Task :x-pack:plugin:old-lucene-versions:pluginProperties UP-TO-DATE
> Task :x-pack:plugin:monitoring:compileJava UP-TO-DATE
> Task :x-pack:plugin:prometheus:extractProto UP-TO-DATE
> Task :x-pack:plugin:otel-data:extractIncludeProto UP-TO-DATE
> Task :x-pack:plugin:monitoring:pluginProperties UP-TO-DATE
> Task :x-pack:plugin:profiling:compileJava UP-TO-DATE
> Task :x-pack:plugin:old-lucene-versions:processResources UP-TO-DATE
> Task :x-pack:plugin:ql:generateTestBuildInfo UP-TO-DATE
> Task :x-pack:plugin:otel-data:extractOtelProtos UP-TO-DATE
> Task :x-pack:plugin:otel-data:extractProto UP-TO-DATE
> Task :x-pack:plugin:profiling:generateTestBuildInfo UP-TO-DATE
> Task :x-pack:plugin:old-lucene-versions:classes UP-TO-DATE
> Task :x-pack:plugin:old-lucene-versions:collectTransportVersionReferences UP-TO-DATE
> Task :x-pack:plugin:profiling:pluginProperties UP-TO-DATE
> Task :x-pack:plugin:profiling:processResources UP-TO-DATE
> Task :x-pack:plugin:rank-rrf:compileJava UP-TO-DATE
> Task :x-pack:plugin:profiling:classes UP-TO-DATE
> Task :x-pack:plugin:profiling:collectTransportVersionReferences UP-TO-DATE
> Task :x-pack:plugin:ql:pluginProperties UP-TO-DATE
> Task :x-pack:plugin:otel-data:generateProto UP-TO-DATE
> Task :x-pack:plugin:rank-rrf:generateTestBuildInfo UP-TO-DATE
> Task :x-pack:plugin:ql:processResources UP-TO-DATE
> Task :x-pack:plugin:redact:compileJava UP-TO-DATE
> Task :x-pack:plugin:ql:classes UP-TO-DATE
> Task :x-pack:plugin:ql:collectTransportVersionReferences UP-TO-DATE
> Task :x-pack:plugin:rank-rrf:pluginProperties UP-TO-DATE
> Task :client:sniffer:jar UP-TO-DATE
> Task :x-pack:plugin:rank-rrf:processResources UP-TO-DATE
> Task :x-pack:plugin:rank-rrf:classes UP-TO-DATE
> Task :server:generatePomFileForElasticPublication
> Task :x-pack:plugin:rank-vectors:compileJava UP-TO-DATE
> Task :x-pack:plugin:redact:generateTestBuildInfo UP-TO-DATE
> Task :x-pack:plugin:monitoring:generateTestBuildInfo UP-TO-DATE
> Task :x-pack:plugin:rank-rrf:collectTransportVersionReferences UP-TO-DATE
> Task :server:validateElasticPom UP-TO-DATE
> Task :server:validatePom UP-TO-DATE
> Task :x-pack:plugin:redact:pluginProperties UP-TO-DATE
> Task :x-pack:plugin:rank-vectors:generateTestBuildInfo UP-TO-DATE
> Task :x-pack:plugin:monitoring:processResources UP-TO-DATE
> Task :x-pack:plugin:repositories-metering-api:compileJava UP-TO-DATE
> Task :x-pack:plugin:monitoring:classes UP-TO-DATE
> Task :x-pack:plugin:otel-data:compileJava UP-TO-DATE
> Task :server:collectTransportVersionReferences UP-TO-DATE
> Task :x-pack:plugin:rank-vectors:pluginProperties UP-TO-DATE
> Task :x-pack:plugin:monitoring:collectTransportVersionReferences UP-TO-DATE
> Task :server:validateTransportVersionReferences UP-TO-DATE
> Task :x-pack:plugin:redact:processResources UP-TO-DATE
> Task :x-pack:plugin:otel-data:generateTestBuildInfo UP-TO-DATE
> Task :x-pack:plugin:redact:classes UP-TO-DATE
> Task :x-pack:plugin:repositories-metering-api:generateTestBuildInfo UP-TO-DATE
> Task :x-pack:plugin:rank-vectors:processResources UP-TO-DATE
> Task :x-pack:plugin:rank-vectors:classes UP-TO-DATE
> Task :x-pack:plugin:search-business-rules:generateTestBuildInfo UP-TO-DATE
> Task :x-pack:plugin:redact:collectTransportVersionReferences UP-TO-DATE
> Task :x-pack:plugin:rank-vectors:collectTransportVersionReferences UP-TO-DATE
> Task :x-pack:plugin:rollup:compileJava UP-TO-DATE
> Task :x-pack:plugin:otel-data:pluginProperties UP-TO-DATE
> Task :x-pack:plugin:repositories-metering-api:pluginProperties UP-TO-DATE
> Task :x-pack:plugin:searchable-snapshots:extractForeignApiJar UP-TO-DATE
> Task :x-pack:plugin:repositories-metering-api:processResources UP-TO-DATE
> Task :server:jar UP-TO-DATE
> Task :x-pack:plugin:repositories-metering-api:classes UP-TO-DATE
> Task :x-pack:plugin:secure-settings:compileJava UP-TO-DATE
> Task :x-pack:plugin:otel-data:processResources UP-TO-DATE
> Task :x-pack:plugin:search-business-rules:pluginProperties UP-TO-DATE
> Task :x-pack:plugin:rollup:generateTestBuildInfo UP-TO-DATE
> Task :x-pack:plugin:otel-data:classes UP-TO-DATE
> Task :x-pack:plugin:search-business-rules:processResources UP-TO-DATE
> Task :x-pack:plugin:search-business-rules:classes UP-TO-DATE
> Task :x-pack:plugin:repositories-metering-api:collectTransportVersionReferences UP-TO-DATE
> Task :x-pack:plugin:rollup:pluginProperties UP-TO-DATE
> Task :x-pack:plugin:otel-data:collectTransportVersionReferences UP-TO-DATE
> Task :x-pack:plugin:search-business-rules:collectTransportVersionReferences UP-TO-DATE
> Task :x-pack:plugin:secure-settings:generateTestBuildInfo UP-TO-DATE
> Task :x-pack:plugin:rollup:processResources UP-TO-DATE
> Task :x-pack:plugin:searchable-snapshots:compileJava UP-TO-DATE
> Task :x-pack:plugin:rollup:classes UP-TO-DATE
> Task :x-pack:plugin:secure-settings:pluginProperties UP-TO-DATE
> Task :x-pack:plugin:rollup:collectTransportVersionReferences UP-TO-DATE
> Task :x-pack:plugin:shutdown:compileJava UP-TO-DATE
> Task :x-pack:plugin:secure-settings:processResources UP-TO-DATE
> Task :x-pack:plugin:secure-settings:classes UP-TO-DATE
> Task :x-pack:plugin:security:compileJava UP-TO-DATE
> Task :x-pack:plugin:secure-settings:collectTransportVersionReferences UP-TO-DATE
> Task :x-pack:plugin:shutdown:generateTestBuildInfo UP-TO-DATE
> Task :x-pack:plugin:slm:compileJava UP-TO-DATE
> Task :x-pack:plugin:shutdown:pluginProperties UP-TO-DATE
> Task :x-pack:plugin:shutdown:processResources UP-TO-DATE
> Task :x-pack:plugin:shutdown:classes UP-TO-DATE
> Task :x-pack:plugin:searchable-snapshots:generateTestBuildInfo UP-TO-DATE
> Task :x-pack:plugin:shutdown:collectTransportVersionReferences UP-TO-DATE
> Task :x-pack:plugin:searchable-snapshots:pluginProperties UP-TO-DATE
> Task :x-pack:plugin:snapshot-based-recoveries:compileJava UP-TO-DATE
> Task :x-pack:plugin:snapshot-repo-test-kit:compileJava UP-TO-DATE
> Task :x-pack:plugin:sql:sql-proto:compileJava UP-TO-DATE
> Task :x-pack:plugin:searchable-snapshots:processResources UP-TO-DATE
> Task :x-pack:plugin:searchable-snapshots:classes UP-TO-DATE
> Task :x-pack:plugin:snapshot-repo-test-kit:generateTestBuildInfo UP-TO-DATE
> Task :x-pack:plugin:security:generateTestBuildInfo UP-TO-DATE
> Task :x-pack:plugin:snapshot-based-recoveries:generateTestBuildInfo UP-TO-DATE
> Task :x-pack:plugin:slm:generateTestBuildInfo UP-TO-DATE
> Task :x-pack:plugin:snapshot-repo-test-kit:pluginProperties UP-TO-DATE
> Task :x-pack:plugin:searchable-snapshots:collectTransportVersionReferences UP-TO-DATE
> Task :x-pack:plugin:security:pluginProperties UP-TO-DATE
> Task :x-pack:plugin:spatial:compileJava UP-TO-DATE
> Task :x-pack:plugin:slm:pluginProperties UP-TO-DATE
> Task :x-pack:plugin:snapshot-repo-test-kit:processResources UP-TO-DATE
> Task :x-pack:plugin:snapshot-repo-test-kit:classes UP-TO-DATE
> Task :x-pack:plugin:slm:processResources UP-TO-DATE
> Task :x-pack:plugin:security:processResources UP-TO-DATE
> Task :x-pack:plugin:snapshot-based-recoveries:pluginProperties UP-TO-DATE
> Task :x-pack:plugin:sql:sql-action:compileJava UP-TO-DATE
> Task :x-pack:plugin:security:classes UP-TO-DATE
> Task :x-pack:plugin:security:collectTransportVersionReferences UP-TO-DATE
> Task :x-pack:plugin:slm:classes UP-TO-DATE
> Task :x-pack:plugin:spatial:generateTestBuildInfo UP-TO-DATE
> Task :x-pack:plugin:snapshot-repo-test-kit:collectTransportVersionReferences UP-TO-DATE
> Task :x-pack:plugin:snapshot-based-recoveries:processResources UP-TO-DATE
> Task :x-pack:plugin:snapshot-based-recoveries:classes UP-TO-DATE
> Task :x-pack:plugin:snapshot-based-recoveries:collectTransportVersionReferences UP-TO-DATE
> Task :x-pack:plugin:slm:collectTransportVersionReferences UP-TO-DATE
> Task :x-pack:plugin:spatial:pluginProperties UP-TO-DATE
> Task :x-pack:plugin:sql:sql-action:processResources NO-SOURCE
> Task :x-pack:plugin:sql:sql-action:classes UP-TO-DATE
> Task :x-pack:plugin:sql:sql-proto:processResources NO-SOURCE
> Task :x-pack:plugin:sql:sql-proto:classes UP-TO-DATE
> Task :x-pack:plugin:spatial:processResources UP-TO-DATE
> Task :x-pack:plugin:spatial:classes UP-TO-DATE
> Task :x-pack:plugin:spatial:collectTransportVersionReferences UP-TO-DATE
> Task :x-pack:plugin:core:jar UP-TO-DATE
> Task :x-pack:plugin:ql:jar UP-TO-DATE
> Task :x-pack:plugin:sql:sql-action:jar UP-TO-DATE
> Task :modules:aggregations:jar UP-TO-DATE
> Task :x-pack:plugin:stateless:extractForeignApiJar UP-TO-DATE
> Task :x-pack:plugin:stateless-no-wait-for-active-shards:compileJava UP-TO-DATE
> Task :x-pack:plugin:stateless-master-failover:compileJava UP-TO-DATE
> Task :x-pack:plugin:sql:sql-proto:jar UP-TO-DATE
> Task :x-pack:plugin:stateless-no-wait-for-active-shards:generateTestBuildInfo UP-TO-DATE
> Task :x-pack:plugin:stack:compileJava UP-TO-DATE
> Task :x-pack:plugin:stateless:compileJava UP-TO-DATE
> Task :x-pack:plugin:stateless-health-shards-availability:compileJava UP-TO-DATE
> Task :x-pack:plugin:sql:compileJava UP-TO-DATE
> Task :x-pack:plugin:stateless-master-failover:generateTestBuildInfo UP-TO-DATE
> Task :x-pack:plugin:stateless-no-wait-for-active-shards:pluginProperties UP-TO-DATE
> Task :x-pack:plugin:stack:generateTestBuildInfo UP-TO-DATE
> Task :x-pack:plugin:stateless:generateTestBuildInfo UP-TO-DATE
> Task :x-pack:plugin:stateless-sigterm:compileJava UP-TO-DATE
> Task :x-pack:plugin:stateless-master-failover:pluginProperties UP-TO-DATE
> Task :x-pack:plugin:stateless-no-wait-for-active-shards:processResources UP-TO-DATE
> Task :x-pack:plugin:stateless:pluginProperties UP-TO-DATE
> Task :x-pack:plugin:sql:generateTestBuildInfo UP-TO-DATE
> Task :x-pack:plugin:stack:pluginProperties UP-TO-DATE
> Task :x-pack:plugin:stateless-master-failover:processResources UP-TO-DATE
> Task :x-pack:plugin:stateless-no-wait-for-active-shards:classes UP-TO-DATE
> Task :x-pack:plugin:stateless-health-shards-availability:generateTestBuildInfo UP-TO-DATE
> Task :x-pack:plugin:sql:pluginProperties UP-TO-DATE
> Task :x-pack:plugin:stack:processResources UP-TO-DATE
> Task :x-pack:plugin:stateless-master-failover:classes UP-TO-DATE
> Task :x-pack:plugin:stack:classes UP-TO-DATE
> Task :x-pack:plugin:stateless:processResources UP-TO-DATE
> Task :x-pack:plugin:stateless:classes UP-TO-DATE
> Task :x-pack:plugin:stateless-health-shards-availability:pluginProperties UP-TO-DATE
> Task :x-pack:plugin:sql:processResources UP-TO-DATE
> Task :x-pack:plugin:stateless-master-failover:collectTransportVersionReferences UP-TO-DATE
> Task :x-pack:plugin:stack:collectTransportVersionReferences UP-TO-DATE
> Task :x-pack:plugin:stateless-sigterm:pluginProperties UP-TO-DATE
> Task :x-pack:plugin:stateless-no-wait-for-active-shards:collectTransportVersionReferences UP-TO-DATE
> Task :x-pack:plugin:stateless-health-shards-availability:processResources UP-TO-DATE
> Task :x-pack:plugin:stateless-health-shards-availability:classes UP-TO-DATE
> Task :x-pack:plugin:shutdown:jar UP-TO-DATE
> Task :x-pack:plugin:sql:classes UP-TO-DATE
> Task :x-pack:plugin:stateless:collectTransportVersionReferences UP-TO-DATE
> Task :x-pack:plugin:stateless-health-shards-availability:collectTransportVersionReferences UP-TO-DATE
> Task :x-pack:plugin:sql:collectTransportVersionReferences UP-TO-DATE
> Task :x-pack:plugin:stateless-sigterm:generateTestBuildInfo UP-TO-DATE
> Task :x-pack:plugin:transform:compileJava UP-TO-DATE
> Task :x-pack:plugin:text-structure:compileJava UP-TO-DATE
> Task :x-pack:plugin:vector-tile:compileJava UP-TO-DATE
> Task :x-pack:plugin:voting-only-node:compileJava UP-TO-DATE
> Task :x-pack:plugin:stateless-sigterm:processResources UP-TO-DATE
> Task :x-pack:plugin:stateless-sigterm:classes UP-TO-DATE
> Task :x-pack:plugin:watcher:compileJava UP-TO-DATE
> Task :x-pack:plugin:vector-tile:generateTestBuildInfo UP-TO-DATE
> Task :x-pack:plugin:wildcard:compileJava UP-TO-DATE
> Task :x-pack:plugin:transform:generateTestBuildInfo UP-TO-DATE
> Task :x-pack:plugin:stateless-sigterm:collectTransportVersionReferences UP-TO-DATE
> Task :x-pack:plugin:text-structure:generateTestBuildInfo UP-TO-DATE
> Task :x-pack:plugin:vector-tile:pluginProperties UP-TO-DATE
> Task :x-pack:plugin:watcher:generateTestBuildInfo UP-TO-DATE
> Task :x-pack:plugin:text-structure:pluginProperties UP-TO-DATE
> Task :x-pack:plugin:write-load-forecaster:compileJava UP-TO-DATE
> Task :x-pack:plugin:voting-only-node:generateTestBuildInfo UP-TO-DATE
> Task :x-pack:plugin:wildcard:generateTestBuildInfo UP-TO-DATE
> Task :x-pack:plugin:transform:pluginProperties UP-TO-DATE
> Task :x-pack:plugin:watcher:pluginProperties UP-TO-DATE
> Task :x-pack:plugin:vector-tile:processResources UP-TO-DATE
> Task :x-pack:plugin:voting-only-node:pluginProperties UP-TO-DATE
> Task :x-pack:plugin:transform:processResources UP-TO-DATE
> Task :x-pack:plugin:vector-tile:classes UP-TO-DATE
> Task :x-pack:plugin:transform:classes UP-TO-DATE
> Task :x-pack:plugin:watcher:processResources UP-TO-DATE
> Task :x-pack:plugin:text-structure:processResources UP-TO-DATE
> Task :x-pack:plugin:watcher:classes UP-TO-DATE
> Task :x-pack:plugin:wildcard:pluginProperties UP-TO-DATE
> Task :x-pack:plugin:write-load-forecaster:generateTestBuildInfo UP-TO-DATE
> Task :x-pack:plugin:vector-tile:collectTransportVersionReferences UP-TO-DATE
> Task :x-pack:plugin:text-structure:classes UP-TO-DATE
> Task :x-pack:plugin:transform:collectTransportVersionReferences UP-TO-DATE
> Task :x-pack:plugin:voting-only-node:processResources UP-TO-DATE
> Task :x-pack:plugin:voting-only-node:classes UP-TO-DATE
> Task :x-pack:plugin:watcher:collectTransportVersionReferences UP-TO-DATE
> Task :x-pack:plugin:wildcard:processResources UP-TO-DATE
> Task :x-pack:plugin:wildcard:classes UP-TO-DATE
> Task :x-pack:plugin:write-load-forecaster:pluginProperties UP-TO-DATE
> Task :x-pack:plugin:text-structure:collectTransportVersionReferences UP-TO-DATE
> Task :x-pack:plugin:voting-only-node:collectTransportVersionReferences UP-TO-DATE
> Task :x-pack:extras:plugins:microsoft-graph-authz:kiota-merged:compileJava NO-SOURCE
> Task :x-pack:plugin:write-load-forecaster:processResources UP-TO-DATE
> Task :x-pack:plugin:write-load-forecaster:classes UP-TO-DATE
> Task :x-pack:extras:plugins:microsoft-graph-authz:kiota-merged:processResources NO-SOURCE
> Task :x-pack:plugin:write-load-forecaster:collectTransportVersionReferences UP-TO-DATE
> Task :libs:entitlement:qa:entitled-plugin:compileJava UP-TO-DATE
> Task :x-pack:qa:security-implicit-privileges-extension:compileJava UP-TO-DATE
> Task :x-pack:plugin:encryption:spi:collectTransportVersionReferences UP-TO-DATE
> Task :x-pack:test:deprecated-query:compileJava UP-TO-DATE
> Task :x-pack:plugin:wildcard:collectTransportVersionReferences UP-TO-DATE
> Task :x-pack:extras:plugins:microsoft-graph-authz:kiota-merged:classes UP-TO-DATE
> Task :x-pack:qa:security-example-spi-extension:compileJava UP-TO-DATE
> Task :x-pack:test:deprecated-query:generateTestBuildInfo UP-TO-DATE
> Task :x-pack:qa:security-implicit-privileges-extension:generateTestBuildInfo UP-TO-DATE
> Task :x-pack:plugin:sql:sql-action:collectTransportVersionReferences UP-TO-DATE
> Task :libs:entitlement:qa:entitled-plugin:generateTestBuildInfo UP-TO-DATE
> Task :x-pack:qa:security-example-spi-extension:generateTestBuildInfo UP-TO-DATE
> Task :x-pack:qa:security-implicit-privileges-extension:pluginProperties UP-TO-DATE
> Task :libs:entitlement:qa:entitled-plugin:pluginProperties UP-TO-DATE
> Task :x-pack:test:deprecated-query:pluginProperties UP-TO-DATE
> Task :libs:entitlement:qa:entitlement-test-plugin:compileJava UP-TO-DATE
> Task :x-pack:test:deprecated-query:processResources UP-TO-DATE
> Task :x-pack:test:deprecated-query:classes UP-TO-DATE
> Task :x-pack:qa:security-example-spi-extension:pluginProperties UP-TO-DATE
> Task :x-pack:extras:plugins:microsoft-graph-authz:kiota-merged:shadowJar UP-TO-DATE
> Task :x-pack:qa:security-implicit-privileges-extension:processResources UP-TO-DATE
> Task :x-pack:qa:security-implicit-privileges-extension:classes UP-TO-DATE
> Task :libs:entitlement:qa:entitled-plugin:processResources UP-TO-DATE
> Task :x-pack:qa:security-example-spi-extension:processResources UP-TO-DATE
> Task :x-pack:qa:security-implicit-privileges-extension:collectTransportVersionReferences UP-TO-DATE
> Task :x-pack:test:deprecated-query:collectTransportVersionReferences UP-TO-DATE
> Task :x-pack:plugin:deprecation:qa:early-deprecation-plugin:compileJava UP-TO-DATE
> Task :x-pack:plugin:deprecation:qa:common:compileJava UP-TO-DATE
> Task :x-pack:qa:security-example-spi-extension:classes UP-TO-DATE
> Task :libs:entitlement:qa:entitled-plugin:classes UP-TO-DATE
> Task :x-pack:plugin:deprecation:qa:early-deprecation-plugin:generateTestBuildInfo UP-TO-DATE
> Task :x-pack:qa:security-example-spi-extension:collectTransportVersionReferences UP-TO-DATE
> Task :x-pack:plugin:deprecation:qa:deprecation-plugin:compileJava UP-TO-DATE
> Task :x-pack:plugin:deprecation:qa:deprecation-plugin:pluginProperties UP-TO-DATE
> Task :libs:entitlement:qa:entitled-plugin:collectTransportVersionReferences UP-TO-DATE
> Task :x-pack:plugin:deprecation:qa:common:processResources NO-SOURCE
> Task :x-pack:plugin:deprecation:qa:early-deprecation-plugin:pluginProperties UP-TO-DATE
> Task :x-pack:plugin:deprecation:qa:common:classes UP-TO-DATE
> Task :x-pack:plugin:deprecation:qa:early-deprecation-plugin:processResources UP-TO-DATE
> Task :x-pack:plugin:deprecation:qa:early-deprecation-plugin:classes UP-TO-DATE
> Task :libs:entitlement:qa:entitlement-test-plugin:generateTestBuildInfo UP-TO-DATE
> Task :x-pack:plugin:encryption:qa:encryption-spi-extension:compileJava UP-TO-DATE
> Task :x-pack:plugin:deprecation:qa:common:jar UP-TO-DATE
> Task :x-pack:plugin:security:qa:operator-privileges-tests:compileJava UP-TO-DATE
> Task :x-pack:extras:plugins:microsoft-graph-authz:compileJava UP-TO-DATE
> Task :x-pack:plugin:deprecation:qa:early-deprecation-plugin:collectTransportVersionReferences UP-TO-DATE
> Task :x-pack:plugin:encryption:qa:encryption-spi-extension:generateTestBuildInfo UP-TO-DATE
> Task :x-pack:plugin:encryption:qa:encryption-spi-extension:pluginProperties UP-TO-DATE
> Task :libs:entitlement:qa:entitlement-test-plugin:pluginProperties UP-TO-DATE
> Task :x-pack:plugin:deprecation:qa:deprecation-plugin:generateTestBuildInfo UP-TO-DATE
> Task :libs:entitlement:qa:entitlement-test-plugin:processResources UP-TO-DATE
> Task :libs:entitlement:qa:entitlement-test-plugin:classes UP-TO-DATE
> Task :x-pack:plugin:security:qa:operator-privileges-tests:generateTestBuildInfo UP-TO-DATE
> Task :x-pack:plugin:deprecation:qa:deprecation-plugin:processResources UP-TO-DATE
> Task :x-pack:plugin:encryption:qa:encryption-spi-extension:processResources UP-TO-DATE
> Task :x-pack:plugin:encryption:qa:encryption-spi-extension:classes UP-TO-DATE
> Task :x-pack:plugin:deprecation:qa:deprecation-plugin:classes UP-TO-DATE
> Task :libs:entitlement:qa:entitlement-test-plugin:collectTransportVersionReferences UP-TO-DATE
> Task :x-pack:plugin:security:qa:operator-privileges-tests:pluginProperties UP-TO-DATE
> Task :x-pack:plugin:encryption:qa:encryption-spi-extension:collectTransportVersionReferences UP-TO-DATE
> Task :x-pack:plugin:security:qa:operator-privileges-tests:processResources UP-TO-DATE
> Task :x-pack:plugin:security:qa:operator-privileges-tests:classes UP-TO-DATE
> Task :x-pack:plugin:security:qa:operator-privileges-tests:collectTransportVersionReferences UP-TO-DATE
> Task :x-pack:plugin:deprecation:qa:deprecation-plugin:collectTransportVersionReferences UP-TO-DATE
> Task :x-pack:plugin:security:qa:security-basic:compileJava UP-TO-DATE
> Task :x-pack:plugin:security:qa:ssl-extension:compileJava UP-TO-DATE
> Task :x-pack:plugin:security:qa:rcs-extension:compileJava UP-TO-DATE
> Task :x-pack:plugin:security:qa:secondary-auth-actions:compileJava UP-TO-DATE
> Task :x-pack:plugin:security:qa:ssl-extension:generateTestBuildInfo UP-TO-DATE
> Task :x-pack:plugin:security:qa:ssl-extension:pluginProperties UP-TO-DATE
> Task :x-pack:extras:plugins:microsoft-graph-authz:generateTestBuildInfo UP-TO-DATE
> Task :x-pack:plugin:security:qa:ssl-extension:processResources UP-TO-DATE
> Task :x-pack:extras:plugins:microsoft-graph-authz:pluginProperties UP-TO-DATE
> Task :x-pack:plugin:inference:qa:test-service-plugin:compileJava UP-TO-DATE
> Task :x-pack:plugin:security:qa:ssl-extension:classes UP-TO-DATE
> Task :x-pack:extras:plugins:microsoft-graph-authz:processResources UP-TO-DATE
> Task :x-pack:extras:plugins:microsoft-graph-authz:classes UP-TO-DATE
> Task :x-pack:plugin:security:qa:ssl-extension:collectTransportVersionReferences UP-TO-DATE
> Task :x-pack:extras:plugins:microsoft-graph-authz:collectTransportVersionReferences UP-TO-DATE
> Task :x-pack:plugin:security:qa:secondary-auth-actions:generateTestBuildInfo UP-TO-DATE
> Task :x-pack:plugin:security:qa:security-basic:generateTestBuildInfo UP-TO-DATE
> Task :x-pack:plugin:security:qa:rcs-extension:generateTestBuildInfo UP-TO-DATE
> Task :x-pack:plugin:security:qa:security-basic:pluginProperties UP-TO-DATE
> Task :x-pack:plugin:security:qa:secondary-auth-actions:pluginProperties UP-TO-DATE
> Task :x-pack:plugin:security:qa:rcs-extension:pluginProperties UP-TO-DATE
> Task :x-pack:plugin:security:qa:security-basic:processResources UP-TO-DATE
> Task :x-pack:plugin:security:qa:secondary-auth-actions:processResources UP-TO-DATE
> Task :x-pack:plugin:security:qa:secondary-auth-actions:classes UP-TO-DATE
> Task :x-pack:plugin:security:qa:rcs-extension:processResources UP-TO-DATE
> Task :x-pack:plugin:security:qa:security-basic:classes UP-TO-DATE
> Task :x-pack:plugin:inference:qa:test-service-plugin:generateTestBuildInfo UP-TO-DATE
> Task :x-pack:plugin:security:qa:security-basic:collectTransportVersionReferences UP-TO-DATE
> Task :x-pack:plugin:security:qa:rcs-extension:classes UP-TO-DATE
> Task :x-pack:plugin:inference:qa:test-service-plugin:pluginProperties UP-TO-DATE
> Task :x-pack:plugin:security:qa:rcs-extension:collectTransportVersionReferences UP-TO-DATE
> Task :x-pack:plugin:inference:qa:test-service-plugin:processResources UP-TO-DATE
> Task :x-pack:plugin:security:qa:secondary-auth-actions:collectTransportVersionReferences UP-TO-DATE
> Task :x-pack:plugin:inference:qa:test-service-plugin:classes UP-TO-DATE
> Task :x-pack:plugin:inference:qa:test-service-plugin:collectTransportVersionReferences UP-TO-DATE

> Task :x-pack:plugin:esql:compute:compileJava

> Task :x-pack:plugin:esql:compute:classes
> Task :x-pack:plugin:esql:compute:jar
> Task :x-pack:plugin:esql:compute:collectTransportVersionReferences

> Task :x-pack:plugin:esql:compileJava

> Task :x-pack:plugin:esql:generateTestBuildInfo
> Task :x-pack:plugin:esql:pluginProperties UP-TO-DATE
> Task :x-pack:plugin:esql:processResources UP-TO-DATE
> Task :x-pack:plugin:esql:classes
> Task :x-pack:plugin:esql-datasource-compression-libs:compileJava
> Task :x-pack:plugin:esql-datasource-gcs:compileJava
> Task :x-pack:plugin:esql-datasource-azure:compileJava
> Task :x-pack:plugin:esql-datasource-bzip2:compileJava
> Task :x-pack:plugin:esql-datasource-brotli:compileJava

> Task :x-pack:plugin:esql-datasource-grpc:compileJava

> Task :x-pack:plugin:esql-datasource-csv:compileJava
> Task :x-pack:plugin:esql:collectTransportVersionReferences
> Task :x-pack:plugin:esql-datasource-brotli:generateTestBuildInfo UP-TO-DATE
> Task :x-pack:plugin:esql-datasource-bzip2:generateTestBuildInfo UP-TO-DATE
> Task :x-pack:plugin:esql-datasource-gcs:generateTestBuildInfo UP-TO-DATE
> Task :x-pack:plugin:esql-datasource-grpc:generateTestBuildInfo UP-TO-DATE
> Task :x-pack:plugin:esql-datasource-csv:generateTestBuildInfo UP-TO-DATE
> Task :x-pack:plugin:esql-datasource-brotli:pluginProperties UP-TO-DATE
> Task :x-pack:plugin:esql-datasource-bzip2:pluginProperties UP-TO-DATE
> Task :x-pack:plugin:esql-datasource-azure:generateTestBuildInfo UP-TO-DATE
> Task :x-pack:plugin:esql-datasource-csv:pluginProperties UP-TO-DATE
> Task :x-pack:plugin:esql-datasource-brotli:processResources UP-TO-DATE
> Task :x-pack:plugin:esql-datasource-azure:pluginProperties UP-TO-DATE
> Task :x-pack:plugin:esql-datasource-brotli:classes
> Task :x-pack:plugin:esql-datasource-csv:processResources UP-TO-DATE
> Task :x-pack:plugin:esql-datasource-gcs:pluginProperties UP-TO-DATE
> Task :x-pack:plugin:esql-datasource-azure:processResources UP-TO-DATE
> Task :x-pack:plugin:esql-datasource-csv:classes
> Task :x-pack:plugin:esql-datasource-brotli:collectTransportVersionReferences UP-TO-DATE
> Task :x-pack:plugin:esql-datasource-gcs:processResources UP-TO-DATE
> Task :x-pack:plugin:esql-datasource-gcs:classes
> Task :x-pack:plugin:esql-datasource-bzip2:processResources UP-TO-DATE
> Task :x-pack:plugin:esql-datasource-grpc:pluginProperties UP-TO-DATE
> Task :x-pack:plugin:esql-datasource-compression-libs:generateTestBuildInfo UP-TO-DATE
> Task :x-pack:plugin:esql-datasource-gcs:collectTransportVersionReferences UP-TO-DATE
> Task :x-pack:plugin:esql-datasource-grpc:processResources UP-TO-DATE
> Task :x-pack:plugin:esql-datasource-compression-libs:pluginProperties UP-TO-DATE
> Task :x-pack:plugin:esql-datasource-grpc:classes
> Task :x-pack:plugin:esql-datasource-bzip2:classes
> Task :x-pack:plugin:esql-datasource-csv:collectTransportVersionReferences UP-TO-DATE
> Task :x-pack:plugin:esql-datasource-bzip2:collectTransportVersionReferences UP-TO-DATE
> Task :x-pack:plugin:esql-datasource-grpc:collectTransportVersionReferences UP-TO-DATE
> Task :x-pack:plugin:esql-datasource-azure:classes
> Task :x-pack:plugin:esql-datasource-compression-libs:processResources UP-TO-DATE
> Task :x-pack:plugin:esql-datasource-azure:collectTransportVersionReferences UP-TO-DATE
> Task :x-pack:plugin:esql-datasource-compression-libs:classes
> Task :x-pack:plugin:esql-datasource-compression-libs:collectTransportVersionReferences UP-TO-DATE
> Task :x-pack:plugin:esql-datasource-gzip:compileJava
> Task :x-pack:plugin:esql-datasource-gzip:generateTestBuildInfo UP-TO-DATE
> Task :x-pack:plugin:esql-datasource-gzip:pluginProperties UP-TO-DATE
> Task :x-pack:plugin:esql-datasource-gzip:processResources UP-TO-DATE
> Task :x-pack:plugin:esql-datasource-gzip:classes
> Task :x-pack:plugin:esql-datasource-gzip:collectTransportVersionReferences UP-TO-DATE
> Task :x-pack:plugin:esql-datasource-lz4:compileJava
> Task :x-pack:plugin:esql-datasource-lz4:generateTestBuildInfo UP-TO-DATE
> Task :x-pack:plugin:esql-datasource-lz4:pluginProperties UP-TO-DATE
> Task :x-pack:plugin:esql-datasource-lz4:processResources UP-TO-DATE
> Task :x-pack:plugin:esql-datasource-lz4:classes
> Task :x-pack:plugin:esql-datasource-lz4:collectTransportVersionReferences UP-TO-DATE
> Task :x-pack:plugin:esql-datasource-s3:compileJava
> Task :x-pack:plugin:esql-datasource-s3:generateTestBuildInfo UP-TO-DATE
> Task :x-pack:plugin:esql-datasource-s3:pluginProperties UP-TO-DATE
> Task :x-pack:plugin:esql-datasource-http:compileJava
> Task :x-pack:plugin:esql-datasource-s3:processResources UP-TO-DATE
> Task :x-pack:plugin:esql-datasource-s3:classes
> Task :x-pack:plugin:esql-datasource-s3:collectTransportVersionReferences UP-TO-DATE
> Task :x-pack:plugin:esql-datasource-http:generateTestBuildInfo UP-TO-DATE
> Task :x-pack:plugin:prometheus:extractIncludeProto UP-TO-DATE
> Task :x-pack:plugin:esql-datasource-http:pluginProperties UP-TO-DATE
> Task :x-pack:plugin:esql-datasource-http:processResources UP-TO-DATE
> Task :x-pack:plugin:esql-datasource-http:classes
> Task :x-pack:plugin:esql-datasource-http:collectTransportVersionReferences UP-TO-DATE
> Task :x-pack:plugin:prometheus:generateProto UP-TO-DATE

> Task :x-pack:plugin:esql-datasource-ndjson:compileJava

> Task :x-pack:plugin:esql-datasource-ndjson:generateTestBuildInfo
> Task :x-pack:plugin:esql-datasource-ndjson:pluginProperties UP-TO-DATE
> Task :x-pack:plugin:esql-datasource-ndjson:processResources UP-TO-DATE
> Task :x-pack:plugin:esql-datasource-ndjson:classes
> Task :x-pack:plugin:esql-datasource-ndjson:collectTransportVersionReferences

> Task :x-pack:plugin:esql-datasource-iceberg:compileJava

> Task :x-pack:plugin:esql-datasource-iceberg:generateTestBuildInfo UP-TO-DATE
> Task :x-pack:plugin:esql-datasource-iceberg:pluginProperties UP-TO-DATE
> Task :x-pack:plugin:esql-datasource-iceberg:processResources UP-TO-DATE
> Task :x-pack:plugin:esql-datasource-iceberg:classes
> Task :x-pack:plugin:esql-datasource-iceberg:collectTransportVersionReferences UP-TO-DATE
> Task :x-pack:plugin:esql-datasource-snappy:compileJava
> Task :x-pack:plugin:esql-datasource-snappy:generateTestBuildInfo UP-TO-DATE
> Task :x-pack:plugin:esql-datasource-snappy:pluginProperties UP-TO-DATE
> Task :x-pack:plugin:esql-datasource-snappy:processResources UP-TO-DATE
> Task :x-pack:plugin:esql-datasource-snappy:classes
> Task :x-pack:plugin:esql-datasource-snappy:collectTransportVersionReferences UP-TO-DATE

> Task :x-pack:plugin:esql-datasource-orc:compileJava

> Task :x-pack:plugin:esql-datasource-zstd:compileJava
> Task :x-pack:plugin:esql-datasource-orc:generateTestBuildInfo UP-TO-DATE
> Task :x-pack:plugin:esql-datasource-zstd:generateTestBuildInfo UP-TO-DATE
> Task :x-pack:plugin:esql-datasource-zstd:pluginProperties UP-TO-DATE
> Task :x-pack:plugin:esql-datasource-orc:pluginProperties UP-TO-DATE
> Task :x-pack:plugin:esql-datasource-zstd:processResources UP-TO-DATE
> Task :x-pack:plugin:esql-datasource-orc:processResources UP-TO-DATE
> Task :x-pack:plugin:esql-datasource-zstd:classes
> Task :x-pack:plugin:esql-datasource-orc:classes
> Task :x-pack:plugin:esql-datasource-zstd:collectTransportVersionReferences UP-TO-DATE
> Task :x-pack:plugin:esql-datasource-orc:collectTransportVersionReferences UP-TO-DATE
> Task :x-pack:plugin:esql:function:math:compileJava
> Task :x-pack:plugin:esql:function:math:generateTestBuildInfo UP-TO-DATE
> Task :x-pack:plugin:esql:function:math:pluginProperties UP-TO-DATE
> Task :x-pack:plugin:esql:function:math:processResources UP-TO-DATE
> Task :x-pack:plugin:esql:function:math:classes
> Task :x-pack:plugin:esql:function:math:collectTransportVersionReferences UP-TO-DATE

> Task :x-pack:plugin:esql-datasource-parquet:compileJava

> Task :x-pack:plugin:esql-datasource-parquet:generateTestBuildInfo UP-TO-DATE
> Task :x-pack:plugin:esql-datasource-parquet:pluginProperties UP-TO-DATE
> Task :x-pack:plugin:esql-datasource-parquet:processResources UP-TO-DATE
> Task :x-pack:plugin:esql-datasource-parquet:classes
> Task :x-pack:plugin:esql-datasource-parquet:collectTransportVersionReferences UP-TO-DATE

> Task :x-pack:plugin:prometheus:compileJava

> Task :x-pack:plugin:prometheus:generateTestBuildInfo UP-TO-DATE
> Task :x-pack:plugin:prometheus:pluginProperties UP-TO-DATE
> Task :x-pack:plugin:prometheus:processResources UP-TO-DATE
> Task :x-pack:plugin:prometheus:classes
> Task :x-pack:plugin:prometheus:collectTransportVersionReferences UP-TO-DATE
> Task :server:validateTransportVersionResources
> Task :server:precommit

[Incubating] Problems report is available at: file:///home/tonyredondo/repos/github/tonyredondo/buildopt/.tools/state/buildopt-product-viability-v1/bo-06-qualified-measurement-2026-09-15/profiles/control/run/r1/N/repo/build/reports/problems/problems-report.html

BUILD SUCCESSFUL in 28s
1045 actionable tasks: 29 executed, 1016 up-to-date
The build is running offline. A build scan will not be published at this time, but it can be published if you run the 'buildScanPublishPrevious' task in the next build.
